Archive member included because of file (symbol)

libbb/lib.a(appletlib.o)      /home/media/data/hudson_build/32bitProduct_SN98600_1.20_P2P_QIWO/ST58600_SRC/toolchain/crosstool-4.5.2/bin/../arm-unknown-linux-uclibcgnueabi/sysroot/usr/lib/crt1.o (main)
libbb/lib.a(bb_basename.o)    libbb/lib.a(appletlib.o) (bb_basename)
libbb/lib.a(bb_strtonum.o)    libbb/lib.a(appletlib.o) (bb_strtoul)
libbb/lib.a(concat_path_file.o)
                              libbb/lib.a(appletlib.o) (concat_path_file)
libbb/lib.a(default_error_retval.o)
                              libbb/lib.a(appletlib.o) (xfunc_error_retval)
libbb/lib.a(get_last_path_component.o)
                              libbb/lib.a(appletlib.o) (bb_get_last_path_component_nostrip)
libbb/lib.a(last_char_is.o)   libbb/lib.a(concat_path_file.o) (last_char_is)
libbb/lib.a(messages.o)       libbb/lib.a(appletlib.o) (bb_banner)
libbb/lib.a(perror_msg.o)     libbb/lib.a(appletlib.o) (bb_perror_msg_and_die)
libbb/lib.a(ptr_to_globals.o)
                              libbb/lib.a(appletlib.o) (bb_errno)
libbb/lib.a(skip_whitespace.o)
                              libbb/lib.a(appletlib.o) (skip_whitespace)
libbb/lib.a(verror_msg.o)     libbb/lib.a(perror_msg.o) (bb_verror_msg)
libbb/lib.a(wfopen.o)         libbb/lib.a(appletlib.o) (fopen_for_read)
libbb/lib.a(xfunc_die.o)      libbb/lib.a(appletlib.o) (xfunc_die)
libbb/lib.a(xfuncs.o)         libbb/lib.a(appletlib.o) (full_write2_str)
libbb/lib.a(xfuncs_printf.o)  libbb/lib.a(appletlib.o) (xmalloc)
libbb/lib.a(xreadlink.o)      libbb/lib.a(appletlib.o) (xmalloc_readlink)
libbb/lib.a(copyfd.o)         libbb/lib.a(xfuncs_printf.o) (bb_copyfd_eof)
libbb/lib.a(full_write.o)     libbb/lib.a(verror_msg.o) (full_write)
libbb/lib.a(read.o)           libbb/lib.a(copyfd.o) (safe_read)
libbb/lib.a(safe_write.o)     libbb/lib.a(full_write.o) (safe_write)
libbb/lib.a(time.o)           libbb/lib.a(xfuncs_printf.o) (monotonic_us)
loginutils/lib.a(addgroup.o)  libbb/lib.a(appletlib.o) (addgroup_main)
loginutils/lib.a(adduser.o)   libbb/lib.a(appletlib.o) (adduser_main)
loginutils/lib.a(deluser.o)   libbb/lib.a(appletlib.o) (deluser_main)
loginutils/lib.a(getty.o)     libbb/lib.a(appletlib.o) (getty_main)
loginutils/lib.a(login.o)     libbb/lib.a(appletlib.o) (login_main)
loginutils/lib.a(passwd.o)    libbb/lib.a(appletlib.o) (passwd_main)
loginutils/lib.a(su.o)        libbb/lib.a(appletlib.o) (su_main)
loginutils/lib.a(sulogin.o)   libbb/lib.a(appletlib.o) (sulogin_main)
loginutils/lib.a(vlock.o)     libbb/lib.a(appletlib.o) (vlock_main)
miscutils/lib.a(crond.o)      libbb/lib.a(appletlib.o) (crond_main)
miscutils/lib.a(crontab.o)    libbb/lib.a(appletlib.o) (crontab_main)
miscutils/lib.a(dc.o)         libbb/lib.a(appletlib.o) (dc_main)
miscutils/lib.a(flash_eraseall.o)
                              libbb/lib.a(appletlib.o) (flash_eraseall_main)
miscutils/lib.a(mt.o)         libbb/lib.a(appletlib.o) (mt_main)
miscutils/lib.a(strings.o)    libbb/lib.a(appletlib.o) (strings_main)
miscutils/lib.a(time.o)       libbb/lib.a(appletlib.o) (time_main)
modutils/lib.a(modprobe-small.o)
                              libbb/lib.a(appletlib.o) (modprobe_main)
networking/lib.a(arping.o)    libbb/lib.a(appletlib.o) (arping_main)
networking/lib.a(dnsd.o)      libbb/lib.a(appletlib.o) (dnsd_main)
networking/lib.a(ftpgetput.o)
                              libbb/lib.a(appletlib.o) (ftpgetput_main)
networking/lib.a(hostname.o)  libbb/lib.a(appletlib.o) (hostname_main)
networking/lib.a(ifconfig.o)  libbb/lib.a(appletlib.o) (ifconfig_main)
networking/lib.a(ifupdown.o)  libbb/lib.a(appletlib.o) (ifupdown_main)
networking/lib.a(inetd.o)     libbb/lib.a(appletlib.o) (inetd_main)
networking/lib.a(interface.o)
                              networking/lib.a(ifconfig.o) (in_ib)
networking/lib.a(netstat.o)   libbb/lib.a(appletlib.o) (netstat_main)
networking/lib.a(nslookup.o)  libbb/lib.a(appletlib.o) (nslookup_main)
networking/lib.a(ntpd.o)      libbb/lib.a(appletlib.o) (ntpd_main)
networking/lib.a(ping.o)      libbb/lib.a(appletlib.o) (ping_main)
networking/lib.a(route.o)     networking/lib.a(netstat.o) (bb_displayroutes)
networking/lib.a(telnet.o)    libbb/lib.a(appletlib.o) (telnet_main)
networking/lib.a(telnetd.o)   libbb/lib.a(appletlib.o) (telnetd_main)
networking/lib.a(wget.o)      libbb/lib.a(appletlib.o) (wget_main)
networking/udhcp/lib.a(dhcpc.o)
                              libbb/lib.a(appletlib.o) (udhcpc_main)
networking/udhcp/lib.a(dhcpd.o)
                              libbb/lib.a(appletlib.o) (udhcpd_main)
networking/udhcp/lib.a(dhcprelay.o)
                              libbb/lib.a(appletlib.o) (dhcprelay_main)
networking/udhcp/lib.a(domain_codec.o)
                              networking/udhcp/lib.a(dhcpc.o) (dname_dec)
networking/udhcp/lib.a(dumpleases.o)
                              libbb/lib.a(appletlib.o) (dumpleases_main)
networking/udhcp/lib.a(files.o)
                              networking/udhcp/lib.a(dhcpd.o) (read_config)
[...]
Memory Configuration

Name             Origin             Length             Attributes
*default*        0x00000000         0xffffffff

Linker script and memory map

LOAD /home/media/data/hudson_build/32bitProduct_SN98600_1.20_P2P_QIWO/ST58600_SRC/toolchain/crosstool-4.5.2/bin/../arm-unknown-linux-uclibcgnueabi/sysroot/usr/lib/crt1.o
LOAD /home/media/data/hudson_build/32bitProduct_SN98600_1.20_P2P_QIWO/ST58600_SRC/toolchain/crosstool-4.5.2/bin/../arm-unknown-linux-uclibcgnueabi/sysroot/usr/lib/crti.o
LOAD /home/media/data/hudson_build/32bitProduct_SN98600_1.20_P2P_QIWO/ST58600_SRC/toolchain/crosstool-4.5.2/bin/../lib/gcc/arm-unknown-linux-uclibcgnueabi/4.5.2/crtbegin.o
START GROUP
LOAD applets/built-in.o
LOAD archival/lib.a
LOAD archival/libarchive/lib.a
LOAD console-tools/lib.a
LOAD coreutils/lib.a
LOAD coreutils/libcoreutils/lib.a
LOAD debianutils/lib.a
LOAD e2fsprogs/lib.a
LOAD editors/lib.a
LOAD findutils/lib.a
LOAD init/lib.a
LOAD libbb/lib.a
LOAD libpwdgrp/lib.a
LOAD loginutils/lib.a
LOAD mailutils/lib.a
LOAD miscutils/lib.a
LOAD modutils/lib.a
LOAD networking/lib.a
LOAD networking/libiproute/lib.a
LOAD networking/udhcp/lib.a
LOAD printutils/lib.a
LOAD procps/lib.a
LOAD runit/lib.a
LOAD selinux/lib.a
LOAD shell/lib.a
LOAD sysklogd/lib.a
LOAD util-linux/lib.a
LOAD util-linux/volume_id/lib.a
LOAD archival/built-in.o
LOAD archival/libarchive/built-in.o
LOAD console-tools/built-in.o
LOAD coreutils/built-in.o
LOAD coreutils/libcoreutils/built-in.o
LOAD debianutils/built-in.o
LOAD e2fsprogs/built-in.o
LOAD editors/built-in.o
LOAD findutils/built-in.o
LOAD init/built-in.o
LOAD libbb/built-in.o
LOAD libpwdgrp/built-in.o
LOAD loginutils/built-in.o
LOAD mailutils/built-in.o
LOAD miscutils/built-in.o
LOAD modutils/built-in.o
LOAD networking/built-in.o
LOAD networking/libiproute/built-in.o
LOAD networking/udhcp/built-in.o
LOAD printutils/built-in.o
LOAD procps/built-in.o
LOAD runit/built-in.o
LOAD selinux/built-in.o
LOAD shell/built-in.o
LOAD sysklogd/built-in.o
LOAD util-linux/built-in.o
LOAD util-linux/volume_id/built-in.o
END GROUP
START GROUP
LOAD /home/media/data/hudson_build/32bitProduct_SN98600_1.20_P2P_QIWO/ST58600_SRC/toolchain/crosstool-4.5.2/bin/../arm-unknown-linux-uclibcgnueabi/sysroot/usr/lib/libm.so
END GROUP
LOAD /home/media/data/hudson_build/32bitProduct_SN98600_1.20_P2P_QIWO/ST58600_SRC/toolchain/crosstool-4.5.2/bin/../lib/gcc/arm-unknown-linux-uclibcgnueabi/4.5.2/libgcc.a
LOAD /home/media/data/hudson_build/32bitProduct_SN98600_1.20_P2P_QIWO/ST58600_SRC/toolchain/crosstool-4.5.2/bin/../lib/gcc/arm-unknown-linux-uclibcgnueabi/4.5.2/libgcc_eh.a
LOAD /home/media/data/hudson_build/32bitProduct_SN98600_1.20_P2P_QIWO/ST58600_SRC/toolchain/crosstool-4.5.2/bin/../arm-unknown-linux-uclibcgnueabi/sysroot/usr/lib/libc.so
START GROUP
LOAD /home/media/data/hudson_build/32bitProduct_SN98600_1.20_P2P_QIWO/ST58600_SRC/toolchain/crosstool-4.5.2/bin/../arm-unknown-linux-uclibcgnueabi/sysroot/lib/libc.so.0
LOAD /home/media/data/hudson_build/32bitProduct_SN98600_1.20_P2P_QIWO/ST58600_SRC/toolchain/crosstool-4.5.2/bin/../arm-unknown-linux-uclibcgnueabi/sysroot/usr/lib/uclibc_nonshared.a
LOAD /home/media/data/hudson_build/32bitProduct_SN98600_1.20_P2P_QIWO/ST58600_SRC/toolchain/crosstool-4.5.2/bin/../arm-unknown-linux-uclibcgnueabi/sysroot/lib/ld-uClibc.so.0
END GROUP
LOAD /home/media/data/hudson_build/32bitProduct_SN98600_1.20_P2P_QIWO/ST58600_SRC/toolchain/crosstool-4.5.2/bin/../lib/gcc/arm-unknown-linux-uclibcgnueabi/4.5.2/libgcc.a
LOAD /home/media/data/hudson_build/32bitProduct_SN98600_1.20_P2P_QIWO/ST58600_SRC/toolchain/crosstool-4.5.2/bin/../lib/gcc/arm-unknown-linux-uclibcgnueabi/4.5.2/libgcc_eh.a
LOAD /home/media/data/hudson_build/32bitProduct_SN98600_1.20_P2P_QIWO/ST58600_SRC/toolchain/crosstool-4.5.2/bin/../lib/gcc/arm-unknown-linux-uclibcgnueabi/4.5.2/crtend.o
LOAD /home/media/data/hudson_build/32bitProduct_SN98600_1.20_P2P_QIWO/ST58600_SRC/toolchain/crosstool-4.5.2/bin/../arm-unknown-linux-uclibcgnueabi/sysroot/usr/lib/crtn.o
                0x00008000                PROVIDE (__executable_start, 0x8000)
                0x00008114                . = (0x8000 + SIZEOF_HEADERS)

.interp         0x00008114       0x14
 *(SORT(.interp))
 .interp        0x00008114       0x14 /home/media/data/hudson_build/32bitProduct_SN98600_1.20_P2P_QIWO/ST58600_SRC/toolchain/crosstool-4.5.2/bin/../arm-unknown-linux-uclibcgnueabi/sysroot/usr/lib/crt1.o

.note.gnu.build-id
 *(SORT(.note.gnu.build-id))

.hash           0x00008128      0x990
 *(SORT(.hash))
 .hash          0x00008128      0x990 /home/media/data/hudson_build/32bitProduct_SN98600_1.20_P2P_QIWO/ST58600_SRC/toolchain/crosstool-4.5.2/bin/../arm-unknown-linux-uclibcgnueabi/sysroot/usr/lib/crt1.o

.gnu.hash
 *(SORT(.gnu.hash))

.dynsym         0x00008ab8     0x15b0
 *(SORT(.dynsym))
 .dynsym        0x00008ab8     0x15b0 /home/media/data/hudson_build/32bitProduct_SN98600_1.20_P2P_QIWO/ST58600_SRC/toolchain/crosstool-4.5.2/bin/../arm-unknown-linux-uclibcgnueabi/sysroot/usr/lib/crt1.o

.dynstr         0x0000a068      0xb4a
 *(SORT(.dynstr))
 .dynstr        0x0000a068      0xb4a /home/media/data/hudson_build/32bitProduct_SN98600_1.20_P2P_QIWO/ST58600_SRC/toolchain/crosstool-4.5.2/bin/../arm-unknown-linux-uclibcgnueabi/sysroot/usr/lib/crt1.o

.gnu.version    0x0000abb2        0x0
 *(SORT(.gnu.version))
 .gnu.version   0x00000000        0x0 /home/media/data/hudson_build/32bitProduct_SN98600_1.20_P2P_QIWO/ST58600_SRC/toolchain/crosstool-4.5.2/bin/../arm-unknown-linux-uclibcgnueabi/sysroot/usr/lib/crt1.o

.gnu.version_d  0x0000abb4        0x0
 *(SORT(.gnu.version_d))
 .gnu.version_d
                0x00000000        0x0 /home/media/data/hudson_build/32bitProduct_SN98600_1.20_P2P_QIWO/ST58600_SRC/toolchain/crosstool-4.5.2/bin/../arm-unknown-linux-uclibcgnueabi/sysroot/usr/lib/crt1.o

.gnu.version_r  0x0000abb4        0x0
 *(SORT(.gnu.version_r))
 .gnu.version_r
                0x00000000        0x0 /home/media/data/hudson_build/32bitProduct_SN98600_1.20_P2P_QIWO/ST58600_SRC/toolchain/crosstool-4.5.2/bin/../arm-unknown-linux-uclibcgnueabi/sysroot/usr/lib/crt1.o

.rel.dyn        0x0000abb4       0x58
 *(SORT(.rel.init))
 *(SORT(.rel.text) SORT(.rel.text.*) SORT(.rel.gnu.linkonce.t.*))
 *(SORT(.rel.fini))
 *(SORT(.rel.rodata) SORT(.rel.rodata.*) SORT(.rel.gnu.linkonce.r.*))
 *(SORT(.rel.data.rel.ro*) SORT(.rel.gnu.linkonce.d.rel.ro.*))
 *(SORT(.rel.data) SORT(.rel.data.*) SORT(.rel.gnu.linkonce.d.*))
 *(SORT(.rel.tdata) SORT(.rel.tdata.*) SORT(.rel.gnu.linkonce.td.*))
 *(SORT(.rel.tbss) SORT(.rel.tbss.*) SORT(.rel.gnu.linkonce.tb.*))
 *(SORT(.rel.ctors))
 *(SORT(.rel.dtors))
 *(SORT(.rel.got))
 .rel.got       0x0000abb4       0x10 /home/media/data/hudson_build/32bitProduct_SN98600_1.20_P2P_QIWO/ST58600_SRC/toolchain/crosstool-4.5.2/bin/../arm-unknown-linux-uclibcgnueabi/sysroot/usr/lib/crt1.o
 *(SORT(.rel.bss) SORT(.rel.bss.*) SORT(.rel.gnu.linkonce.b.*))
 .rel.bss       0x0000abc4       0x48 /home/media/data/hudson_build/32bitProduct_SN98600_1.20_P2P_QIWO/ST58600_SRC/toolchain/crosstool-4.5.2/bin/../arm-unknown-linux-uclibcgnueabi/sysroot/usr/lib/crt1.o
                0x0000ac0c                PROVIDE (__rel_iplt_start, .)
 *(SORT(.rel.iplt))
 .rel.iplt      0x00000000        0x0 /home/media/data/hudson_build/32bitProduct_SN98600_1.20_P2P_QIWO/ST58600_SRC/toolchain/crosstool-4.5.2/bin/../arm-unknown-linux-uclibcgnueabi/sysroot/usr/lib/crt1.o
                0x0000ac0c                PROVIDE (__rel_iplt_end, .)
                0x0000ac0c                PROVIDE (__rela_iplt_start, .)
                0x0000ac0c                PROVIDE (__rela_iplt_end, .)

.rela.dyn       0x0000ac0c        0x0
 *(SORT(.rela.init))
 *(SORT(.rela.text) SORT(.rela.text.*) SORT(.rela.gnu.linkonce.t.*))
 *(SORT(.rela.fini))
 *(SORT(.rela.rodata) SORT(.rela.rodata.*) SORT(.rela.gnu.linkonce.r.*))
 *(SORT(.rela.data) SORT(.rela.data.*) SORT(.rela.gnu.linkonce.d.*))
 *(SORT(.rela.tdata) SORT(.rela.tdata.*) SORT(.rela.gnu.linkonce.td.*))
 *(SORT(.rela.tbss) SORT(.rela.tbss.*) SORT(.rela.gnu.linkonce.tb.*))
 *(SORT(.rela.ctors))
 *(SORT(.rela.dtors))
 *(SORT(.rela.got))
 *(SORT(.rela.bss) SORT(.rela.bss.*) SORT(.rela.gnu.linkonce.b.*))
                0x0000ac0c                PROVIDE (__rel_iplt_start, .)
                0x0000ac0c                PROVIDE (__rel_iplt_end, .)
                0x0000ac0c                PROVIDE (__rela_iplt_start, .)
 *(SORT(.rela.iplt))
                0x0000ac0c                PROVIDE (__rela_iplt_end, .)

.rel.plt        0x0000ac0c      0xa30
 *(SORT(.rel.plt))
 .rel.plt       0x0000ac0c      0xa30 /home/media/data/hudson_build/32bitProduct_SN98600_1.20_P2P_QIWO/ST58600_SRC/toolchain/crosstool-4.5.2/bin/../arm-unknown-linux-uclibcgnueabi/sysroot/usr/lib/crt1.o

.rela.plt
 *(SORT(.rela.plt))

.init           0x0000b63c       0x10
 *(SORT(.init))
 .init          0x0000b63c        0xc /home/media/data/hudson_build/32bitProduct_SN98600_1.20_P2P_QIWO/ST58600_SRC/toolchain/crosstool-4.5.2/bin/../arm-unknown-linux-uclibcgnueabi/sysroot/usr/lib/crti.o
                0x0000b63c                _init
 .init          0x0000b648        0x4 /home/media/data/hudson_build/32bitProduct_SN98600_1.20_P2P_QIWO/ST58600_SRC/toolchain/crosstool-4.5.2/bin/../arm-unknown-linux-uclibcgnueabi/sysroot/usr/lib/crtn.o

.plt            0x0000b64c      0xf5c
 *(SORT(.plt))
 .plt           0x0000b64c      0xf5c /home/media/data/hudson_build/32bitProduct_SN98600_1.20_P2P_QIWO/ST58600_SRC/toolchain/crosstool-4.5.2/bin/../arm-unknown-linux-uclibcgnueabi/sysroot/usr/lib/crt1.o
                0x0000b660                longjmp
                0x0000b66c                putchar
                0x0000b678                chroot
                0x0000b684                strcpy
                0x0000b690                setrlimit64
                0x0000b69c                unsetenv
                0x0000b6a8                mkstemp64
                0x0000b6b4                waitpid
                0x0000b6c0                ioctl
                0x0000b6cc                strtok_r
                0x0000b6d8                getgid
                0x0000b6e4                sysconf
                0x0000b6f0                printf
                0x0000b6fc                vsprintf
                0x0000b708                random
                0x0000b714                getspnam_r
                0x0000b720                cfgetospeed
                0x0000b72c                recv
                0x0000b738                connect
                0x0000b744                ungetc
                0x0000b750                sigemptyset
                0x0000b75c                utimes
                0x0000b768                shmctl
                0x0000b774                strerror
                0x0000b780                memrchr
                0x0000b78c                geteuid
                0x0000b798                inet_pton
                0x0000b7a4                stat64
                0x0000b7b0                memmove
                0x0000b7bc                getopt_long
                0x0000b7c8                snprintf
                0x0000b7d4                pmap_set
                0x0000b7e0                mknod
                0x0000b7ec                ftello64
                0x0000b7f8                getgrgid
                0x0000b804                clnt_spcreateerror
                0x0000b810                times
                0x0000b81c                statfs64
                0x0000b828                authunix_create_default
                0x0000b834                getenv
                0x0000b840                fchmod
                0x0000b84c                getegid
                0x0000b858                setlinebuf
                0x0000b864                setpriority
                0x0000b870                getpriority
                0x0000b87c                bsearch
                0x0000b888                usleep
                0x0000b8a0                execve
                0x0000b8ac                getpagesize
                0x0000b8b8                getpid
                0x0000b8c4                qsort
                0x0000b8d0                fchown
                0x0000b8dc                fscanf
                0x0000b8e8                fgets
                0x0000b8f4                dirname
                0x0000b900                fcntl64
                0x0000b90c                getrlimit64
                0x0000b918                memcpy
                0x0000b924                pmap_getport
                0x0000b930                execl
                0x0000b93c                readlink
                0x0000b948                puts
                0x0000b954                dup2
                0x0000b960                tcflush
                0x0000b96c                execle
                0x0000b978                getuid
                0x0000b984                semctl
                0x0000b990                system
                0x0000b99c                feof
                0x0000b9a8                hasmntopt
                0x0000b9b4                malloc
                0x0000b9c0                isatty
                0x0000b9cc                cfgetispeed
                0x0000b9d8                siglongjmp
                0x0000b9e4                sleep
                0x0000b9f0                sysinfo
                0x0000b9fc                vsnprintf
                0x0000ba08                strtoll
                0x0000ba14                recvfrom
                0x0000ba20                xdr_bytes
                0x0000ba2c                strtoul
                0x0000ba38                getutent
                0x0000ba44                gethostbyaddr
                0x0000ba50                settimeofday
                0x0000ba5c                rmdir
                0x0000ba68                socket
                0x0000ba74                select
                0x0000ba80                init_module
                0x0000ba8c                lchown
                0x0000ba98                setgroups
                0x0000baa4                delete_module
                0x0000bab0                mempcpy
                0x0000babc                fflush
                0x0000bac8                realpath
                0x0000bad4                getrpcbyname
                0x0000bae0                putenv
                0x0000baec                sigaddset
                0x0000baf8                clearenv
                0x0000bb04                chown
                0x0000bb10                strncasecmp
                0x0000bb1c                setpgid
                0x0000bb28                freeaddrinfo
                0x0000bb34                abort
                0x0000bb40                gmtime_r
                0x0000bb4c                chmod
                0x0000bb58                getnameinfo
                0x0000bb64                fstat64
                0x0000bb70                alarm
                0x0000bb7c                strtol
                0x0000bb88                __sigsetjmp
                0x0000bb94                pipe
                0x0000bba0                getpgrp
                0x0000bbac                strnlen
                0x0000bbb8                uname
                0x0000bbc4                __aeabi_d2ulz
                0x0000bbd0                accept
                0x0000bbdc                cfsetispeed
                0x0000bbe8                rename
                0x0000bbf4                strrchr
                0x0000bc00                xdr_enum
                0x0000bc0c                strtod
                0x0000bc18                write
                0x0000bc24                atof
                0x0000bc30                fdatasync
                0x0000bc3c                fprintf
                0x0000bc48                kill
                0x0000bc54                ctime
                0x0000bc60                strcat
                0x0000bc6c                bind
                0x0000bc78                getmntent_r
                0x0000bc84                inet_addr
                0x0000bc90                vprintf
                0x0000bc9c                umount2
                0x0000bca8                mkfifo
                0x0000bcb4                if_nametoindex
                0x0000bccc                reboot
                0x0000bcd8                chdir
                0x0000bce4                initgroups
                0x0000bcf0                pmap_unset
                0x0000bcfc                endgrent
                0x0000bd08                setsockopt
                0x0000bd14                fseek
                0x0000bd20                wait3
                0x0000bd2c                cfsetospeed
                0x0000bd38                memchr
                0x0000bd44                swapoff
                0x0000bd50                wait
                0x0000bd5c                umask
                0x0000bd68                dprintf
                0x0000bd74                mktime
                0x0000bd80                strcasestr
                0x0000bd8c                ferror
                0x0000bd98                strstr
                0x0000bda4                rand
                0x0000bdb0                setgid
                0x0000bdbc                signal
                0x0000bdc8                read
                0x0000bdd4                endutent
                0x0000bde0                openlog
                0x0000bdec                sendmsg
                0x0000bdf8                clntudp_create
                0x0000be04                closelog
                0x0000be10                strncmp
                0x0000be1c                getusershell
                0x0000be28                sethostname
                0x0000be34                __cmsg_nxthdr
                0x0000be40                setpgrp
                0x0000be4c                pow
                0x0000be58                strncpy
                0x0000be64                unlink
                0x0000be70                sync
                0x0000be7c                setenv
                0x0000be88                freopen64
                0x0000be94                strcasecmp
                0x0000bea0                sendto
                0x0000beb8                realloc
                0x0000bec4                __cxa_atexit
                0x0000bed0                readdir64
                0x0000bedc                strtok
                0x0000bee8                sigfillset
                0x0000bef4                memcmp
                0x0000bf00                listen
                0x0000bf0c                xdr_opaque
                0x0000bf18                fdopen
                0x0000bf24                fork
                0x0000bf30                sscanf
                0x0000bf3c                execv
                0x0000bf48                setmntent
                0x0000bf54                lstat64
                0x0000bf60                strncat
                0x0000bf6c                setresuid
                0x0000bf78                execlp
                0x0000bf84                sigaction
                0x0000bf90                endmntent
                0x0000bf9c                __res_init
                0x0000bfa8                killpg
                0x0000bfb4                fread
                0x0000bfc0                ttyname_r
                0x0000bfcc                __uClibc_main
                0x0000bfd8                getlogin_r
                0x0000bfe4                strdup
                0x0000bff0                inet_aton
                0x0000bffc                strtoull
                0x0000c008                regcomp
                0x0000c014                symlink
                0x0000c020                gettimeofday
                0x0000c02c                getopt
                0x0000c038                localtime
                0x0000c044                memset
                0x0000c050                fnmatch
                0x0000c05c                cfmakeraw
                0x0000c068                srand
                0x0000c074                clearerr
                0x0000c080                mallopt
                0x0000c08c                fclose
                0x0000c098                open64
                0x0000c0a4                xdr_string
                0x0000c0b0                inet_ntoa
                0x0000c0bc                getppid
                0x0000c0c8                tcgetattr
                0x0000c0d4                getservbyport
                0x0000c0e0                regexec
                0x0000c0ec                time
                0x0000c0f8                opendir
                0x0000c104                getgroups
                0x0000c110                msgctl
                0x0000c11c                poll
                0x0000c128                getgrouplist
                0x0000c134                syslog
                0x0000c140                xdr_u_int
                0x0000c14c                getopt_long_only
                0x0000c158                getpwent_r
                0x0000c164                mount
                0x0000c170                strcmp
                0x0000c17c                pmap_getmaps
                0x0000c188                getpwuid
                0x0000c194                __h_errno_location
                0x0000c1a0                dup
                0x0000c1ac                swapon
                0x0000c1b8                __gnu_Unwind_Find_exidx
                0x0000c1c4                getcwd
                0x0000c1d0                __res_state
                0x0000c1dc                gethostbyname
                0x0000c1e8                strsignal
                0x0000c1f4                getpwnam
                0x0000c200                getservbyname
                0x0000c20c                fgetc
                0x0000c218                sprintf
                0x0000c224                ether_aton_r
                0x0000c230                clnttcp_create
                0x0000c23c                strcspn
                0x0000c248                getpeername
                0x0000c254                cfsetspeed
                0x0000c260                regerror
                0x0000c26c                umount
                0x0000c278                pututline
                0x0000c284                vfork
                0x0000c290                srandom
                0x0000c29c                strsep
                0x0000c2a8                fsync
                0x0000c2b4                fputc
                0x0000c2c0                clnt_sperror
                0x0000c2cc                hstrerror
                0x0000c2d8                localtime_r
                0x0000c2e4                getaddrinfo
                0x0000c2f0                setresgid
                0x0000c2fc                strftime
                0x0000c308                mkdtemp
                0x0000c314                getmntent
                0x0000c320                fwrite
                0x0000c32c                access
                0x0000c338                bindresvport
                0x0000c344                strptime
                0x0000c350                tcgetpgrp
                0x0000c35c                __errno_location
                0x0000c368                link
                0x0000c374                exit
                0x0000c380                ether_ntoa
                0x0000c38c                stime
                0x0000c398                klogctl
                0x0000c3a4                sigdelset
                0x0000c3b0                setbuf
                0x0000c3bc                inet_ntop
                0x0000c3c8                getgrnam
                0x0000c3d4                atoi
                0x0000c3e0                fileno
                0x0000c3ec                _setjmp
                0x0000c3f8                _exit
                0x0000c404                strspn
                0x0000c410                strlen
                0x0000c41c                lseek64
                0x0000c428                xdr_array
                0x0000c434                regfree
                0x0000c440                updwtmp
                0x0000c44c                div
                0x0000c458                strchr
                0x0000c464                setutent
                0x0000c470                fputs
                0x0000c47c                adjtimex
                0x0000c488                execvp
                0x0000c494                setsid
                0x0000c4a0                closedir
                0x0000c4ac                vasprintf
                0x0000c4b8                recvmsg
                0x0000c4c4                strchrnul
                0x0000c4d0                tzset
                0x0000c4dc                setuid
                0x0000c4e8                gethostid
                0x0000c4f4                fseeko64
                0x0000c500                tcsetattr
                0x0000c50c                mkdir
                0x0000c524                close
                0x0000c530                vfprintf
                0x0000c53c                strpbrk
                0x0000c548                tcsetpgrp
                0x0000c554                xdr_int
                0x0000c560                raise
                0x0000c56c                free
                0x0000c578                sigprocmask
                0x0000c584                getsockname
                0x0000c590                fopen64
                0x0000c59c                ftruncate64

.iplt           0x0000c5a8        0x0
 *(SORT(.iplt))
 .iplt          0x00000000        0x0 /home/media/data/hudson_build/32bitProduct_SN98600_1.20_P2P_QIWO/ST58600_SRC/toolchain/crosstool-4.5.2/bin/../arm-unknown-linux-uclibcgnueabi/sysroot/usr/lib/crt1.o

.text           0x0000c5a8    0x573e0
 *(SORT(.text.unlikely) SORT(.text.*_unlikely))
 *(SORT(.text.exit) SORT(.text.exit.*))
 *(SORT(.text.startup) SORT(.text.startup.*))
 *(SORT(.text.hot) SORT(.text.hot.*))
 *(SORT(.text) SORT(.stub) SORT(.text.*) SORT(.gnu.linkonce.t.*))
 .text          0x0000c5a8       0x3c /home/media/data/hudson_build/32bitProduct_SN98600_1.20_P2P_QIWO/ST58600_SRC/toolchain/crosstool-4.5.2/bin/../arm-unknown-linux-uclibcgnueabi/sysroot/usr/lib/crt1.o
                0x0000c5a8                _start
 .text          0x0000c5e4       0x98 /home/media/data/hudson_build/32bitProduct_SN98600_1.20_P2P_QIWO/ST58600_SRC/toolchain/crosstool-4.5.2/bin/../lib/gcc/arm-unknown-linux-uclibcgnueabi/4.5.2/crtbegin.o
 .text.get_trimmed_slice
                0x0000c67c       0x34 libbb/lib.a(appletlib.o)
 .text.applet_name_compare
                0x0000c6b0       0x28 libbb/lib.a(appletlib.o)
 .text.bb_show_usage
                0x0000c6d8        0x8 libbb/lib.a(appletlib.o)
                0x0000c6d8                bb_show_usage
 .text.find_applet_by_name
                0x0000c6e0       0x38 libbb/lib.a(appletlib.o)
                0x0000c6e0                find_applet_by_name
 .text.parse_config_file
                0x0000c718      0x3c0 libbb/lib.a(appletlib.o)
 .text.lbb_prepare
                0x0000cad8       0x28 libbb/lib.a(appletlib.o)
                0x0000cad8                lbb_prepare
 .text.run_applet_no_and_exit
                0x0000cb00      0x240 libbb/lib.a(appletlib.o)
                0x0000cb00                run_applet_no_and_exit
 .text.run_applet_and_exit
                0x0000cd40      0x36c libbb/lib.a(appletlib.o)
                0x0000cd40                run_applet_and_exit
 .text.main     0x0000d0ac       0x84 libbb/lib.a(appletlib.o)
                0x0000d0ac                main
 .text.bb_basename
                0x0000d130       0x20 libbb/lib.a(bb_basename.o)
                0x0000d130                bb_basename
 .text.ret_ERANGE
                0x0000d150       0x20 libbb/lib.a(bb_strtonum.o)
 .text.handle_errors
                0x0000d170       0x58 libbb/lib.a(bb_strtonum.o)
 .text.bb_strtoull
                0x0000d1c8       0x5c libbb/lib.a(bb_strtonum.o)
                0x0000d1c8                bb_strtoull
 .text.bb_strtoll
                0x0000d224       0x64 libbb/lib.a(bb_strtonum.o)
                0x0000d224                bb_strtoll
 .text.bb_strtoul
                0x0000d288       0x60 libbb/lib.a(bb_strtonum.o)
                0x0000d288                bb_strtoul
 .text.bb_strtol
                0x0000d2e8       0x68 libbb/lib.a(bb_strtonum.o)
                0x0000d2e8                bb_strtol
 .text.concat_path_file
                0x0000d350       0x60 libbb/lib.a(concat_path_file.o)
                0x0000d350                concat_path_file
 .text.bb_get_last_path_component_nostrip
                0x0000d3b0       0x3c libbb/lib.a(get_last_path_component.o)
                0x0000d3b0                bb_get_last_path_component_nostrip
 .text.bb_get_last_path_component_strip
                0x0000d3ec       0x50 libbb/lib.a(get_last_path_component.o)
                0x0000d3ec                bb_get_last_path_component_strip
 .text.last_char_is
                0x0000d43c       0x44 libbb/lib.a(last_char_is.o)
                0x0000d43c                last_char_is
 .text.bb_perror_msg
                0x0000d480       0x48 libbb/lib.a(perror_msg.o)
                0x0000d480                bb_perror_msg
 .text.bb_perror_msg_and_die
                0x0000d4c8       0x40 libbb/lib.a(perror_msg.o)
                0x0000d4c8                bb_perror_msg_and_die
 .text.bb_simple_perror_msg
                0x0000d508       0x10 libbb/lib.a(perror_msg.o)
                0x0000d508                bb_simple_perror_msg
 .text.bb_simple_perror_msg_and_die
                0x0000d518       0x14 libbb/lib.a(perror_msg.o)
                0x0000d518                bb_simple_perror_msg_and_die
 .text.skip_whitespace
                0x0000d52c       0x20 libbb/lib.a(skip_whitespace.o)
                0x0000d52c                skip_whitespace
 .text.skip_non_whitespace
                0x0000d54c       0x28 libbb/lib.a(skip_whitespace.o)
                0x0000d54c                skip_non_whitespace
 .text.skip_dev_pfx
                0x0000d574       0x28 libbb/lib.a(skip_whitespace.o)
                0x0000d574                skip_dev_pfx
 .text.bb_verror_msg
                0x0000d59c      0x1c4 libbb/lib.a(verror_msg.o)
                0x0000d59c                bb_verror_msg
 .text.bb_error_msg_and_die
                0x0000d760       0x20 libbb/lib.a(verror_msg.o)
                0x0000d760                bb_error_msg_and_die
 .text.bb_error_msg
                0x0000d780       0x28 libbb/lib.a(verror_msg.o)
                0x0000d780                bb_error_msg
 .text.xfdopen_helper
                0x0000d7a8       0x3c libbb/lib.a(wfopen.o)
 .text.fopen_or_warn
                0x0000d7e4       0x24 libbb/lib.a(wfopen.o)
                0x0000d7e4                fopen_or_warn
 .text.fopen_for_read
                0x0000d808        0xc libbb/lib.a(wfopen.o)
                0x0000d808                fopen_for_read
 .text.xfopen_for_read
                0x0000d814        0xc libbb/lib.a(wfopen.o)
                0x0000d814                xfopen_for_read
 .text.xfopen_for_write
                0x0000d820        0xc libbb/lib.a(wfopen.o)
                0x0000d820                xfopen_for_write
 .text.xfdopen_for_write
                0x0000d82c        0xc libbb/lib.a(wfopen.o)
                0x0000d82c                xfdopen_for_write
 .text.xfunc_die
                0x0000d838       0x2c libbb/lib.a(xfunc_die.o)
                0x0000d838                xfunc_die
 .text.wh_helper
                0x0000d864       0x50 libbb/lib.a(xfuncs.o)
 .text.ndelay_on
                0x0000d8b4       0x24 libbb/lib.a(xfuncs.o)
                0x0000d8b4                ndelay_on
 .text.ndelay_off
                0x0000d8d8       0x24 libbb/lib.a(xfuncs.o)
                0x0000d8d8                ndelay_off
 .text.close_on_exec_on
                0x0000d8fc        0xc libbb/lib.a(xfuncs.o)
                0x0000d8fc                close_on_exec_on
 .text.strncpy_IFNAMSIZ
                0x0000d908        0x8 libbb/lib.a(xfuncs.o)
                0x0000d908                strncpy_IFNAMSIZ
 .text.utoa_to_buf
                0x0000d910       0x94 libbb/lib.a(xfuncs.o)
                0x0000d910                utoa_to_buf
 .text.itoa_to_buf
                0x0000d9a4       0x28 libbb/lib.a(xfuncs.o)
                0x0000d9a4                itoa_to_buf
 .text.utoa     0x0000d9cc       0x28 libbb/lib.a(xfuncs.o)
                0x0000d9cc                utoa
 .text.itoa     0x0000d9f4       0x28 libbb/lib.a(xfuncs.o)
                0x0000d9f4                itoa
 .text.bin2hex  0x0000da1c       0x50 libbb/lib.a(xfuncs.o)
                0x0000da1c                bin2hex
 .text.hex2bin  0x0000da6c       0xe8 libbb/lib.a(xfuncs.o)
                0x0000da6c                hex2bin
 .text.bb_putchar_stderr
                0x0000db54       0x1c libbb/lib.a(xfuncs.o)
                0x0000db54                bb_putchar_stderr
 .text.full_write1_str
                0x0000db70       0x20 libbb/lib.a(xfuncs.o)
                0x0000db70                full_write1_str
 .text.full_write2_str
                0x0000db90       0x20 libbb/lib.a(xfuncs.o)
                0x0000db90                full_write2_str
 .text.get_terminal_width_height
                0x0000dbb0       0x9c libbb/lib.a(xfuncs.o)
                0x0000dbb0                get_terminal_width_height
 .text.tcsetattr_stdin_TCSANOW
                0x0000dc4c       0x10 libbb/lib.a(xfuncs.o)
                0x0000dc4c                tcsetattr_stdin_TCSANOW
 .text.safe_waitpid
                0x0000dc5c       0x44 libbb/lib.a(xfuncs.o)
                0x0000dc5c                safe_waitpid
 .text.wait_any_nohang
                0x0000dca0       0x10 libbb/lib.a(xfuncs.o)
                0x0000dca0                wait_any_nohang
 .text.wait4pid
                0x0000dcb0       0x54 libbb/lib.a(xfuncs.o)
                0x0000dcb0                wait4pid
 .text.xmalloc  0x0000dd04       0x34 libbb/lib.a(xfuncs_printf.o)
                0x0000dd04                xmalloc
 .text.xrealloc
                0x0000dd38       0x34 libbb/lib.a(xfuncs_printf.o)
                0x0000dd38                xrealloc
 .text.xzalloc  0x0000dd6c       0x24 libbb/lib.a(xfuncs_printf.o)
                0x0000dd6c                xzalloc
 .text.xstrdup  0x0000dd90       0x2c libbb/lib.a(xfuncs_printf.o)
                0x0000dd90                xstrdup
 .text.xstrndup
                0x0000ddbc       0x50 libbb/lib.a(xfuncs_printf.o)
                0x0000ddbc                xstrndup
 .text.xfopen   0x0000de0c       0x28 libbb/lib.a(xfuncs_printf.o)
                0x0000de0c                xfopen
 .text.xopen3   0x0000de34       0x28 libbb/lib.a(xfuncs_printf.o)
                0x0000de34                xopen3
 .text.xopen    0x0000de5c        0xc libbb/lib.a(xfuncs_printf.o)
                0x0000de5c                xopen
 .text.xopen_nonblocking
                0x0000de68        0x8 libbb/lib.a(xfuncs_printf.o)
                0x0000de68                xopen_nonblocking
 .text.open3_or_warn
                0x0000de70       0x2c libbb/lib.a(xfuncs_printf.o)
                0x0000de70                open3_or_warn
 .text.open_or_warn
                0x0000de9c        0xc libbb/lib.a(xfuncs_printf.o)
                0x0000de9c                open_or_warn
 .text.xrename  0x0000dea8       0x2c libbb/lib.a(xfuncs_printf.o)
                0x0000dea8                xrename
 .text.xpipe    0x0000ded4       0x1c libbb/lib.a(xfuncs_printf.o)
                0x0000ded4                xpipe
 .text.xdup2    0x0000def0       0x20 libbb/lib.a(xfuncs_printf.o)
                0x0000def0                xdup2
 .text.xmove_fd
                0x0000df10       0x20 libbb/lib.a(xfuncs_printf.o)
                0x0000df10                xmove_fd
 .text.xwrite   0x0000df30       0x28 libbb/lib.a(xfuncs_printf.o)
                0x0000df30                xwrite
 .text.xwrite_str
                0x0000df58       0x28 libbb/lib.a(xfuncs_printf.o)
                0x0000df58                xwrite_str
 .text.xclose   0x0000df80       0x1c libbb/lib.a(xfuncs_printf.o)
                0x0000df80                xclose
 .text.xlseek   0x0000df9c       0x54 libbb/lib.a(xfuncs_printf.o)
                0x0000df9c                xlseek
 .text.xmkstemp
                0x0000dff0       0x28 libbb/lib.a(xfuncs_printf.o)
                0x0000dff0                xmkstemp
 .text.die_if_ferror
                0x0000e018       0x24 libbb/lib.a(xfuncs_printf.o)
                0x0000e018                die_if_ferror
 .text.die_if_ferror_stdout
                0x0000e03c       0x18 libbb/lib.a(xfuncs_printf.o)
                0x0000e03c                die_if_ferror_stdout
 .text.fflush_all
                0x0000e054        0x8 libbb/lib.a(xfuncs_printf.o)
                0x0000e054                fflush_all
 .text.bb_putchar
                0x0000e05c       0x10 libbb/lib.a(xfuncs_printf.o)
                0x0000e05c                bb_putchar
 .text.xprint_and_close_file
                0x0000e06c       0x3c libbb/lib.a(xfuncs_printf.o)
                0x0000e06c                xprint_and_close_file
 .text.xasprintf
                0x0000e0a8       0x40 libbb/lib.a(xfuncs_printf.o)
                0x0000e0a8                xasprintf
 .text.xsetenv  0x0000e0e8       0x20 libbb/lib.a(xfuncs_printf.o)
                0x0000e0e8                xsetenv
 .text.bb_unsetenv
                0x0000e108       0x44 libbb/lib.a(xfuncs_printf.o)
                0x0000e108                bb_unsetenv
 .text.bb_unsetenv_and_free
                0x0000e14c       0x18 libbb/lib.a(xfuncs_printf.o)
                0x0000e14c                bb_unsetenv_and_free
 .text.xsetgid  0x0000e164       0x1c libbb/lib.a(xfuncs_printf.o)
                0x0000e164                xsetgid
 .text.xsetuid  0x0000e180       0x1c libbb/lib.a(xfuncs_printf.o)
                0x0000e180                xsetuid
 .text.xchdir   0x0000e19c       0x24 libbb/lib.a(xfuncs_printf.o)
                0x0000e19c                xchdir
 .text.xchroot  0x0000e1c0       0x24 libbb/lib.a(xfuncs_printf.o)
                0x0000e1c0                xchroot
 .text.warn_opendir
                0x0000e1e4       0x2c libbb/lib.a(xfuncs_printf.o)
                0x0000e1e4                warn_opendir
 .text.xopendir
                0x0000e210       0x28 libbb/lib.a(xfuncs_printf.o)
                0x0000e210                xopendir
 .text.xsocket  0x0000e238       0x20 libbb/lib.a(xfuncs_printf.o)
                0x0000e238                xsocket
 .text.xbind    0x0000e258       0x1c libbb/lib.a(xfuncs_printf.o)
                0x0000e258                xbind
 .text.xlisten  0x0000e274       0x1c libbb/lib.a(xfuncs_printf.o)
                0x0000e274                xlisten
 .text.xsendto  0x0000e290       0x30 libbb/lib.a(xfuncs_printf.o)
                0x0000e290                xsendto
 .text.xstat    0x0000e2c0       0x24 libbb/lib.a(xfuncs_printf.o)
                0x0000e2c0                xstat
 .text.xfstat   0x0000e2e4       0x1c libbb/lib.a(xfuncs_printf.o)
                0x0000e2e4                xfstat
 .text.ioctl_or_perror_and_die
                0x0000e300       0x50 libbb/lib.a(xfuncs_printf.o)
                0x0000e300                ioctl_or_perror_and_die
 .text.ioctl_or_perror
                0x0000e350       0x50 libbb/lib.a(xfuncs_printf.o)
                0x0000e350                ioctl_or_perror
 .text.bb_ioctl_or_warn
                0x0000e3a0       0x24 libbb/lib.a(xfuncs_printf.o)
                0x0000e3a0                bb_ioctl_or_warn
 .text.bb_xioctl
                0x0000e3c4       0x20 libbb/lib.a(xfuncs_printf.o)
                0x0000e3c4                bb_xioctl
 .text.xmalloc_ttyname
                0x0000e3e4       0x40 libbb/lib.a(xfuncs_printf.o)
                0x0000e3e4                xmalloc_ttyname
 .text.generate_uuid
                0x0000e424       0xa4 libbb/lib.a(xfuncs_printf.o)
                0x0000e424                generate_uuid
 .text.xfork    0x0000e4c8       0x20 libbb/lib.a(xfuncs_printf.o)
                0x0000e4c8                xfork
 .text.xmalloc_readlink
                0x0000e4e8       0x64 libbb/lib.a(xreadlink.o)
                0x0000e4e8                xmalloc_readlink
 .text.xmalloc_follow_symlinks
                0x0000e54c       0xc0 libbb/lib.a(xreadlink.o)
                0x0000e54c                xmalloc_follow_symlinks
 .text.xmalloc_readlink_or_warn
                0x0000e60c       0x54 libbb/lib.a(xreadlink.o)
                0x0000e60c                xmalloc_readlink_or_warn
 .text.xmalloc_realpath
                0x0000e660       0x24 libbb/lib.a(xreadlink.o)
                0x0000e660                xmalloc_realpath
 .text.bb_full_fd_action
                0x0000e684      0x124 libbb/lib.a(copyfd.o)
 .text.bb_copyfd_size
                0x0000e7a8       0x18 libbb/lib.a(copyfd.o)
                0x0000e7a8                bb_copyfd_size
 .text.bb_copyfd_exact_size
                0x0000e7c0       0x58 libbb/lib.a(copyfd.o)
                0x0000e7c0                bb_copyfd_exact_size
 .text.bb_copyfd_eof
                0x0000e818        0xc libbb/lib.a(copyfd.o)
                0x0000e818                bb_copyfd_eof
 .text.full_write
                0x0000e824       0x58 libbb/lib.a(full_write.o)
                0x0000e824                full_write
 .text.safe_read
                0x0000e87c       0x44 libbb/lib.a(read.o)
                0x0000e87c                safe_read
 .text.full_read
                0x0000e8c0       0x5c libbb/lib.a(read.o)
                0x0000e8c0                full_read
 .text.read_close
                0x0000e91c       0x20 libbb/lib.a(read.o)
                0x0000e91c                read_close
 .text.open_read_close
                0x0000e93c       0x30 libbb/lib.a(read.o)
                0x0000e93c                open_read_close
 .text.safe_write
                0x0000e96c       0x44 libbb/lib.a(safe_write.o)
                0x0000e96c                safe_write
 .text.parse_datestr
                0x0000e9b0      0x378 libbb/lib.a(time.o)
                0x0000e9b0                parse_datestr
 .text.validate_tm_time
                0x0000ed28       0x2c libbb/lib.a(time.o)
                0x0000ed28                validate_tm_time
 .text.monotonic_us
                0x0000ed54       0x34 libbb/lib.a(time.o)
                0x0000ed54                monotonic_us
 .text.monotonic_ms
                0x0000ed88       0x40 libbb/lib.a(time.o)
                0x0000ed88                monotonic_ms
 .text.monotonic_sec
                0x0000edc8        0x8 libbb/lib.a(time.o)
                0x0000edc8                monotonic_sec
 .text.addgroup_main
                0x0000edd0      0x218 loginutils/lib.a(addgroup.o)
                0x0000edd0                addgroup_main
 .text.adduser_main
                0x0000efe8      0x410 loginutils/lib.a(adduser.o)
                0x0000efe8                adduser_main
 .text.deluser_main
                0x0000f3f8      0x188 loginutils/lib.a(deluser.o)
                0x0000f3f8                deluser_main
 .text.bcode    0x0000f580       0x24 loginutils/lib.a(getty.o)
 .text.getty_main
                0x0000f5a4      0x880 loginutils/lib.a(getty.o)
                0x0000f5a4                getty_main
 .text.alarm_handler
                0x0000fe24       0x30 loginutils/lib.a(login.o)
 .text.login_main
                0x0000fe54      0x450 loginutils/lib.a(login.o)
                0x0000fe54                login_main
 .text.nuke_str
                0x000102a4       0x24 loginutils/lib.a(passwd.o)
 .text.passwd_main
                0x000102c8      0x494 loginutils/lib.a(passwd.o)
                0x000102c8                passwd_main
 .text.su_main  0x0001075c      0x250 loginutils/lib.a(su.o)
                0x0001075c                su_main
 .text.sulogin_main
                0x000109ac      0x238 loginutils/lib.a(sulogin.o)
                0x000109ac                sulogin_main
 .text.acquire_vt
                0x00010be4       0x14 loginutils/lib.a(vlock.o)
 .text.release_vt
                0x00010bf8       0x28 loginutils/lib.a(vlock.o)
 .text.vlock_main
                0x00010c20      0x1d4 loginutils/lib.a(vlock.o)
                0x00010c20                vlock_main
 .text.delete_cronfile
                0x00010df4       0xb0 miscutils/lib.a(crond.o)
 .text.crondlog
                0x00010ea4       0xd4 miscutils/lib.a(crond.o)
 .text.ParseField
                0x00010f78      0x1e0 miscutils/lib.a(crond.o)
 .text.load_crontab
                0x00011158      0x28c miscutils/lib.a(crond.o)
 .text.rescan_crontab_dir
                0x000113e4       0xc8 miscutils/lib.a(crond.o)
 .text.safe_setenv
                0x000114ac       0x40 miscutils/lib.a(crond.o)
 .text.start_one_job
                0x000114ec      0x144 miscutils/lib.a(crond.o)
 .text.crond_main
                0x00011630      0x420 miscutils/lib.a(crond.o)
                0x00011630                crond_main
 .text.open_as_user
                0x00011a50       0x74 miscutils/lib.a(crontab.o)
 .text.edit_file
                0x00011ac4       0x9c miscutils/lib.a(crontab.o)
 .text.crontab_main
                0x00011b60      0x2d0 miscutils/lib.a(crontab.o)
                0x00011b60                crontab_main
 .text.pop      0x00011e30       0x38 miscutils/lib.a(dc.o)
 .text.push     0x00011e68       0x40 miscutils/lib.a(dc.o)
 .text.eor      0x00011ea8       0x40 miscutils/lib.a(dc.o)
 .text.not      0x00011ee8       0x20 miscutils/lib.a(dc.o)
 .text.or       0x00011f08       0x40 miscutils/lib.a(dc.o)
 .text.and      0x00011f48       0x40 miscutils/lib.a(dc.o)
 .text.mod      0x00011f88       0x54 miscutils/lib.a(dc.o)
 .text.divide   0x00011fdc       0x28 miscutils/lib.a(dc.o)
 .text.mul      0x00012004       0x30 miscutils/lib.a(dc.o)
 .text.sub      0x00012034       0x28 miscutils/lib.a(dc.o)
 .text.add      0x0001205c       0x30 miscutils/lib.a(dc.o)
 .text.stack_machine
                0x0001208c       0x7c miscutils/lib.a(dc.o)
 .text.set_output_base
                0x00012108       0x54 miscutils/lib.a(dc.o)
 .text.print_base
                0x0001215c       0xf8 miscutils/lib.a(dc.o)
 .text.print_stack_no_pop
                0x00012254       0x34 miscutils/lib.a(dc.o)
 .text.print_no_pop
                0x00012288       0x18 miscutils/lib.a(dc.o)
 .text.power    0x000122a0       0x28 miscutils/lib.a(dc.o)
 .text.dc_main  0x000122c8       0xa0 miscutils/lib.a(dc.o)
                0x000122c8                dc_main
 .text.show_progress.clone.0
                0x00012368       0x50 miscutils/lib.a(flash_eraseall.o)
 .text.flash_eraseall_main
                0x000123b8      0x358 miscutils/lib.a(flash_eraseall.o)
                0x000123b8                flash_eraseall_main
 .text.mt_main  0x00012710      0x13c miscutils/lib.a(mt.o)
                0x00012710                mt_main
 .text.strings_main
                0x0001284c      0x1bc miscutils/lib.a(strings.o)
                0x0001284c                strings_main
 .text.ptok     0x00012a08       0x30 miscutils/lib.a(time.o)
 .text.run_command
                0x00012a38       0xe4 miscutils/lib.a(time.o)
 .text.time_main
                0x00012b1c      0x638 miscutils/lib.a(time.o)
                0x00012b1c                time_main
 .text.reset_stringbuf
                0x00013154       0x18 modutils/lib.a(modprobe-small.o)
 .text.replace  0x0001316c       0x1c modutils/lib.a(modprobe-small.o)
 .text.load_module
                0x00013188       0x54 modutils/lib.a(modprobe-small.o)
 .text.moderror
                0x000131dc       0x50 modutils/lib.a(modprobe-small.o)
 .text.load_dep_bb
                0x0001322c      0x140 modutils/lib.a(modprobe-small.o)
 .text.pathname_matches_modname
                0x0001336c       0x5c modutils/lib.a(modprobe-small.o)
 .text.find_keyword
                0x000133c8       0x8c modutils/lib.a(modprobe-small.o)
 .text.append   0x00013454       0x70 modutils/lib.a(modprobe-small.o)
 .text.copy_stringbuf
                0x000134c4       0x2c modutils/lib.a(modprobe-small.o)
 .text.str_2_list
                0x000134f0       0x48 modutils/lib.a(modprobe-small.o)
 .text.parse_module
                0x00013538      0x16c modutils/lib.a(modprobe-small.o)
 .text.find_alias
                0x000136a4      0x30c modutils/lib.a(modprobe-small.o)
 .text.process_module
                0x000139b0      0x2e0 modutils/lib.a(modprobe-small.o)
 .text.fileAction
                0x00013c90       0xd0 modutils/lib.a(modprobe-small.o)
 .text.modprobe_main
                0x00013d60      0x23c modutils/lib.a(modprobe-small.o)
                0x00013d60                modprobe_main
 .text.finish   0x00013f9c       0xa4 networking/lib.a(arping.o)
 .text.catcher  0x00014040      0x188 networking/lib.a(arping.o)
 .text.arping_main
                0x000141c8      0x7a4 networking/lib.a(arping.o)
                0x000141c8                arping_main
 .text.undot    0x0001496c       0x48 networking/lib.a(dnsd.o)
 .text.dnsd_main
                0x000149b4      0x60c networking/lib.a(dnsd.o)
                0x000149b4                dnsd_main
 .text.ftp_die  0x00014fc0       0x54 networking/lib.a(ftpgetput.o)
 .text.ftpcmd   0x00015014       0xd4 networking/lib.a(ftpgetput.o)
 .text.xconnect_ftpdata
                0x000150e8       0xb4 networking/lib.a(ftpgetput.o)
 .text.pump_data_and_QUIT
                0x0001519c       0x6c networking/lib.a(ftpgetput.o)
 .text.ftp_receive
                0x00015208      0x168 networking/lib.a(ftpgetput.o)
 .text.ftp_send
                0x00015370       0x74 networking/lib.a(ftpgetput.o)
 .text.ftpgetput_main
                0x000153e4      0x1c0 networking/lib.a(ftpgetput.o)
                0x000153e4                ftpgetput_main
 .text.do_sethostname
                0x000155a4       0x88 networking/lib.a(hostname.o)
 .text.hostname_main
                0x0001562c      0x118 networking/lib.a(hostname.o)
                0x0001562c                hostname_main
 .text.ifconfig_main
                0x00015744      0x520 networking/lib.a(ifconfig.o)
                0x00015744                ifconfig_main
 .text.manual_up_down6
                0x00015c64        0x8 networking/lib.a(ifupdown.o)
 .text.manual_up_down
                0x00015c6c        0x8 networking/lib.a(ifupdown.o)
 .text.check    0x00015c74        0xc networking/lib.a(ifupdown.o)
 .text.strncmpz
                0x00015c80       0x20 networking/lib.a(ifupdown.o)
 .text.find_iface_state
                0x00015ca0       0x58 networking/lib.a(ifupdown.o)
 .text.addstr   0x00015cf8       0x58 networking/lib.a(ifupdown.o)
 .text.execute  0x00015d50      0x2e4 networking/lib.a(ifupdown.o)
 .text.loopback_down6
                0x00016034       0x18 networking/lib.a(ifupdown.o)
 .text.loopback_up6
                0x0001604c       0x18 networking/lib.a(ifupdown.o)
 .text.static_down6
                0x00016064       0x18 networking/lib.a(ifupdown.o)
 .text.static_up6
                0x0001607c       0x64 networking/lib.a(ifupdown.o)
 .text.loopback_down
                0x000160e0       0x18 networking/lib.a(ifupdown.o)
 .text.loopback_up
                0x000160f8       0x18 networking/lib.a(ifupdown.o)
 .text.dhcp_up  0x00016110       0x44 networking/lib.a(ifupdown.o)
 .text.bootp_up
                0x00016154       0x18 networking/lib.a(ifupdown.o)
 .text.static_down
                0x0001616c       0x2c networking/lib.a(ifupdown.o)
 .text.static_up
                0x00016198       0x64 networking/lib.a(ifupdown.o)
 .text.ppp_down
                0x000161fc       0x18 networking/lib.a(ifupdown.o)
 .text.ppp_up   0x00016214       0x18 networking/lib.a(ifupdown.o)
 .text.wvdial_down
                0x0001622c       0x18 networking/lib.a(ifupdown.o)
 .text.wvdial_up
                0x00016244       0x18 networking/lib.a(ifupdown.o)
 .text.dhcp_down
                0x0001625c       0x50 networking/lib.a(ifupdown.o)
 .text.next_word
                0x000162ac       0x58 networking/lib.a(ifupdown.o)
 .text.read_iface_state
                0x00016304       0x68 networking/lib.a(ifupdown.o)
 .text.setlocalenv
                0x0001636c       0x84 networking/lib.a(ifupdown.o)
 .text.set_environ
                0x000163f0      0x18c networking/lib.a(ifupdown.o)
 .text.doit     0x0001657c       0xbc networking/lib.a(ifupdown.o)
 .text.execute_all
                0x00016638       0x6c networking/lib.a(ifupdown.o)
 .text.iface_up
                0x000166a4       0x90 networking/lib.a(ifupdown.o)
 .text.iface_down
                0x00016734       0x90 networking/lib.a(ifupdown.o)
 .text.ifupdown_main
                0x000167c4      0x770 networking/lib.a(ifupdown.o)
                0x000167c4                ifupdown_main
 .text.remove_fd_from_set
                0x00016f34       0x3c networking/lib.a(inetd.o)
 .text.init_ring
                0x00016f70       0x30 networking/lib.a(inetd.o)
 .text.discard_dg
                0x00016fa0       0x18 networking/lib.a(inetd.o)
 .text.maybe_close
                0x00016fb8        0xc networking/lib.a(inetd.o)
 .text.free_servtab_strings
                0x00016fc4       0x58 networking/lib.a(inetd.o)
 .text.bump_nofile
                0x0001701c       0xdc networking/lib.a(inetd.o)
 .text.add_fd_to_set
                0x000170f8       0x88 networking/lib.a(inetd.o)
 .text.block_CHLD_HUP_ALRM
                0x00017180       0x44 networking/lib.a(inetd.o)
 .text.restore_sigmask
                0x000171c4       0x10 networking/lib.a(inetd.o)
 .text.rearm_alarm
                0x000171d4       0x24 networking/lib.a(inetd.o)
 .text.xzalloc_lsa
                0x000171f8       0x34 networking/lib.a(inetd.o)
 .text.new_servtab
                0x0001722c       0x18 networking/lib.a(inetd.o)
 .text.unregister_rpc
                0x00017244       0x4c networking/lib.a(inetd.o)
 .text.clean_up_and_exit
                0x00017290       0x8c networking/lib.a(inetd.o)
 .text.reap_child
                0x0001731c       0xc8 networking/lib.a(inetd.o)
 .text.daytime_dg
                0x000173e4       0xb0 networking/lib.a(inetd.o)
 .text.daytime_stream
                0x00017494       0x38 networking/lib.a(inetd.o)
 .text.machtime
                0x000174cc       0x3c networking/lib.a(inetd.o)
 .text.machtime_dg
                0x00017508       0x84 networking/lib.a(inetd.o)
 .text.machtime_stream
                0x0001758c       0x24 networking/lib.a(inetd.o)
 .text.chargen_dg
                0x000175b0      0x104 networking/lib.a(inetd.o)
 .text.chargen_stream
                0x000176b4       0xa0 networking/lib.a(inetd.o)
 .text.discard_stream
                0x00017754       0x2c networking/lib.a(inetd.o)
 .text.echo_stream
                0x00017780       0x3c networking/lib.a(inetd.o)
 .text.echo_dg  0x000177bc       0x8c networking/lib.a(inetd.o)
 .text.register_rpc
                0x00017848       0xd0 networking/lib.a(inetd.o)
 .text.prepare_socket_fd
                0x00017918      0x15c networking/lib.a(inetd.o)
 .text.reread_config_file
                0x00017a74      0x9c0 networking/lib.a(inetd.o)
 .text.retry_network_setup
                0x00018434       0x7c networking/lib.a(inetd.o)
 .text.inetd_main
                0x000184b0      0x908 networking/lib.a(inetd.o)
                0x000184b0                inetd_main
 .text.get_afntype
                0x00018db8       0x2c networking/lib.a(interface.o)
 .text.hexchar2int
                0x00018de4       0x2c networking/lib.a(interface.o)
 .text.ether_input
                0x00018e10       0xb4 networking/lib.a(interface.o)
 .text.add_interface
                0x00018ec4       0x90 networking/lib.a(interface.o)
 .text.if_readconf
                0x00018f54       0xd0 networking/lib.a(interface.o)
 .text.if_readlist_proc
                0x00019024      0x2ac networking/lib.a(interface.o)
 .text.do_if_fetch
                0x000192d0      0x318 networking/lib.a(interface.o)
 .text.print_bytes_scaled
                0x000195e8       0x88 networking/lib.a(interface.o)
 .text.UNSPEC_print
                0x00019670       0x74 networking/lib.a(interface.o)
 .text.UNSPEC_sprint
                0x000196e4       0x28 networking/lib.a(interface.o)
 .text.INET6_input
                0x0001970c        0x4 networking/lib.a(interface.o)
 .text.INET6_sprint
                0x00019710       0x50 networking/lib.a(interface.o)
 .text.INET_input
                0x00019760        0x8 networking/lib.a(interface.o)
 .text.INET_sprint
                0x00019768       0x54 networking/lib.a(interface.o)
 .text.in_ib    0x000197bc       0x28 networking/lib.a(interface.o)
                0x000197bc                in_ib
 .text.ether_print
                0x000197e4       0x58 networking/lib.a(interface.o)
 .text.get_hwntype
                0x0001983c       0x2c networking/lib.a(interface.o)
                0x0001983c                get_hwntype
 .text.ife_print
                0x00019868      0x5c8 networking/lib.a(interface.o)
 .text.display_interfaces
                0x00019e30       0xd8 networking/lib.a(interface.o)
                0x00019e30                display_interfaces
 .text.prg_cache_get
                0x00019f08       0x54 networking/lib.a(netstat.o)
 .text.dir_act  0x00019f5c       0xf0 networking/lib.a(netstat.o)
 .text.add_to_prg_cache_if_socket
                0x0001a04c      0x118 networking/lib.a(netstat.o)
 .text.do_info  0x0001a164       0x7c networking/lib.a(netstat.o)
 .text.build_ipv4_addr
                0x0001a1e0       0x24 networking/lib.a(netstat.o)
 .text.unix_do_one
                0x0001a204      0x280 networking/lib.a(netstat.o)
 .text.build_ipv6_addr
                0x0001a484       0x6c networking/lib.a(netstat.o)
 .text.scan_inet_proc_line
                0x0001a4f0       0xbc networking/lib.a(netstat.o)
 .text.ip_port_str
                0x0001a5ac       0x94 networking/lib.a(netstat.o)
 .text.print_inet_line
                0x0001a640      0x10c networking/lib.a(netstat.o)
 .text.raw_do_one
                0x0001a74c       0x94 networking/lib.a(netstat.o)
 .text.udp_do_one
                0x0001a7e0       0xc0 networking/lib.a(netstat.o)
 .text.tcp_do_one
                0x0001a8a0       0x68 networking/lib.a(netstat.o)
 .text.netstat_main
                0x0001a908      0x2a4 networking/lib.a(netstat.o)
                0x0001a908                netstat_main
 .text.print_host
                0x0001abac       0xec networking/lib.a(nslookup.o)
 .text.nslookup_main
                0x0001ac98       0xdc networking/lib.a(nslookup.o)
                0x0001ac98                nslookup_main
 .text.my_SQRT  0x0001ad74       0x9c networking/lib.a(ntpd.o)
 .text.filter_datapoints
                0x0001ae10      0x32c networking/lib.a(ntpd.o)
 .text.reset_peer_stats
                0x0001b13c      0x114 networking/lib.a(ntpd.o)
 .text.compare_point_edge
                0x0001b250       0x50 networking/lib.a(ntpd.o)
 .text.compare_survivor_metric
                0x0001b2a0       0x50 networking/lib.a(ntpd.o)
 .text.poll_interval
                0x0001b2f0       0x44 networking/lib.a(ntpd.o)
 .text.do_sendto
                0x0001b334       0x80 networking/lib.a(ntpd.o)
 .text.run_script
                0x0001b3b4      0x138 networking/lib.a(ntpd.o)
 .text.d_to_lfp
                0x0001b4ec       0x90 networking/lib.a(ntpd.o)
 .text.d_to_sfp
                0x0001b57c       0x70 networking/lib.a(ntpd.o)
 .text.sfp_to_d
                0x0001b5ec       0x6c networking/lib.a(ntpd.o)
 .text.lfp_to_d
                0x0001b658       0x7c networking/lib.a(ntpd.o)
 .text.gettime1900d
                0x0001b6d4       0x78 networking/lib.a(ntpd.o)
 .text.ntp_init
                0x0001b74c      0x1f8 networking/lib.a(ntpd.o)
 .text.recv_and_process_client_pkt
                0x0001b944      0x200 networking/lib.a(ntpd.o)
 .text.step_time
                0x0001bb44      0x1a4 networking/lib.a(ntpd.o)
 .text.set_next.clone.0
                0x0001bce8       0x34 networking/lib.a(ntpd.o)
 .text.select_and_cluster
                0x0001bd1c      0x588 networking/lib.a(ntpd.o)
 .text.set_new_values.clone.2
                0x0001c2a4       0x24 networking/lib.a(ntpd.o)
 .text.update_local_clock
                0x0001c2c8      0x3cc networking/lib.a(ntpd.o)
 .text.recv_and_process_peer_pkt
                0x0001c694      0x4b8 networking/lib.a(ntpd.o)
 .text.ntpd_main
                0x0001cb4c      0x39c networking/lib.a(ntpd.o)
                0x0001cb4c                ntpd_main
 .text.sendping_tail
                0x0001cee8      0x10c networking/lib.a(ping.o)
 .text.sendping6
                0x0001cff4       0x54 networking/lib.a(ping.o)
 .text.sendping4
                0x0001d048       0xb8 networking/lib.a(ping.o)
 .text.unpack_tail
                0x0001d100      0x140 networking/lib.a(ping.o)
 .text.print_stats_and_exit
                0x0001d240      0x168 networking/lib.a(ping.o)
 .text.common_ping_main
                0x0001d3a8      0x708 networking/lib.a(ping.o)
 .text.ping_main
                0x0001dab0        0x8 networking/lib.a(ping.o)
                0x0001dab0                ping_main
 .text.ping6_main
                0x0001dab8        0x8 networking/lib.a(ping.o)
                0x0001dab8                ping6_main
 .text.set_flags
                0x0001dac0       0x3c networking/lib.a(route.o)
 .text.kw_lookup
                0x0001dafc       0x84 networking/lib.a(route.o)
 .text.INET6_displayroutes
                0x0001db80      0x200 networking/lib.a(route.o)
 .text.INET6_setroute
                0x0001dd80      0x26c networking/lib.a(route.o)
 .text.INET_setroute
                0x0001dfec      0x3dc networking/lib.a(route.o)
 .text.bb_displayroutes
                0x0001e3c8      0x1e8 networking/lib.a(route.o)
                0x0001e3c8                bb_displayroutes
 .text.route_main
                0x0001e5b0      0x14c networking/lib.a(route.o)
                0x0001e5b0                route_main
 .text.put_iac  0x0001e6fc       0x20 networking/lib.a(telnet.o)
 .text.iac_flush
                0x0001e71c       0x28 networking/lib.a(telnet.o)
 .text.put_iac2
                0x0001e744       0x40 networking/lib.a(telnet.o)
 .text.rawmode  0x0001e784       0x24 networking/lib.a(telnet.o)
 .text.cookmode
                0x0001e7a8       0x24 networking/lib.a(telnet.o)
 .text.setConMode
                0x0001e7cc       0x74 networking/lib.a(telnet.o)
 .text.doexit   0x0001e840       0x14 networking/lib.a(telnet.o)
 .text.con_escape
                0x0001e854      0x160 networking/lib.a(telnet.o)
 .text.handle_net_output
                0x0001e9b4       0x94 networking/lib.a(telnet.o)
 .text.telnet_main
                0x0001ea48      0x574 networking/lib.a(telnet.o)
                0x0001ea48                telnet_main
 .text.make_new_session
                0x0001efbc      0x240 networking/lib.a(telnetd.o)
 .text.free_session
                0x0001f1fc       0xb4 networking/lib.a(telnetd.o)
 .text.handle_sigchld
                0x0001f2b0       0x7c networking/lib.a(telnetd.o)
 .text.telnetd_main
                0x0001f32c      0x864 networking/lib.a(telnetd.o)
                0x0001f32c                telnetd_main
 .text.sanitize_string
                0x0001fb90       0x20 networking/lib.a(wget.o)
 .text.open_socket
                0x0001fbb0       0x2c networking/lib.a(wget.o)
 .text.base64enc_512
                0x0001fbdc       0x40 networking/lib.a(wget.o)
 .text.parse_url
                0x0001fc1c      0x188 networking/lib.a(wget.o)
 .text.progress_meter
                0x0001fda4       0xb0 networking/lib.a(wget.o)
 .text.ftpcmd   0x0001fe54       0xbc networking/lib.a(wget.o)
 .text.gethdr.clone.0
                0x0001ff10      0x110 networking/lib.a(wget.o)
 .text.safe_fgets.clone.1
                0x00020020       0x64 networking/lib.a(wget.o)
 .text.retrieve_file_data
                0x00020084      0x248 networking/lib.a(wget.o)
 .text.wget_main
                0x000202cc      0x9a8 networking/lib.a(wget.o)
                0x000202cc                wget_main
 .text.alloc_dhcp_option
                0x00020c74       0x54 networking/udhcp/lib.a(dhcpc.o)
 .text.init_packet
                0x00020cc8       0x5c networking/udhcp/lib.a(dhcpc.o)
 .text.add_client_options
                0x00020d24      0x120 networking/udhcp/lib.a(dhcpc.o)
 .text.raw_bcast_from_client_config_ifindex
                0x00020e44       0x44 networking/udhcp/lib.a(dhcpc.o)
 .text.send_discover
                0x00020e88       0x64 networking/udhcp/lib.a(dhcpc.o)
 .text.send_select
                0x00020eec       0x78 networking/udhcp/lib.a(dhcpc.o)
 .text.send_decline
                0x00020f64       0x64 networking/udhcp/lib.a(dhcpc.o)
 .text.send_renew
                0x00020fc8       0x84 networking/udhcp/lib.a(dhcpc.o)
 .text.send_release
                0x0002104c       0x70 networking/udhcp/lib.a(dhcpc.o)
 .text.udhcp_recv_raw_packet
                0x000210bc      0x288 networking/udhcp/lib.a(dhcpc.o)
 .text.client_background
                0x00021344       0x34 networking/udhcp/lib.a(dhcpc.o)
 .text.sprint_nip
                0x00021378       0x3c networking/udhcp/lib.a(dhcpc.o)
 .text.change_listen_mode
                0x000213b4      0x1c8 networking/udhcp/lib.a(dhcpc.o)
 .text.xmalloc_optname_optval.clone.0
                0x0002157c      0x324 networking/udhcp/lib.a(dhcpc.o)
 .text.udhcp_run_script
                0x000218a0      0x2fc networking/udhcp/lib.a(dhcpc.o)
 .text.perform_release
                0x00021b9c       0x98 networking/udhcp/lib.a(dhcpc.o)
 .text.udhcpc_main
                0x00021c34      0xb1c networking/udhcp/lib.a(dhcpc.o)
                0x00021c34                udhcpc_main
 .text.select_lease_time
                0x00022750       0x74 networking/udhcp/lib.a(dhcpd.o)
 .text.init_packet
                0x000227c4      0x100 networking/udhcp/lib.a(dhcpd.o)
 .text.add_server_options
                0x000228c4       0x90 networking/udhcp/lib.a(dhcpd.o)
 .text.send_packet
                0x00022954      0x154 networking/udhcp/lib.a(dhcpd.o)
 .text.send_offer
                0x00022aa8      0x1a0 networking/udhcp/lib.a(dhcpd.o)
 .text.send_ACK
                0x00022c48       0xbc networking/udhcp/lib.a(dhcpd.o)
 .text.send_NAK
                0x00022d04       0x4c networking/udhcp/lib.a(dhcpd.o)
 .text.send_inform
                0x00022d50       0x38 networking/udhcp/lib.a(dhcpd.o)
 .text.udhcpd_main
                0x00022d88      0x708 networking/udhcp/lib.a(dhcpd.o)
                0x00022d88                udhcpd_main
 .text.get_dhcp_packet_type
                0x00023490       0x30 networking/udhcp/lib.a(dhcprelay.o)
 .text.sendto_ip4
                0x000234c0       0x4c networking/udhcp/lib.a(dhcprelay.o)
 .text.dhcprelay_main
                0x0002350c      0x434 networking/udhcp/lib.a(dhcprelay.o)
                0x0002350c                dhcprelay_main
 .text.dname_dec
                0x00023940      0x15c networking/udhcp/lib.a(domain_codec.o)
                0x00023940                dname_dec
 .text.dname_enc
                0x00023a9c      0x244 networking/udhcp/lib.a(domain_codec.o)
                0x00023a9c                dname_enc
 .text.dumpleases_main
                0x00023ce0      0x27c networking/udhcp/lib.a(dumpleases.o)
                0x00023ce0                dumpleases_main
 .text.read_staticlease
                0x00023f5c       0x8c networking/udhcp/lib.a(files.o)
 .text.read_u32
                0x00023fe8       0x34 networking/udhcp/lib.a(files.o)
 .text.read_str
                0x0002401c       0x28 networking/udhcp/lib.a(files.o)
 .text.read_config
                0x00024044      0x12c networking/udhcp/lib.a(files.o)
                0x00024044                read_config
 .text.write_leases
                0x00024170      0x1b0 networking/udhcp/lib.a(files.o)
                0x00024170                write_leases
 .text.read_leases
                0x00024320      0x160 networking/udhcp/lib.a(files.o)
                0x00024320                read_leases
 .text.add_lease
                0x00024480      0x1d0 networking/udhcp/lib.a(leases.o)
                0x00024480                add_lease
 .text.nobody_responds_to_arp
                0x00024650       0x68 networking/udhcp/lib.a(leases.o)
 .text.is_expired_lease
                0x000246b8       0x38 networking/udhcp/lib.a(leases.o)
                0x000246b8                is_expired_lease
 .text.find_lease_by_mac
                0x000246f0       0x64 networking/udhcp/lib.a(leases.o)
                0x000246f0                find_lease_by_mac
 .text.find_lease_by_nip
                0x00024754       0x68 networking/udhcp/lib.a(leases.o)
                0x00024754                find_lease_by_nip
 .text.find_free_or_expired_nip
                0x000247bc      0x150 networking/udhcp/lib.a(leases.o)
                0x000247bc                find_free_or_expired_nip
 .text.udhcp_init_header
                0x0002490c       0x88 networking/udhcp/lib.a(packet.o)
                0x0002490c                udhcp_init_header
 .text.udhcp_dump_packet
                0x00024994       0xfc networking/udhcp/lib.a(packet.o)
                0x00024994                udhcp_dump_packet
 .text.udhcp_recv_kernel_packet
                0x00024a90      0x13c networking/udhcp/lib.a(packet.o)
                0x00024a90                udhcp_recv_kernel_packet
 .text.udhcp_checksum
                0x00024bcc       0x64 networking/udhcp/lib.a(packet.o)
                0x00024bcc                udhcp_checksum
 .text.udhcp_send_raw_packet
                0x00024c30      0x234 networking/udhcp/lib.a(packet.o)
                0x00024c30                udhcp_send_raw_packet
 .text.udhcp_send_kernel_packet
                0x00024e64      0x144 networking/udhcp/lib.a(packet.o)
                0x00024e64                udhcp_send_kernel_packet
 .text.signal_handler
                0x00024fa8       0x38 networking/udhcp/lib.a(signalpipe.o)
 .text.udhcp_sp_setup
                0x00024fe0       0x40 networking/udhcp/lib.a(signalpipe.o)
                0x00024fe0                udhcp_sp_setup
 .text.udhcp_sp_fd_set
                0x00025020       0x84 networking/udhcp/lib.a(signalpipe.o)
                0x00025020                udhcp_sp_fd_set
 .text.udhcp_sp_read
                0x000250a4       0x48 networking/udhcp/lib.a(signalpipe.o)
                0x000250a4                udhcp_sp_read
 .text.udhcp_read_interface
                0x000250ec      0x1ac networking/udhcp/lib.a(socket.o)
                0x000250ec                udhcp_read_interface
 .text.udhcp_listen_socket
                0x00025298       0xc4 networking/udhcp/lib.a(socket.o)
                0x00025298                udhcp_listen_socket
 .text.add_static_lease
                0x0002535c       0x4c networking/udhcp/lib.a(static_leases.o)
                0x0002535c                add_static_lease
 .text.get_static_nip_by_mac
                0x000253a8       0x44 networking/udhcp/lib.a(static_leases.o)
                0x000253a8                get_static_nip_by_mac
 .text.is_nip_reserved
                0x000253ec       0x28 networking/udhcp/lib.a(static_leases.o)
                0x000253ec                is_nip_reserved
 .text.log_static_leases
                0x00025414       0x68 networking/udhcp/lib.a(static_leases.o)
                0x00025414                log_static_leases
 .text.arpping  0x0002547c      0x234 networking/udhcp/lib.a(arpping.o)
                0x0002547c                arpping
 .text.log_option
                0x000256b0       0x60 networking/udhcp/lib.a(common.o)
 .text.allocate_tempopt_if_needed.clone.0
                0x00025710       0x70 networking/udhcp/lib.a(common.o)
 .text.udhcp_option_idx
                0x00025780       0x70 networking/udhcp/lib.a(common.o)
                0x00025780                udhcp_option_idx
 .text.udhcp_get_option
                0x000257f0      0x108 networking/udhcp/lib.a(common.o)
                0x000257f0                udhcp_get_option
 .text.udhcp_end_option
                0x000258f8       0x34 networking/udhcp/lib.a(common.o)
                0x000258f8                udhcp_end_option
 .text.udhcp_add_binary_option
                0x0002592c       0x78 networking/udhcp/lib.a(common.o)
                0x0002592c                udhcp_add_binary_option
 .text.udhcp_add_simple_option
                0x000259a4       0x88 networking/udhcp/lib.a(common.o)
                0x000259a4                udhcp_add_simple_option
 .text.udhcp_find_option
                0x00025a2c       0x34 networking/udhcp/lib.a(common.o)
                0x00025a2c                udhcp_find_option
 .text.attach_option
                0x00025a60      0x1f0 networking/udhcp/lib.a(common.o)
 .text.udhcp_str2nip
                0x00025c50       0x38 networking/udhcp/lib.a(common.o)
                0x00025c50                udhcp_str2nip
 .text.udhcp_str2optset
                0x00025c88      0x228 networking/udhcp/lib.a(common.o)
                0x00025c88                udhcp_str2optset
 .text.scale    0x00025eb0       0x20 procps/lib.a(free.o)
 .text.free_main
                0x00025ed0      0x194 procps/lib.a(free.o)
                0x00025ed0                free_main
 .text.kill_main
                0x00026064      0x2dc procps/lib.a(kill.o)
                0x00026064                kill_main
 .text.pidof_main
                0x00026340       0x90 procps/lib.a(pidof.o)
                0x00026340                pidof_main
 .text.ps_main  0x000263d0       0xc4 procps/lib.a(ps.o)
                0x000263d0                ps_main
 .text.pid_sort
                0x00026494       0x10 procps/lib.a(top.o)
 .text.mem_sort
                0x000264a4       0x24 procps/lib.a(top.o)
 .text.pcpu_sort
                0x000264c8       0x10 procps/lib.a(top.o)
 .text.time_sort
                0x000264d8       0x24 procps/lib.a(top.o)
 .text.mult_lvl_cmp
                0x000264fc       0x3c procps/lib.a(top.o)
 .text.topmem_sort
                0x00026538       0x48 procps/lib.a(top.o)
 .text.reset_term
                0x00026580        0xc procps/lib.a(top.o)
 .text.fmt_100percent_8
                0x0002658c       0xbc procps/lib.a(top.o)
 .text.display_process_list
                0x00026648      0x6a0 procps/lib.a(top.o)
 .text.display_topmem_header
                0x00026ce8      0x1c4 procps/lib.a(top.o)
 .text.ulltoa6_and_space
                0x00026eac       0x20 procps/lib.a(top.o)
 .text.display_topmem_process_list
                0x00026ecc      0x1b0 procps/lib.a(top.o)
 .text.clearmems
                0x0002707c       0x28 procps/lib.a(top.o)
 .text.read_cpu_jiffy
                0x000270a4      0x10c procps/lib.a(top.o)
 .text.get_jiffy_counts
                0x000271b0      0x120 procps/lib.a(top.o)
 .text.do_stats
                0x000272d0      0x110 procps/lib.a(top.o)
 .text.sig_catcher
                0x000273e0       0x10 procps/lib.a(top.o)
 .text.top_main
                0x000273f0      0x560 procps/lib.a(top.o)
                0x000273f0                top_main
 .text.uptime_main
                0x00027950      0x148 procps/lib.a(uptime.o)
                0x00027950                uptime_main
 .text.isdigit_str9
                0x00027a98       0x30 shell/lib.a(ash.o)
 .text.var_end  0x00027ac8       0x28 shell/lib.a(ash.o)
 .text.stunalloc
                0x00027af0       0x28 shell/lib.a(ash.o)
 .text.setstackmark
                0x00027b18       0x34 shell/lib.a(ash.o)
 .text.prefix   0x00027b4c       0x28 shell/lib.a(ash.o)
 .text.is_number
                0x00027b74       0x34 shell/lib.a(ash.o)
 .text.varcmp   0x00027ba8       0x48 shell/lib.a(ash.o)
 .text.hashvar  0x00027bf0       0x48 shell/lib.a(ash.o)
 .text.vpcmp    0x00027c38        0xc shell/lib.a(ash.o)
 .text.findvar  0x00027c44       0x3c shell/lib.a(ash.o)
 .text.lookupvar
                0x00027c80       0x40 shell/lib.a(ash.o)
 .text.bltinlookup
                0x00027cc0       0x54 shell/lib.a(ash.o)
 .text.setprompt_if
                0x00027d14       0x74 shell/lib.a(ash.o)
 .text.set_curjob
                0x00027d88       0x70 shell/lib.a(ash.o)
 .text.jobno    0x00027df8       0x28 shell/lib.a(ash.o)
 .text.getstatus
                0x00027e20       0x88 shell/lib.a(ash.o)
 .text.need_to_remember
                0x00027ea8       0x40 shell/lib.a(ash.o)
 .text.is_hidden_fd
                0x00027ee8       0x7c shell/lib.a(ash.o)
 .text.esclen   0x00027f64       0x28 shell/lib.a(ash.o)
 .text.falsecmd
                0x00027f8c        0x8 shell/lib.a(ash.o)
 .text.truecmd  0x00027f94        0x8 shell/lib.a(ash.o)
 .text.bltincmd
                0x00027f9c       0x10 shell/lib.a(ash.o)
 .text.pungetc  0x00027fac       0x28 shell/lib.a(ash.o)
 .text.raise_exception
                0x00027fd4       0x2c shell/lib.a(ash.o)
 .text.calcsize
                0x00028000      0x12c shell/lib.a(ash.o)
 .text.sizenodelist
                0x0002812c       0x38 shell/lib.a(ash.o)
 .text.SIT      0x00028164       0x9c shell/lib.a(ash.o)
 .text.pushfile
                0x00028200       0x2c shell/lib.a(ash.o)
 .text.goodname
                0x0002822c       0x18 shell/lib.a(ash.o)
 .text.isassignment
                0x00028244       0x30 shell/lib.a(ash.o)
 .text.freealias
                0x00028274       0x44 shell/lib.a(ash.o)
 .text.freefunc
                0x000282b8       0x24 shell/lib.a(ash.o)
 .text.freeparam
                0x000282dc       0x3c shell/lib.a(ash.o)
 .text.setparam
                0x00028318       0x7c shell/lib.a(ash.o)
 .text.scanright
                0x00028394       0x9c shell/lib.a(ash.o)
 .text.scanleft
                0x00028430       0x78 shell/lib.a(ash.o)
 .text.__lookupalias
                0x000284a8       0x70 shell/lib.a(ash.o)
 .text.lookupalias
                0x00028518       0x2c shell/lib.a(ash.o)
 .text.msort    0x00028544       0xbc shell/lib.a(ash.o)
 .text.pstrcmp  0x00028600        0xc shell/lib.a(ash.o)
 .text.ignoresig
                0x0002860c       0x40 shell/lib.a(ash.o)
 .text.setsignal
                0x0002864c      0x18c shell/lib.a(ash.o)
 .text.nodeckstrdup
                0x000287d8       0x3c shell/lib.a(ash.o)
 .text.copynode
                0x00028814      0x15c shell/lib.a(ash.o)
 .text.copynodelist
                0x00028970       0x50 shell/lib.a(ash.o)
 .text.cmdlookup
                0x000289c0       0xd0 shell/lib.a(ash.o)
 .text.errmsg   0x00028a90       0x18 shell/lib.a(ash.o)
 .text.tokname  0x00028aa8       0x3c shell/lib.a(ash.o)
 .text.findkwd  0x00028ae4       0x28 shell/lib.a(ash.o)
 .text.find_builtin
                0x00028b0c       0x28 shell/lib.a(ash.o)
 .text.ulimitcmd
                0x00028b34        0x8 shell/lib.a(ash.o)
 .text.tryexec  0x00028b3c       0xb0 shell/lib.a(ash.o)
 .text.echocmd  0x00028bec        0x4 shell/lib.a(ash.o)
 .text.testcmd  0x00028bf0        0x4 shell/lib.a(ash.o)
 .text.raise_interrupt
                0x00028bf4       0x74 shell/lib.a(ash.o)
 .text.int_on   0x00028c68       0x3c shell/lib.a(ash.o)
 .text.recordregion
                0x00028ca4       0x74 shell/lib.a(ash.o)
 .text.fmtstr   0x00028d18       0x4c shell/lib.a(ash.o)
 .text.sprint_status
                0x00028d64       0xd4 shell/lib.a(ash.o)
 .text.removerecordregions
                0x00028e38      0x110 shell/lib.a(ash.o)
 .text.freejob  0x00028f48       0x84 shell/lib.a(ash.o)
 .text.makejob  0x00028fcc      0x1c0 shell/lib.a(ash.o)
 .text.unalias  0x0002918c       0x50 shell/lib.a(ash.o)
 .text.popstring
                0x000291dc       0xd0 shell/lib.a(ash.o)
 .text.popfile  0x000292ac       0x70 shell/lib.a(ash.o)
 .text.popallfiles
                0x0002931c       0x2c shell/lib.a(ash.o)
 .text.outstr   0x00029348       0x28 shell/lib.a(ash.o)
 .text.out1str  0x00029370       0x10 shell/lib.a(ash.o)
 .text.flush_stdout_stderr
                0x00029380       0x28 shell/lib.a(ash.o)
 .text.out2str  0x000293a8       0x1c shell/lib.a(ash.o)
 .text.stoppedjobs
                0x000293c4       0x64 shell/lib.a(ash.o)
 .text.pgetc    0x00029428      0x258 shell/lib.a(ash.o)
 .text.pgetc_without_PEOA
                0x00029680       0x1c shell/lib.a(ash.o)
 .text.dowait   0x0002969c      0x1a8 shell/lib.a(ash.o)
 .text.blocking_wait_with_raise_on_sig
                0x00029844       0x3c shell/lib.a(ash.o)
 .text.popstackmark
                0x00029880       0x7c shell/lib.a(ash.o)
 .text.setinputstring
                0x000298fc       0x58 shell/lib.a(ash.o)
 .text.pushstring
                0x00029954       0xa0 shell/lib.a(ash.o)
 .text.delete_cmd_entry
                0x000299f4       0x58 shell/lib.a(ash.o)
 .text.out1fmt  0x00029a4c       0x48 shell/lib.a(ash.o)
 .text.timescmd
                0x00029a94       0xb4 shell/lib.a(ash.o)
 .text.clearcmdentry
                0x00029b48       0x98 shell/lib.a(ash.o)
 .text.changepath
                0x00029be0      0x118 shell/lib.a(ash.o)
 .text.signal_handler
                0x00029cf8       0x50 shell/lib.a(ash.o)
 .text.force_int_on
                0x00029d48       0x28 shell/lib.a(ash.o)
 .text.evalbltin.clone.1
                0x00029d70       0xec shell/lib.a(ash.o)
 .text.outcslow.clone.3
                0x00029e5c       0x3c shell/lib.a(ash.o)
 .text.showjob  0x00029e98      0x1f4 shell/lib.a(ash.o)
 .text.showjobs
                0x0002a08c       0x68 shell/lib.a(ash.o)
 .text.ash_vmsg
                0x0002a0f4       0xd0 shell/lib.a(ash.o)
 .text.ash_vmsg_and_raise
                0x0002a1c4       0x20 shell/lib.a(ash.o)
 .text.ash_msg_and_raise_error
                0x0002a1e4       0x1c shell/lib.a(ash.o)
 .text.varunset
                0x0002a200       0x68 shell/lib.a(ash.o)
 .text.setvareq
                0x0002a268      0x108 shell/lib.a(ash.o)
 .text.listsetvar
                0x0002a370       0x48 shell/lib.a(ash.o)
 .text.setvar   0x0002a3b8       0xe8 shell/lib.a(ash.o)
 .text.setvar2  0x0002a4a0        0x8 shell/lib.a(ash.o)
 .text.unsetvar
                0x0002a4a8       0xb4 shell/lib.a(ash.o)
 .text.setpwd   0x0002a55c       0xf4 shell/lib.a(ash.o)
 .text.localcmd
                0x0002a650      0x128 shell/lib.a(ash.o)
 .text.number   0x0002a778       0x30 shell/lib.a(ash.o)
 .text.returncmd
                0x0002a7a8       0x44 shell/lib.a(ash.o)
 .text.exitcmd  0x0002a7ec       0x40 shell/lib.a(ash.o)
 .text.shiftcmd
                0x0002a82c       0xa8 shell/lib.a(ash.o)
 .text.xtcsetpgrp
                0x0002a8d4       0x1c shell/lib.a(ash.o)
 .text.waitforjob
                0x0002a8f0       0xa0 shell/lib.a(ash.o)
 .text.forkchild
                0x0002a990      0x2f0 shell/lib.a(ash.o)
 .text.copyfd   0x0002ac80       0x5c shell/lib.a(ash.o)
 .text.popredir
                0x0002acdc       0xe8 shell/lib.a(ash.o)
 .text.clearredir
                0x0002adc4       0x3c shell/lib.a(ash.o)
 .text.ash_arith
                0x0002ae00       0x70 shell/lib.a(ash.o)
 .text.stalloc  0x0002ae70       0xac shell/lib.a(ash.o)
 .text.ststrdup
                0x0002af1c       0x28 shell/lib.a(ash.o)
 .text.stzalloc
                0x0002af44       0x1c shell/lib.a(ash.o)
 .text.addfname
                0x0002af60       0x38 shell/lib.a(ash.o)
 .text.expmeta  0x0002af98      0x278 shell/lib.a(ash.o)
 .text.makename
                0x0002b210       0x38 shell/lib.a(ash.o)
 .text.growstackblock
                0x0002b248       0xfc shell/lib.a(ash.o)
 .text.makestrspace
                0x0002b344       0x40 shell/lib.a(ash.o)
 .text.memtodest
                0x0002b384       0x80 shell/lib.a(ash.o)
 .text.stack_nputstr
                0x0002b404       0x2c shell/lib.a(ash.o)
 .text.stack_putstr
                0x0002b430       0x24 shell/lib.a(ash.o)
 .text.cvtnum   0x0002b454       0x48 shell/lib.a(ash.o)
 .text.cmdputs  0x0002b49c      0x204 shell/lib.a(ash.o)
 .text.cmdtxt   0x0002b6a0      0x324 shell/lib.a(ash.o)
 .text.cmdlist  0x0002b9c4       0x58 shell/lib.a(ash.o)
 .text.single_quote
                0x0002ba1c       0xcc shell/lib.a(ash.o)
 .text.printalias
                0x0002bae8       0x28 shell/lib.a(ash.o)
 .text.aliascmd
                0x0002bb10      0x164 shell/lib.a(ash.o)
 .text.rmescapes
                0x0002bc74      0x14c shell/lib.a(ash.o)
 .text.preglob  0x0002bdc0       0x14 shell/lib.a(ash.o)
 .text.growstackstr
                0x0002bdd4       0x58 shell/lib.a(ash.o)
 .text._STPUTC  0x0002be2c       0x30 shell/lib.a(ash.o)
 .text.varvalue
                0x0002be5c      0x364 shell/lib.a(ash.o)
 .text.listvars
                0x0002c1c0       0xa8 shell/lib.a(ash.o)
 .text.showvars
                0x0002c268       0xc8 shell/lib.a(ash.o)
 .text.path_advance
                0x0002c330      0x108 shell/lib.a(ash.o)
 .text.forkshell
                0x0002c438      0x170 shell/lib.a(ash.o)
 .text.raise_error_syntax
                0x0002c5a8       0x14 shell/lib.a(ash.o)
 .text.fixredir
                0x0002c5bc       0x84 shell/lib.a(ash.o)
 .text.raise_error_unexpected_syntax
                0x0002c640       0x6c shell/lib.a(ash.o)
 .text.nextopt  0x0002c6ac      0x11c shell/lib.a(ash.o)
 .text.cdopt    0x0002c7c8       0x38 shell/lib.a(ash.o)
 .text.pwdcmd   0x0002c800       0x58 shell/lib.a(ash.o)
 .text.unsetcmd
                0x0002c858       0x8c shell/lib.a(ash.o)
 .text.unaliascmd
                0x0002c8e4       0xf8 shell/lib.a(ash.o)
 .text.exportcmd
                0x0002c9dc       0xc0 shell/lib.a(ash.o)
 .text.getjob   0x0002ca9c      0x18c shell/lib.a(ash.o)
 .text.waitcmd  0x0002cc28      0x128 shell/lib.a(ash.o)
 .text.killcmd  0x0002cd50       0x8c shell/lib.a(ash.o)
 .text.jobscmd  0x0002cddc       0x98 shell/lib.a(ash.o)
 .text.fg_bgcmd
                0x0002ce74      0x178 shell/lib.a(ash.o)
 .text.readcmd  0x0002cfec       0xe8 shell/lib.a(ash.o)
 .text.letcmd   0x0002d0d4       0x44 shell/lib.a(ash.o)
 .text.breakcmd
                0x0002d118       0x8c shell/lib.a(ash.o)
 .text.umaskcmd
                0x0002d1a4      0x1c4 shell/lib.a(ash.o)
 .text.setinputfile
                0x0002d368       0xf4 shell/lib.a(ash.o)
 .text.cdcmd    0x0002d45c      0x3b4 shell/lib.a(ash.o)
 .text.ash_msg_and_raise
                0x0002d810       0x18 shell/lib.a(ash.o)
 .text.shellexec
                0x0002d828      0x11c shell/lib.a(ash.o)
 .text.ash_msg  0x0002d944       0x24 shell/lib.a(ash.o)
 .text.setjobctl
                0x0002d968      0x1a8 shell/lib.a(ash.o)
 .text.optschanged
                0x0002db10       0x5c shell/lib.a(ash.o)
 .text.execcmd  0x0002db6c       0x58 shell/lib.a(ash.o)
 .text.options  0x0002dbc4      0x2c8 shell/lib.a(ash.o)
 .text.setcmd   0x0002de8c       0x80 shell/lib.a(ash.o)
 .text.trapcmd  0x0002df0c      0x144 shell/lib.a(ash.o)
 .text.readtoken1
                0x0002e050     0x103c shell/lib.a(ash.o)
 .text.parseheredoc
                0x0002f08c       0x9c shell/lib.a(ash.o)
 .text.xxreadtoken
                0x0002f128      0x1b8 shell/lib.a(ash.o)
 .text.readtoken
                0x0002f2e0       0xe4 shell/lib.a(ash.o)
 .text.parsefname
                0x0002f3c4      0x14c shell/lib.a(ash.o)
 .text.peektoken
                0x0002f510       0x2c shell/lib.a(ash.o)
 .text.parse_command
                0x0002f53c      0x74c shell/lib.a(ash.o)
 .text.pipeline
                0x0002fc88       0xe8 shell/lib.a(ash.o)
 .text.list     0x0002fd70      0x1ac shell/lib.a(ash.o)
 .text.parsecmd
                0x0002ff1c       0x64 shell/lib.a(ash.o)
 .text.evalstring
                0x0002ff80       0x70 shell/lib.a(ash.o)
 .text.evaltree
                0x0002fff0      0x448 shell/lib.a(ash.o)
 .text.argstr   0x00030438      0x614 shell/lib.a(ash.o)
 .text.expandarg
                0x00030a4c      0x46c shell/lib.a(ash.o)
 .text.expredir
                0x00030eb8       0xec shell/lib.a(ash.o)
 .text.redirect
                0x00030fa4      0x598 shell/lib.a(ash.o)
 .text.redirectsafe
                0x0003153c       0xbc shell/lib.a(ash.o)
 .text.evalsubshell
                0x000315f8       0xd0 shell/lib.a(ash.o)
 .text.subevalvar
                0x000316c8      0x5dc shell/lib.a(ash.o)
 .text.evalvar  0x00031ca4      0x2e8 shell/lib.a(ash.o)
 .text.evalcase
                0x00031f8c      0x160 shell/lib.a(ash.o)
 .text.evalloop
                0x000320ec      0x108 shell/lib.a(ash.o)
 .text.evalfor  0x000321f4      0x144 shell/lib.a(ash.o)
 .text.evalfun  0x00032338      0x20c shell/lib.a(ash.o)
 .text.evalcmd  0x00032544       0x8c shell/lib.a(ash.o)
 .text.exitshell
                0x000325d0       0x90 shell/lib.a(ash.o)
 .text.cmdloop  0x00032660      0x120 shell/lib.a(ash.o)
 .text.find_command
                0x00032780      0x408 shell/lib.a(ash.o)
 .text.typecmd  0x00032b88      0x234 shell/lib.a(ash.o)
 .text.hashcmd  0x00032dbc      0x194 shell/lib.a(ash.o)
 .text.evalpipe
                0x00032f50      0x1c4 shell/lib.a(ash.o)
 .text.evalcommand
                0x00033114      0x500 shell/lib.a(ash.o)
 .text.dotcmd   0x00033614      0x168 shell/lib.a(ash.o)
 .text.read_profile
                0x0003377c       0x34 shell/lib.a(ash.o)
 .text.ash_main
                0x000337b0      0x644 shell/lib.a(ash.o)
                0x000337b0                ash_main
 .text.endofname
                0x00033df4       0x60 shell/lib.a(math.o)
                0x00033df4                endofname
 .text.evaluate_string
                0x00033e54      0x334 shell/lib.a(math.o)
 .text.arith_lookup_val
                0x00034188       0xa4 shell/lib.a(math.o)
 .text.arith_apply
                0x0003422c      0x490 shell/lib.a(math.o)
 .text.arith    0x000346bc       0x10 shell/lib.a(math.o)
                0x000346bc                arith
 .text.printlim.clone.0
                0x000346cc       0x60 shell/lib.a(shell_common.o)
 .text.is_well_formed_var_name
                0x0003472c       0x64 shell/lib.a(shell_common.o)
                0x0003472c                is_well_formed_var_name
 .text.shell_builtin_read
                0x00034790      0x4c8 shell/lib.a(shell_common.o)
                0x00034790                shell_builtin_read
 .text.shell_builtin_ulimit
                0x00034c58      0x208 shell/lib.a(shell_common.o)
                0x00034c58                shell_builtin_ulimit
 .text.klogd_setloglevel
                0x00034e60       0x40 sysklogd/lib.a(klogd.o)
 .text.klogd_main
                0x00034ea0      0x21c sysklogd/lib.a(klogd.o)
                0x00034ea0                klogd_main
 .text.find_by_val
                0x000350bc       0x30 sysklogd/lib.a(syslogd_and_logger.o)
 .text.decode   0x000350ec       0x54 sysklogd/lib.a(syslogd_and_logger.o)
 .text.find_by_name
                0x00035140       0x3c sysklogd/lib.a(syslogd_and_logger.o)
 .text.create_socket
                0x0003517c       0xa4 sysklogd/lib.a(syslogd_and_logger.o)
 .text.log_locally
                0x00035220      0x204 sysklogd/lib.a(syslogd_and_logger.o)
 .text.timestamp_and_log
                0x00035424      0x1e0 sysklogd/lib.a(syslogd_and_logger.o)
 .text.timestamp_and_log_internal
                0x00035604       0x10 sysklogd/lib.a(syslogd_and_logger.o)
 .text.syslogd_main
                0x00035614      0x5bc sysklogd/lib.a(syslogd_and_logger.o)
                0x00035614                syslogd_main
 .text.logger_main
                0x00035bd0      0x1ec sysklogd/lib.a(syslogd_and_logger.o)
                0x00035bd0                logger_main
 .text.dmesg_main
                0x00035dbc      0x138 util-linux/lib.a(dmesg.o)
                0x00035dbc                dmesg_main
 .text.fdformat_main
                0x00035ef4      0x270 util-linux/lib.a(fdformat.o)
                0x00035ef4                fdformat_main
 .text.valid_part_table_flag
                0x00036164       0x28 util-linux/lib.a(fdisk.o)
 .text.linear2chs
                0x0003618c       0x70 util-linux/lib.a(fdisk.o)
 .text.close_dev_fd
                0x000361fc       0x20 util-linux/lib.a(fdisk.o)
 .text.fdisk_fatal
                0x0003621c       0x34 util-linux/lib.a(fdisk.o)
 .text.get_start_sect
                0x00036250       0x1c util-linux/lib.a(fdisk.o)
 .text.get_partition_start_from_dev_start
                0x0003626c       0x18 util-linux/lib.a(fdisk.o)
 .text.get_nr_sects
                0x00036284       0x1c util-linux/lib.a(fdisk.o)
 .text.list_disk_geometry
                0x000362a0      0x128 util-linux/lib.a(fdisk.o)
 .text.open_list_and_close
                0x000363c8      0xd6c util-linux/lib.a(fdisk.o)
 .text.list_devs_in_proc_partititons
                0x00037134       0xc8 util-linux/lib.a(fdisk.o)
 .text.fdisk_main
                0x000371fc      0x140 util-linux/lib.a(fdisk.o)
                0x000371fc                fdisk_main
 .text.normalize
                0x0003733c      0x110 util-linux/lib.a(getopt.o)
 .text.generate_output
                0x0003744c      0x1c4 util-linux/lib.a(getopt.o)
 .text.getopt_main
                0x00037610      0x330 util-linux/lib.a(getopt.o)
                0x00037610                getopt_main
 .text.hexdump_main
                0x00037940      0x324 util-linux/lib.a(hexdump.o)
                0x00037940                hexdump_main
 .text.read_rtc
                0x00037c64       0x38 util-linux/lib.a(hwclock.o)
 .text.hwclock_main
                0x00037c9c      0x178 util-linux/lib.a(hwclock.o)
                0x00037c9c                hwclock_main
 .text.print_perms
                0x00037e14       0xbc util-linux/lib.a(ipcs.o)
 .text.do_shm   0x00037ed0      0x420 util-linux/lib.a(ipcs.o)
 .text.do_sem   0x000382f0      0x32c util-linux/lib.a(ipcs.o)
 .text.do_msg   0x0003861c      0x3c4 util-linux/lib.a(ipcs.o)
 .text.ipcs_main
                0x000389e0      0x494 util-linux/lib.a(ipcs.o)
                0x000389e0                ipcs_main
 .text.losetup_main
                0x00038e74      0x18c util-linux/lib.a(losetup.o)
                0x00038e74                losetup_main
 .text.dirAction
                0x00039000       0x60 util-linux/lib.a(mdev.o)
 .text.make_device
                0x00039060      0x754 util-linux/lib.a(mdev.o)
 .text.fileAction