Archive member included because of file (symbol)

libbb/lib.a(appletlib.o)      /home/media/data/hudson_build/32bitProduct_SN98600_1.20_P2P_QIWO/ST58600_SRC/toolchain/crosstool-4.5.2/bin/../arm-unknown-linux-uclibcgnueabi/sysroot/usr/lib/crt1.o (main)
libbb/lib.a(bb_basename.o)    libbb/lib.a(appletlib.o) (bb_basename)
libbb/lib.a(bb_strtonum.o)    libbb/lib.a(appletlib.o) (bb_strtoul)
libbb/lib.a(concat_path_file.o)
                              libbb/lib.a(appletlib.o) (concat_path_file)
libbb/lib.a(default_error_retval.o)
                              libbb/lib.a(appletlib.o) (xfunc_error_retval)
libbb/lib.a(get_last_path_component.o)
                              libbb/lib.a(appletlib.o) (bb_get_last_path_component_nostrip)
libbb/lib.a(last_char_is.o)   libbb/lib.a(concat_path_file.o) (last_char_is)
libbb/lib.a(messages.o)       libbb/lib.a(appletlib.o) (bb_banner)
libbb/lib.a(perror_msg.o)     libbb/lib.a(appletlib.o) (bb_perror_msg_and_die)
libbb/lib.a(ptr_to_globals.o)
                              libbb/lib.a(appletlib.o) (bb_errno)
libbb/lib.a(skip_whitespace.o)
                              libbb/lib.a(appletlib.o) (skip_whitespace)
libbb/lib.a(verror_msg.o)     libbb/lib.a(perror_msg.o) (bb_verror_msg)
libbb/lib.a(wfopen.o)         libbb/lib.a(appletlib.o) (fopen_for_read)
libbb/lib.a(xfunc_die.o)      libbb/lib.a(appletlib.o) (xfunc_die)
libbb/lib.a(xfuncs.o)         libbb/lib.a(appletlib.o) (full_write2_str)
libbb/lib.a(xfuncs_printf.o)  libbb/lib.a(appletlib.o) (xmalloc)
libbb/lib.a(xreadlink.o)      libbb/lib.a(appletlib.o) (xmalloc_readlink)
libbb/lib.a(copyfd.o)         libbb/lib.a(xfuncs_printf.o) (bb_copyfd_eof)
libbb/lib.a(full_write.o)     libbb/lib.a(verror_msg.o) (full_write)
libbb/lib.a(read.o)           libbb/lib.a(copyfd.o) (safe_read)
libbb/lib.a(safe_write.o)     libbb/lib.a(full_write.o) (safe_write)
libbb/lib.a(time.o)           libbb/lib.a(xfuncs_printf.o) (monotonic_us)
loginutils/lib.a(getty.o)     libbb/lib.a(appletlib.o) (getty_main)
loginutils/lib.a(login.o)     libbb/lib.a(appletlib.o) (login_main)
loginutils/lib.a(passwd.o)    libbb/lib.a(appletlib.o) (passwd_main)
loginutils/lib.a(sulogin.o)   libbb/lib.a(appletlib.o) (sulogin_main)
loginutils/lib.a(vlock.o)     libbb/lib.a(appletlib.o) (vlock_main)
miscutils/lib.a(flash_eraseall.o)
                              libbb/lib.a(appletlib.o) (flash_eraseall_main)
miscutils/lib.a(mt.o)         libbb/lib.a(appletlib.o) (mt_main)
miscutils/lib.a(strings.o)    libbb/lib.a(appletlib.o) (strings_main)
miscutils/lib.a(time.o)       libbb/lib.a(appletlib.o) (time_main)
modutils/lib.a(modprobe-small.o)
                              libbb/lib.a(appletlib.o) (modprobe_main)
networking/lib.a(hostname.o)  libbb/lib.a(appletlib.o) (hostname_main)
networking/lib.a(ifconfig.o)  libbb/lib.a(appletlib.o) (ifconfig_main)
networking/lib.a(inetd.o)     libbb/lib.a(appletlib.o) (inetd_main)
networking/lib.a(interface.o)
                              networking/lib.a(ifconfig.o) (in_ib)
networking/lib.a(ntpd.o)      libbb/lib.a(appletlib.o) (ntpd_main)
networking/lib.a(ping.o)      libbb/lib.a(appletlib.o) (ping_main)
networking/lib.a(route.o)     libbb/lib.a(appletlib.o) (route_main)
networking/lib.a(wget.o)      libbb/lib.a(appletlib.o) (wget_main)
networking/udhcp/lib.a(dhcpc.o)
                              libbb/lib.a(appletlib.o) (udhcpc_main)
networking/udhcp/lib.a(domain_codec.o)
                              networking/udhcp/lib.a(dhcpc.o) (dname_dec)
networking/udhcp/lib.a(packet.o)
                              networking/udhcp/lib.a(dhcpc.o) (udhcp_init_header)
networking/udhcp/lib.a(signalpipe.o)
                              networking/udhcp/lib.a(dhcpc.o) (udhcp_sp_setup)
networking/udhcp/lib.a(socket.o)
                              networking/udhcp/lib.a(dhcpc.o) (udhcp_read_interface)
networking/udhcp/lib.a(arpping.o)
                              networking/udhcp/lib.a(dhcpc.o) (arpping)
networking/udhcp/lib.a(common.o)
                              networking/udhcp/lib.a(dhcpc.o) (dhcp_verbose)
procps/lib.a(kill.o)          libbb/lib.a(appletlib.o) (kill_main)
procps/lib.a(pidof.o)         libbb/lib.a(appletlib.o) (pidof_main)
procps/lib.a(ps.o)            libbb/lib.a(appletlib.o) (ps_main)
shell/lib.a(ash.o)            libbb/lib.a(appletlib.o) (ash_main)
shell/lib.a(ash_ptr_hack.o)   shell/lib.a(ash.o) (ash_ptr_to_globals_misc)
shell/lib.a(math.o)           shell/lib.a(ash.o) (endofname)
shell/lib.a(shell_common.o)   shell/lib.a(ash.o) (shell_builtin_read)
sysklogd/lib.a(klogd.o)       libbb/lib.a(appletlib.o) (klogd_main)
sysklogd/lib.a(syslogd_and_logger.o)
                              libbb/lib.a(appletlib.o) (syslogd_main)
util-linux/lib.a(dmesg.o)     libbb/lib.a(appletlib.o) (dmesg_main)
util-linux/lib.a(fdformat.o)  libbb/lib.a(appletlib.o) (fdformat_main)
util-linux/lib.a(fdisk.o)     libbb/lib.a(appletlib.o) (fdisk_main)
util-linux/lib.a(getopt.o)    libbb/lib.a(appletlib.o) (getopt_main)
[...]
Memory Configuration

Name             Origin             Length             Attributes
*default*        0x00000000         0xffffffff

Linker script and memory map

LOAD /home/media/data/hudson_build/32bitProduct_SN98600_1.20_P2P_QIWO/ST58600_SRC/toolchain/crosstool-4.5.2/bin/../arm-unknown-linux-uclibcgnueabi/sysroot/usr/lib/crt1.o
LOAD /home/media/data/hudson_build/32bitProduct_SN98600_1.20_P2P_QIWO/ST58600_SRC/toolchain/crosstool-4.5.2/bin/../arm-unknown-linux-uclibcgnueabi/sysroot/usr/lib/crti.o
LOAD /home/media/data/hudson_build/32bitProduct_SN98600_1.20_P2P_QIWO/ST58600_SRC/toolchain/crosstool-4.5.2/bin/../lib/gcc/arm-unknown-linux-uclibcgnueabi/4.5.2/crtbegin.o
START GROUP
LOAD applets/built-in.o
LOAD archival/lib.a
LOAD archival/libarchive/lib.a
LOAD console-tools/lib.a
LOAD coreutils/lib.a
LOAD coreutils/libcoreutils/lib.a
LOAD debianutils/lib.a
LOAD e2fsprogs/lib.a
LOAD editors/lib.a
LOAD findutils/lib.a
LOAD init/lib.a
LOAD libbb/lib.a
LOAD libpwdgrp/lib.a
LOAD loginutils/lib.a
LOAD mailutils/lib.a
LOAD miscutils/lib.a
LOAD modutils/lib.a
LOAD networking/lib.a
LOAD networking/libiproute/lib.a
LOAD networking/udhcp/lib.a
LOAD printutils/lib.a
LOAD procps/lib.a
LOAD runit/lib.a
LOAD selinux/lib.a
LOAD shell/lib.a
LOAD sysklogd/lib.a
LOAD util-linux/lib.a
LOAD util-linux/volume_id/lib.a
LOAD archival/built-in.o
LOAD archival/libarchive/built-in.o
LOAD console-tools/built-in.o
LOAD coreutils/built-in.o
LOAD coreutils/libcoreutils/built-in.o
LOAD debianutils/built-in.o
LOAD e2fsprogs/built-in.o
LOAD editors/built-in.o
LOAD findutils/built-in.o
LOAD init/built-in.o
LOAD libbb/built-in.o
LOAD libpwdgrp/built-in.o
LOAD loginutils/built-in.o
LOAD mailutils/built-in.o
LOAD miscutils/built-in.o
LOAD modutils/built-in.o
LOAD networking/built-in.o
LOAD networking/libiproute/built-in.o
LOAD networking/udhcp/built-in.o
LOAD printutils/built-in.o
LOAD procps/built-in.o
LOAD runit/built-in.o
LOAD selinux/built-in.o
LOAD shell/built-in.o
LOAD sysklogd/built-in.o
LOAD util-linux/built-in.o
LOAD util-linux/volume_id/built-in.o
END GROUP
LOAD /home/media/data/hudson_build/32bitProduct_SN98600_1.20_P2P_QIWO/ST58600_SRC/toolchain/crosstool-4.5.2/bin/../lib/gcc/arm-unknown-linux-uclibcgnueabi/4.5.2/libgcc.a
LOAD /home/media/data/hudson_build/32bitProduct_SN98600_1.20_P2P_QIWO/ST58600_SRC/toolchain/crosstool-4.5.2/bin/../lib/gcc/arm-unknown-linux-uclibcgnueabi/4.5.2/libgcc_eh.a
LOAD /home/media/data/hudson_build/32bitProduct_SN98600_1.20_P2P_QIWO/ST58600_SRC/toolchain/crosstool-4.5.2/bin/../arm-unknown-linux-uclibcgnueabi/sysroot/usr/lib/libc.so
START GROUP
LOAD /home/media/data/hudson_build/32bitProduct_SN98600_1.20_P2P_QIWO/ST58600_SRC/toolchain/crosstool-4.5.2/bin/../arm-unknown-linux-uclibcgnueabi/sysroot/lib/libc.so.0
LOAD /home/media/data/hudson_build/32bitProduct_SN98600_1.20_P2P_QIWO/ST58600_SRC/toolchain/crosstool-4.5.2/bin/../arm-unknown-linux-uclibcgnueabi/sysroot/usr/lib/uclibc_nonshared.a
LOAD /home/media/data/hudson_build/32bitProduct_SN98600_1.20_P2P_QIWO/ST58600_SRC/toolchain/crosstool-4.5.2/bin/../arm-unknown-linux-uclibcgnueabi/sysroot/lib/ld-uClibc.so.0
END GROUP
LOAD /home/media/data/hudson_build/32bitProduct_SN98600_1.20_P2P_QIWO/ST58600_SRC/toolchain/crosstool-4.5.2/bin/../lib/gcc/arm-unknown-linux-uclibcgnueabi/4.5.2/libgcc.a
LOAD /home/media/data/hudson_build/32bitProduct_SN98600_1.20_P2P_QIWO/ST58600_SRC/toolchain/crosstool-4.5.2/bin/../lib/gcc/arm-unknown-linux-uclibcgnueabi/4.5.2/libgcc_eh.a
LOAD /home/media/data/hudson_build/32bitProduct_SN98600_1.20_P2P_QIWO/ST58600_SRC/toolchain/crosstool-4.5.2/bin/../lib/gcc/arm-unknown-linux-uclibcgnueabi/4.5.2/crtend.o
LOAD /home/media/data/hudson_build/32bitProduct_SN98600_1.20_P2P_QIWO/ST58600_SRC/toolchain/crosstool-4.5.2/bin/../arm-unknown-linux-uclibcgnueabi/sysroot/usr/lib/crtn.o
                0x00008000                PROVIDE (__executable_start, 0x8000)
                0x00008114                . = (0x8000 + SIZEOF_HEADERS)

.interp         0x00008114       0x14
 *(SORT(.interp))
 .interp        0x00008114       0x14 /home/media/data/hudson_build/32bitProduct_SN98600_1.20_P2P_QIWO/ST58600_SRC/toolchain/crosstool-4.5.2/bin/../arm-unknown-linux-uclibcgnueabi/sysroot/usr/lib/crt1.o

.note.gnu.build-id
 *(SORT(.note.gnu.build-id))

.hash           0x00008128      0x908
 *(SORT(.hash))
 .hash          0x00008128      0x908 /home/media/data/hudson_build/32bitProduct_SN98600_1.20_P2P_QIWO/ST58600_SRC/toolchain/crosstool-4.5.2/bin/../arm-unknown-linux-uclibcgnueabi/sysroot/usr/lib/crt1.o

.gnu.hash
 *(SORT(.gnu.hash))

.dynsym         0x00008a30     0x1390
 *(SORT(.dynsym))
 .dynsym        0x00008a30     0x1390 /home/media/data/hudson_build/32bitProduct_SN98600_1.20_P2P_QIWO/ST58600_SRC/toolchain/crosstool-4.5.2/bin/../arm-unknown-linux-uclibcgnueabi/sysroot/usr/lib/crt1.o

.dynstr         0x00009dc0      0xa13
 *(SORT(.dynstr))
 .dynstr        0x00009dc0      0xa13 /home/media/data/hudson_build/32bitProduct_SN98600_1.20_P2P_QIWO/ST58600_SRC/toolchain/crosstool-4.5.2/bin/../arm-unknown-linux-uclibcgnueabi/sysroot/usr/lib/crt1.o

.gnu.version    0x0000a7d4        0x0
 *(SORT(.gnu.version))
 .gnu.version   0x00000000        0x0 /home/media/data/hudson_build/32bitProduct_SN98600_1.20_P2P_QIWO/ST58600_SRC/toolchain/crosstool-4.5.2/bin/../arm-unknown-linux-uclibcgnueabi/sysroot/usr/lib/crt1.o

.gnu.version_d  0x0000a7d4        0x0
 *(SORT(.gnu.version_d))
 .gnu.version_d
                0x00000000        0x0 /home/media/data/hudson_build/32bitProduct_SN98600_1.20_P2P_QIWO/ST58600_SRC/toolchain/crosstool-4.5.2/bin/../arm-unknown-linux-uclibcgnueabi/sysroot/usr/lib/crt1.o

.gnu.version_r  0x0000a7d4        0x0
 *(SORT(.gnu.version_r))
 .gnu.version_r
                0x00000000        0x0 /home/media/data/hudson_build/32bitProduct_SN98600_1.20_P2P_QIWO/ST58600_SRC/toolchain/crosstool-4.5.2/bin/../arm-unknown-linux-uclibcgnueabi/sysroot/usr/lib/crt1.o

.rel.dyn        0x0000a7d4       0x48
 *(SORT(.rel.init))
 *(SORT(.rel.text) SORT(.rel.text.*) SORT(.rel.gnu.linkonce.t.*))
 *(SORT(.rel.fini))
 *(SORT(.rel.rodata) SORT(.rel.rodata.*) SORT(.rel.gnu.linkonce.r.*))
 *(SORT(.rel.data.rel.ro*) SORT(.rel.gnu.linkonce.d.rel.ro.*))
 *(SORT(.rel.data) SORT(.rel.data.*) SORT(.rel.gnu.linkonce.d.*))
 *(SORT(.rel.tdata) SORT(.rel.tdata.*) SORT(.rel.gnu.linkonce.td.*))
 *(SORT(.rel.tbss) SORT(.rel.tbss.*) SORT(.rel.gnu.linkonce.tb.*))
 *(SORT(.rel.ctors))
 *(SORT(.rel.dtors))
 *(SORT(.rel.got))
 .rel.got       0x0000a7d4       0x10 /home/media/data/hudson_build/32bitProduct_SN98600_1.20_P2P_QIWO/ST58600_SRC/toolchain/crosstool-4.5.2/bin/../arm-unknown-linux-uclibcgnueabi/sysroot/usr/lib/crt1.o
 *(SORT(.rel.bss) SORT(.rel.bss.*) SORT(.rel.gnu.linkonce.b.*))
 .rel.bss       0x0000a7e4       0x38 /home/media/data/hudson_build/32bitProduct_SN98600_1.20_P2P_QIWO/ST58600_SRC/toolchain/crosstool-4.5.2/bin/../arm-unknown-linux-uclibcgnueabi/sysroot/usr/lib/crt1.o
                0x0000a81c                PROVIDE (__rel_iplt_start, .)
 *(SORT(.rel.iplt))
 .rel.iplt      0x00000000        0x0 /home/media/data/hudson_build/32bitProduct_SN98600_1.20_P2P_QIWO/ST58600_SRC/toolchain/crosstool-4.5.2/bin/../arm-unknown-linux-uclibcgnueabi/sysroot/usr/lib/crt1.o
                0x0000a81c                PROVIDE (__rel_iplt_end, .)
                0x0000a81c                PROVIDE (__rela_iplt_start, .)
                0x0000a81c                PROVIDE (__rela_iplt_end, .)

.rela.dyn       0x0000a81c        0x0
 *(SORT(.rela.init))
 *(SORT(.rela.text) SORT(.rela.text.*) SORT(.rela.gnu.linkonce.t.*))
 *(SORT(.rela.fini))
 *(SORT(.rela.rodata) SORT(.rela.rodata.*) SORT(.rela.gnu.linkonce.r.*))
 *(SORT(.rela.data) SORT(.rela.data.*) SORT(.rela.gnu.linkonce.d.*))
 *(SORT(.rela.tdata) SORT(.rela.tdata.*) SORT(.rela.gnu.linkonce.td.*))
 *(SORT(.rela.tbss) SORT(.rela.tbss.*) SORT(.rela.gnu.linkonce.tb.*))
 *(SORT(.rela.ctors))
 *(SORT(.rela.dtors))
 *(SORT(.rela.got))
 *(SORT(.rela.bss) SORT(.rela.bss.*) SORT(.rela.gnu.linkonce.b.*))
                0x0000a81c                PROVIDE (__rel_iplt_start, .)
                0x0000a81c                PROVIDE (__rel_iplt_end, .)
                0x0000a81c                PROVIDE (__rela_iplt_start, .)
 *(SORT(.rela.iplt))
                0x0000a81c                PROVIDE (__rela_iplt_end, .)

.rel.plt        0x0000a81c      0x928
 *(SORT(.rel.plt))
 .rel.plt       0x0000a81c      0x928 /home/media/data/hudson_build/32bitProduct_SN98600_1.20_P2P_QIWO/ST58600_SRC/toolchain/crosstool-4.5.2/bin/../arm-unknown-linux-uclibcgnueabi/sysroot/usr/lib/crt1.o

.rela.plt
 *(SORT(.rela.plt))

.init           0x0000b144       0x10
 *(SORT(.init))
 .init          0x0000b144        0xc /home/media/data/hudson_build/32bitProduct_SN98600_1.20_P2P_QIWO/ST58600_SRC/toolchain/crosstool-4.5.2/bin/../arm-unknown-linux-uclibcgnueabi/sysroot/usr/lib/crti.o
                0x0000b144                _init
 .init          0x0000b150        0x4 /home/media/data/hudson_build/32bitProduct_SN98600_1.20_P2P_QIWO/ST58600_SRC/toolchain/crosstool-4.5.2/bin/../arm-unknown-linux-uclibcgnueabi/sysroot/usr/lib/crtn.o

.plt            0x0000b154      0xdd0
 *(SORT(.plt))
 .plt           0x0000b154      0xdd0 /home/media/data/hudson_build/32bitProduct_SN98600_1.20_P2P_QIWO/ST58600_SRC/toolchain/crosstool-4.5.2/bin/../arm-unknown-linux-uclibcgnueabi/sysroot/usr/lib/crt1.o
                0x0000b168                longjmp
                0x0000b174                putchar
                0x0000b180                chroot
                0x0000b18c                strcpy
                0x0000b198                setrlimit64
                0x0000b1a4                unsetenv
                0x0000b1b0                mkstemp64
                0x0000b1bc                waitpid
                0x0000b1c8                ioctl
                0x0000b1d4                getgid
                0x0000b1e0                sysconf
                0x0000b1ec                printf
                0x0000b1f8                random
                0x0000b204                getspnam_r
                0x0000b210                cfgetospeed
                0x0000b21c                recv
                0x0000b228                connect
                0x0000b234                ungetc
                0x0000b240                sigemptyset
                0x0000b24c                utimes
                0x0000b258                shmctl
                0x0000b264                strerror
                0x0000b270                geteuid
                0x0000b27c                stat64
                0x0000b288                memmove
                0x0000b294                getopt_long
                0x0000b2a0                snprintf
                0x0000b2ac                pmap_set
                0x0000b2b8                mknod
                0x0000b2c4                getgrgid
                0x0000b2d0                clnt_spcreateerror
                0x0000b2dc                times
                0x0000b2e8                authunix_create_default
                0x0000b2f4                getenv
                0x0000b300                fchmod
                0x0000b30c                getegid
                0x0000b318                setlinebuf
                0x0000b324                setpriority
                0x0000b330                getpriority
                0x0000b33c                bsearch
                0x0000b348                usleep
                0x0000b360                execve
                0x0000b36c                getpagesize
                0x0000b378                getpid
                0x0000b384                qsort
                0x0000b390                fchown
                0x0000b39c                fscanf
                0x0000b3a8                fgets
                0x0000b3b4                dirname
                0x0000b3c0                fcntl64
                0x0000b3cc                getrlimit64
                0x0000b3d8                memcpy
                0x0000b3e4                pmap_getport
                0x0000b3f0                readlink
                0x0000b3fc                puts
                0x0000b408                dup2
                0x0000b414                tcflush
                0x0000b420                getuid
                0x0000b42c                semctl
                0x0000b438                system
                0x0000b444                feof
                0x0000b450                hasmntopt
                0x0000b45c                malloc
                0x0000b468                isatty
                0x0000b474                cfgetispeed
                0x0000b480                sleep
                0x0000b48c                sysinfo
                0x0000b498                vsnprintf
                0x0000b4a4                strtoll
                0x0000b4b0                recvfrom
                0x0000b4bc                xdr_bytes
                0x0000b4c8                tcdrain
                0x0000b4d4                strtoul
                0x0000b4e0                getutent
                0x0000b4ec                gethostbyaddr
                0x0000b4f8                settimeofday
                0x0000b504                rmdir
                0x0000b510                socket
                0x0000b51c                select
                0x0000b528                init_module
                0x0000b534                lchown
                0x0000b540                setgroups
                0x0000b54c                delete_module
                0x0000b558                fflush
                0x0000b564                realpath
                0x0000b570                getrpcbyname
                0x0000b57c                putenv
                0x0000b588                sigaddset
                0x0000b594                clearenv
                0x0000b5a0                chown
                0x0000b5ac                strncasecmp
                0x0000b5b8                setpgid
                0x0000b5c4                freeaddrinfo
                0x0000b5d0                abort
                0x0000b5dc                chmod
                0x0000b5e8                getnameinfo
                0x0000b5f4                fstat64
                0x0000b600                alarm
                0x0000b60c                strtol
                0x0000b618                pipe
                0x0000b624                getpgrp
                0x0000b630                strnlen
                0x0000b63c                uname
                0x0000b648                accept
                0x0000b654                cfsetispeed
                0x0000b660                rename
                0x0000b66c                strrchr
                0x0000b678                xdr_enum
                0x0000b684                strtod
                0x0000b690                write
                0x0000b69c                atof
                0x0000b6a8                fdatasync
                0x0000b6b4                fprintf
                0x0000b6c0                kill
                0x0000b6cc                ctime
                0x0000b6d8                strcat
                0x0000b6e4                bind
                0x0000b6f0                getmntent_r
                0x0000b6fc                inet_addr
                0x0000b708                vprintf
                0x0000b714                umount2
                0x0000b720                if_nametoindex
                0x0000b738                reboot
                0x0000b744                chdir
                0x0000b750                initgroups
                0x0000b75c                pmap_unset
                0x0000b768                endgrent
                0x0000b774                setsockopt
                0x0000b780                wait3
                0x0000b78c                cfsetospeed
                0x0000b798                memchr
                0x0000b7a4                swapoff
                0x0000b7b0                wait
                0x0000b7bc                umask
                0x0000b7c8                dprintf
                0x0000b7d4                mktime
                0x0000b7e0                strcasestr
                0x0000b7ec                ferror
                0x0000b7f8                strstr
                0x0000b804                rand
                0x0000b810                setgid
                0x0000b81c                signal
                0x0000b828                read
                0x0000b834                endutent
                0x0000b840                openlog
                0x0000b84c                sendmsg
                0x0000b858                clntudp_create
                0x0000b864                closelog
                0x0000b870                strncmp
                0x0000b87c                sethostname
                0x0000b888                __cmsg_nxthdr
                0x0000b894                strncpy
                0x0000b8a0                unlink
                0x0000b8ac                sync
                0x0000b8b8                setenv
                0x0000b8c4                strcasecmp
                0x0000b8d0                sendto
                0x0000b8e8                realloc
                0x0000b8f4                __cxa_atexit
                0x0000b900                readdir64
                0x0000b90c                strtok
                0x0000b918                sigfillset
                0x0000b924                memcmp
                0x0000b930                listen
                0x0000b93c                xdr_opaque
                0x0000b948                fdopen
                0x0000b954                fork
                0x0000b960                sscanf
                0x0000b96c                execv
                0x0000b978                setmntent
                0x0000b984                lstat64
                0x0000b990                setresuid
                0x0000b99c                execlp
                0x0000b9a8                sigaction
                0x0000b9b4                endmntent
                0x0000b9c0                killpg
                0x0000b9cc                fread
                0x0000b9d8                ttyname_r
                0x0000b9e4                __uClibc_main
                0x0000b9f0                getlogin_r
                0x0000b9fc                strdup
                0x0000ba08                inet_aton
                0x0000ba14                strtoull
                0x0000ba20                regcomp
                0x0000ba2c                symlink
                0x0000ba38                gettimeofday
                0x0000ba44                getopt
                0x0000ba50                localtime
                0x0000ba5c                memset
                0x0000ba68                fnmatch
                0x0000ba74                srand
                0x0000ba80                clearerr
                0x0000ba8c                mallopt
                0x0000ba98                fclose
                0x0000baa4                open64
                0x0000bab0                xdr_string
                0x0000babc                inet_ntoa
                0x0000bac8                getppid
                0x0000bad4                tcgetattr
                0x0000bae0                regexec
                0x0000baec                time
                0x0000baf8                opendir
                0x0000bb04                getgroups
                0x0000bb10                msgctl
                0x0000bb1c                poll
                0x0000bb28                syslog
                0x0000bb34                xdr_u_int
                0x0000bb40                getopt_long_only
                0x0000bb4c                mount
                0x0000bb58                strcmp
                0x0000bb64                pmap_getmaps
                0x0000bb70                getpwuid
                0x0000bb7c                __h_errno_location
                0x0000bb88                dup
                0x0000bb94                swapon
                0x0000bba0                __gnu_Unwind_Find_exidx
                0x0000bbac                getcwd
                0x0000bbb8                gethostbyname
                0x0000bbc4                strsignal
                0x0000bbd0                getpwnam
                0x0000bbdc                getservbyname
                0x0000bbe8                fgetc
                0x0000bbf4                sprintf
                0x0000bc00                clnttcp_create
                0x0000bc0c                strcspn
                0x0000bc18                cfsetspeed
                0x0000bc24                regerror
                0x0000bc30                umount
                0x0000bc3c                pututline
                0x0000bc48                vfork
                0x0000bc54                srandom
                0x0000bc60                strsep
                0x0000bc6c                fsync
                0x0000bc78                fputc
                0x0000bc84                clnt_sperror
                0x0000bc90                hstrerror
                0x0000bc9c                localtime_r
                0x0000bca8                getaddrinfo
                0x0000bcb4                setresgid
                0x0000bcc0                strftime
                0x0000bccc                getmntent
                0x0000bcd8                fwrite
                0x0000bce4                access
                0x0000bcf0                bindresvport
                0x0000bcfc                strptime
                0x0000bd08                tcgetpgrp
                0x0000bd14                __errno_location
                0x0000bd20                link
                0x0000bd2c                exit
                0x0000bd38                stime
                0x0000bd44                klogctl
                0x0000bd50                sigdelset
                0x0000bd5c                getgrnam
                0x0000bd68                atoi
                0x0000bd74                fileno
                0x0000bd80                _setjmp
                0x0000bd8c                _exit
                0x0000bd98                strspn
                0x0000bda4                strlen
                0x0000bdb0                lseek64
                0x0000bdbc                xdr_array
                0x0000bdc8                regfree
                0x0000bdd4                updwtmp
                0x0000bde0                strchr
                0x0000bdec                setutent
                0x0000bdf8                fputs
                0x0000be04                adjtimex
                0x0000be10                execvp
                0x0000be1c                setsid
                0x0000be28                closedir
                0x0000be34                vasprintf
                0x0000be40                recvmsg
                0x0000be4c                strchrnul
                0x0000be58                setuid
                0x0000be64                gethostid
                0x0000be70                fseeko64
                0x0000be7c                tcsetattr
                0x0000be88                mkdir
                0x0000bea0                close
                0x0000beac                vfprintf
                0x0000beb8                strpbrk
                0x0000bec4                tcsetpgrp
                0x0000bed0                xdr_int
                0x0000bedc                raise
                0x0000bee8                free
                0x0000bef4                sigprocmask
                0x0000bf00                getsockname
                0x0000bf0c                fopen64
                0x0000bf18                ftruncate64

.iplt           0x0000bf24        0x0
 *(SORT(.iplt))
 .iplt          0x00000000        0x0 /home/media/data/hudson_build/32bitProduct_SN98600_1.20_P2P_QIWO/ST58600_SRC/toolchain/crosstool-4.5.2/bin/../arm-unknown-linux-uclibcgnueabi/sysroot/usr/lib/crt1.o

.text           0x0000bf24    0x40364
 *(SORT(.text.unlikely) SORT(.text.*_unlikely))
 *(SORT(.text.exit) SORT(.text.exit.*))
 *(SORT(.text.startup) SORT(.text.startup.*))
 *(SORT(.text.hot) SORT(.text.hot.*))
 *(SORT(.text) SORT(.stub) SORT(.text.*) SORT(.gnu.linkonce.t.*))
 .text          0x0000bf24       0x3c /home/media/data/hudson_build/32bitProduct_SN98600_1.20_P2P_QIWO/ST58600_SRC/toolchain/crosstool-4.5.2/bin/../arm-unknown-linux-uclibcgnueabi/sysroot/usr/lib/crt1.o
                0x0000bf24                _start
 .text          0x0000bf60       0x98 /home/media/data/hudson_build/32bitProduct_SN98600_1.20_P2P_QIWO/ST58600_SRC/toolchain/crosstool-4.5.2/bin/../lib/gcc/arm-unknown-linux-uclibcgnueabi/4.5.2/crtbegin.o
 .text.get_trimmed_slice
                0x0000bff8       0x34 libbb/lib.a(appletlib.o)
 .text.applet_name_compare
                0x0000c02c       0x28 libbb/lib.a(appletlib.o)
 .text.bb_show_usage
                0x0000c054        0x8 libbb/lib.a(appletlib.o)
                0x0000c054                bb_show_usage
 .text.find_applet_by_name
                0x0000c05c       0x38 libbb/lib.a(appletlib.o)
                0x0000c05c                find_applet_by_name
 .text.parse_config_file
                0x0000c094      0x3c0 libbb/lib.a(appletlib.o)
 .text.lbb_prepare
                0x0000c454       0x28 libbb/lib.a(appletlib.o)
                0x0000c454                lbb_prepare
 .text.run_applet_no_and_exit
                0x0000c47c      0x240 libbb/lib.a(appletlib.o)
                0x0000c47c                run_applet_no_and_exit
 .text.run_applet_and_exit
                0x0000c6bc      0x36c libbb/lib.a(appletlib.o)
                0x0000c6bc                run_applet_and_exit
 .text.main     0x0000ca28       0x84 libbb/lib.a(appletlib.o)
                0x0000ca28                main
 .text.bb_basename
                0x0000caac       0x20 libbb/lib.a(bb_basename.o)
                0x0000caac                bb_basename
 .text.ret_ERANGE
                0x0000cacc       0x20 libbb/lib.a(bb_strtonum.o)
 .text.handle_errors
                0x0000caec       0x58 libbb/lib.a(bb_strtonum.o)
 .text.bb_strtoull
                0x0000cb44       0x5c libbb/lib.a(bb_strtonum.o)
                0x0000cb44                bb_strtoull
 .text.bb_strtoll
                0x0000cba0       0x64 libbb/lib.a(bb_strtonum.o)
                0x0000cba0                bb_strtoll
 .text.bb_strtoul
                0x0000cc04       0x60 libbb/lib.a(bb_strtonum.o)
                0x0000cc04                bb_strtoul
 .text.bb_strtol
                0x0000cc64       0x68 libbb/lib.a(bb_strtonum.o)
                0x0000cc64                bb_strtol
 .text.concat_path_file
                0x0000cccc       0x60 libbb/lib.a(concat_path_file.o)
                0x0000cccc                concat_path_file
 .text.bb_get_last_path_component_nostrip
                0x0000cd2c       0x3c libbb/lib.a(get_last_path_component.o)
                0x0000cd2c                bb_get_last_path_component_nostrip
 .text.bb_get_last_path_component_strip
                0x0000cd68       0x50 libbb/lib.a(get_last_path_component.o)
                0x0000cd68                bb_get_last_path_component_strip
 .text.last_char_is
                0x0000cdb8       0x44 libbb/lib.a(last_char_is.o)
                0x0000cdb8                last_char_is
 .text.bb_perror_msg
                0x0000cdfc       0x48 libbb/lib.a(perror_msg.o)
                0x0000cdfc                bb_perror_msg
 .text.bb_perror_msg_and_die
                0x0000ce44       0x40 libbb/lib.a(perror_msg.o)
                0x0000ce44                bb_perror_msg_and_die
 .text.bb_simple_perror_msg
                0x0000ce84       0x10 libbb/lib.a(perror_msg.o)
                0x0000ce84                bb_simple_perror_msg
 .text.bb_simple_perror_msg_and_die
                0x0000ce94       0x14 libbb/lib.a(perror_msg.o)
                0x0000ce94                bb_simple_perror_msg_and_die
 .text.skip_whitespace
                0x0000cea8       0x20 libbb/lib.a(skip_whitespace.o)
                0x0000cea8                skip_whitespace
 .text.skip_non_whitespace
                0x0000cec8       0x28 libbb/lib.a(skip_whitespace.o)
                0x0000cec8                skip_non_whitespace
 .text.skip_dev_pfx
                0x0000cef0       0x28 libbb/lib.a(skip_whitespace.o)
                0x0000cef0                skip_dev_pfx
 .text.bb_verror_msg
                0x0000cf18      0x1c4 libbb/lib.a(verror_msg.o)
                0x0000cf18                bb_verror_msg
 .text.bb_error_msg_and_die
                0x0000d0dc       0x20 libbb/lib.a(verror_msg.o)
                0x0000d0dc                bb_error_msg_and_die
 .text.bb_error_msg
                0x0000d0fc       0x28 libbb/lib.a(verror_msg.o)
                0x0000d0fc                bb_error_msg
 .text.xfdopen_helper
                0x0000d124       0x3c libbb/lib.a(wfopen.o)
 .text.fopen_or_warn
                0x0000d160       0x24 libbb/lib.a(wfopen.o)
                0x0000d160                fopen_or_warn
 .text.fopen_for_read
                0x0000d184        0xc libbb/lib.a(wfopen.o)
                0x0000d184                fopen_for_read
 .text.xfopen_for_read
                0x0000d190        0xc libbb/lib.a(wfopen.o)
                0x0000d190                xfopen_for_read
 .text.xfopen_for_write
                0x0000d19c        0xc libbb/lib.a(wfopen.o)
                0x0000d19c                xfopen_for_write
 .text.xfdopen_for_write
                0x0000d1a8        0xc libbb/lib.a(wfopen.o)
                0x0000d1a8                xfdopen_for_write
 .text.xfunc_die
                0x0000d1b4       0x2c libbb/lib.a(xfunc_die.o)
                0x0000d1b4                xfunc_die
 .text.wh_helper
                0x0000d1e0       0x50 libbb/lib.a(xfuncs.o)
 .text.ndelay_on
                0x0000d230       0x24 libbb/lib.a(xfuncs.o)
                0x0000d230                ndelay_on
 .text.ndelay_off
                0x0000d254       0x24 libbb/lib.a(xfuncs.o)
                0x0000d254                ndelay_off
 .text.close_on_exec_on
                0x0000d278        0xc libbb/lib.a(xfuncs.o)
                0x0000d278                close_on_exec_on
 .text.strncpy_IFNAMSIZ
                0x0000d284        0x8 libbb/lib.a(xfuncs.o)
                0x0000d284                strncpy_IFNAMSIZ
 .text.utoa_to_buf
                0x0000d28c       0x94 libbb/lib.a(xfuncs.o)
                0x0000d28c                utoa_to_buf
 .text.itoa_to_buf
                0x0000d320       0x28 libbb/lib.a(xfuncs.o)
                0x0000d320                itoa_to_buf
 .text.utoa     0x0000d348       0x28 libbb/lib.a(xfuncs.o)
                0x0000d348                utoa
 .text.itoa     0x0000d370       0x28 libbb/lib.a(xfuncs.o)
                0x0000d370                itoa
 .text.bin2hex  0x0000d398       0x50 libbb/lib.a(xfuncs.o)
                0x0000d398                bin2hex
 .text.hex2bin  0x0000d3e8       0xe8 libbb/lib.a(xfuncs.o)
                0x0000d3e8                hex2bin
 .text.bb_putchar_stderr
                0x0000d4d0       0x1c libbb/lib.a(xfuncs.o)
                0x0000d4d0                bb_putchar_stderr
 .text.full_write1_str
                0x0000d4ec       0x20 libbb/lib.a(xfuncs.o)
                0x0000d4ec                full_write1_str
 .text.full_write2_str
                0x0000d50c       0x20 libbb/lib.a(xfuncs.o)
                0x0000d50c                full_write2_str
 .text.get_terminal_width_height
                0x0000d52c       0x9c libbb/lib.a(xfuncs.o)
                0x0000d52c                get_terminal_width_height
 .text.tcsetattr_stdin_TCSANOW
                0x0000d5c8       0x10 libbb/lib.a(xfuncs.o)
                0x0000d5c8                tcsetattr_stdin_TCSANOW
 .text.safe_waitpid
                0x0000d5d8       0x44 libbb/lib.a(xfuncs.o)
                0x0000d5d8                safe_waitpid
 .text.wait_any_nohang
                0x0000d61c       0x10 libbb/lib.a(xfuncs.o)
                0x0000d61c                wait_any_nohang
 .text.wait4pid
                0x0000d62c       0x54 libbb/lib.a(xfuncs.o)
                0x0000d62c                wait4pid
 .text.xmalloc  0x0000d680       0x34 libbb/lib.a(xfuncs_printf.o)
                0x0000d680                xmalloc
 .text.xrealloc
                0x0000d6b4       0x34 libbb/lib.a(xfuncs_printf.o)
                0x0000d6b4                xrealloc
 .text.xzalloc  0x0000d6e8       0x24 libbb/lib.a(xfuncs_printf.o)
                0x0000d6e8                xzalloc
 .text.xstrdup  0x0000d70c       0x2c libbb/lib.a(xfuncs_printf.o)
                0x0000d70c                xstrdup
 .text.xstrndup
                0x0000d738       0x50 libbb/lib.a(xfuncs_printf.o)
                0x0000d738                xstrndup
 .text.xfopen   0x0000d788       0x28 libbb/lib.a(xfuncs_printf.o)
                0x0000d788                xfopen
 .text.xopen3   0x0000d7b0       0x28 libbb/lib.a(xfuncs_printf.o)
                0x0000d7b0                xopen3
 .text.xopen    0x0000d7d8        0xc libbb/lib.a(xfuncs_printf.o)
                0x0000d7d8                xopen
 .text.xopen_nonblocking
                0x0000d7e4        0x8 libbb/lib.a(xfuncs_printf.o)
                0x0000d7e4                xopen_nonblocking
 .text.open3_or_warn
                0x0000d7ec       0x2c libbb/lib.a(xfuncs_printf.o)
                0x0000d7ec                open3_or_warn
 .text.open_or_warn
                0x0000d818        0xc libbb/lib.a(xfuncs_printf.o)
                0x0000d818                open_or_warn
 .text.xrename  0x0000d824       0x2c libbb/lib.a(xfuncs_printf.o)
                0x0000d824                xrename
 .text.xpipe    0x0000d850       0x1c libbb/lib.a(xfuncs_printf.o)
                0x0000d850                xpipe
 .text.xdup2    0x0000d86c       0x20 libbb/lib.a(xfuncs_printf.o)
                0x0000d86c                xdup2
 .text.xmove_fd
                0x0000d88c       0x20 libbb/lib.a(xfuncs_printf.o)
                0x0000d88c                xmove_fd
 .text.xwrite   0x0000d8ac       0x28 libbb/lib.a(xfuncs_printf.o)
                0x0000d8ac                xwrite
 .text.xwrite_str
                0x0000d8d4       0x28 libbb/lib.a(xfuncs_printf.o)
                0x0000d8d4                xwrite_str
 .text.xclose   0x0000d8fc       0x1c libbb/lib.a(xfuncs_printf.o)
                0x0000d8fc                xclose
 .text.xlseek   0x0000d918       0x54 libbb/lib.a(xfuncs_printf.o)
                0x0000d918                xlseek
 .text.xmkstemp
                0x0000d96c       0x28 libbb/lib.a(xfuncs_printf.o)
                0x0000d96c                xmkstemp
 .text.die_if_ferror
                0x0000d994       0x24 libbb/lib.a(xfuncs_printf.o)
                0x0000d994                die_if_ferror
 .text.die_if_ferror_stdout
                0x0000d9b8       0x18 libbb/lib.a(xfuncs_printf.o)
                0x0000d9b8                die_if_ferror_stdout
 .text.fflush_all
                0x0000d9d0        0x8 libbb/lib.a(xfuncs_printf.o)
                0x0000d9d0                fflush_all
 .text.bb_putchar
                0x0000d9d8       0x10 libbb/lib.a(xfuncs_printf.o)
                0x0000d9d8                bb_putchar
 .text.xprint_and_close_file
                0x0000d9e8       0x3c libbb/lib.a(xfuncs_printf.o)
                0x0000d9e8                xprint_and_close_file
 .text.xasprintf
                0x0000da24       0x40 libbb/lib.a(xfuncs_printf.o)
                0x0000da24                xasprintf
 .text.xsetenv  0x0000da64       0x20 libbb/lib.a(xfuncs_printf.o)
                0x0000da64                xsetenv
 .text.bb_unsetenv
                0x0000da84       0x44 libbb/lib.a(xfuncs_printf.o)
                0x0000da84                bb_unsetenv
 .text.bb_unsetenv_and_free
                0x0000dac8       0x18 libbb/lib.a(xfuncs_printf.o)
                0x0000dac8                bb_unsetenv_and_free
 .text.xsetgid  0x0000dae0       0x1c libbb/lib.a(xfuncs_printf.o)
                0x0000dae0                xsetgid
 .text.xsetuid  0x0000dafc       0x1c libbb/lib.a(xfuncs_printf.o)
                0x0000dafc                xsetuid
 .text.xchdir   0x0000db18       0x24 libbb/lib.a(xfuncs_printf.o)
                0x0000db18                xchdir
 .text.xchroot  0x0000db3c       0x24 libbb/lib.a(xfuncs_printf.o)
                0x0000db3c                xchroot
 .text.warn_opendir
                0x0000db60       0x2c libbb/lib.a(xfuncs_printf.o)
                0x0000db60                warn_opendir
 .text.xopendir
                0x0000db8c       0x28 libbb/lib.a(xfuncs_printf.o)
                0x0000db8c                xopendir
 .text.xsocket  0x0000dbb4       0x20 libbb/lib.a(xfuncs_printf.o)
                0x0000dbb4                xsocket
 .text.xbind    0x0000dbd4       0x1c libbb/lib.a(xfuncs_printf.o)
                0x0000dbd4                xbind
 .text.xsendto  0x0000dbf0       0x30 libbb/lib.a(xfuncs_printf.o)
                0x0000dbf0                xsendto
 .text.xstat    0x0000dc20       0x24 libbb/lib.a(xfuncs_printf.o)
                0x0000dc20                xstat
 .text.xfstat   0x0000dc44       0x1c libbb/lib.a(xfuncs_printf.o)
                0x0000dc44                xfstat
 .text.ioctl_or_perror_and_die
                0x0000dc60       0x50 libbb/lib.a(xfuncs_printf.o)
                0x0000dc60                ioctl_or_perror_and_die
 .text.ioctl_or_perror
                0x0000dcb0       0x50 libbb/lib.a(xfuncs_printf.o)
                0x0000dcb0                ioctl_or_perror
 .text.bb_ioctl_or_warn
                0x0000dd00       0x24 libbb/lib.a(xfuncs_printf.o)
                0x0000dd00                bb_ioctl_or_warn
 .text.bb_xioctl
                0x0000dd24       0x20 libbb/lib.a(xfuncs_printf.o)
                0x0000dd24                bb_xioctl
 .text.xmalloc_ttyname
                0x0000dd44       0x40 libbb/lib.a(xfuncs_printf.o)
                0x0000dd44                xmalloc_ttyname
 .text.generate_uuid
                0x0000dd84       0xa4 libbb/lib.a(xfuncs_printf.o)
                0x0000dd84                generate_uuid
 .text.xfork    0x0000de28       0x20 libbb/lib.a(xfuncs_printf.o)
                0x0000de28                xfork
 .text.xmalloc_readlink
                0x0000de48       0x64 libbb/lib.a(xreadlink.o)
                0x0000de48                xmalloc_readlink
 .text.xmalloc_follow_symlinks
                0x0000deac       0xc0 libbb/lib.a(xreadlink.o)
                0x0000deac                xmalloc_follow_symlinks
 .text.xmalloc_readlink_or_warn
                0x0000df6c       0x54 libbb/lib.a(xreadlink.o)
                0x0000df6c                xmalloc_readlink_or_warn
 .text.xmalloc_realpath
                0x0000dfc0       0x24 libbb/lib.a(xreadlink.o)
                0x0000dfc0                xmalloc_realpath
 .text.bb_full_fd_action
                0x0000dfe4      0x124 libbb/lib.a(copyfd.o)
 .text.bb_copyfd_size
                0x0000e108       0x18 libbb/lib.a(copyfd.o)
                0x0000e108                bb_copyfd_size
 .text.bb_copyfd_exact_size
                0x0000e120       0x58 libbb/lib.a(copyfd.o)
                0x0000e120                bb_copyfd_exact_size
 .text.bb_copyfd_eof
                0x0000e178        0xc libbb/lib.a(copyfd.o)
                0x0000e178                bb_copyfd_eof
 .text.full_write
                0x0000e184       0x58 libbb/lib.a(full_write.o)
                0x0000e184                full_write
 .text.safe_read
                0x0000e1dc       0x44 libbb/lib.a(read.o)
                0x0000e1dc                safe_read
 .text.full_read
                0x0000e220       0x5c libbb/lib.a(read.o)
                0x0000e220                full_read
 .text.read_close
                0x0000e27c       0x20 libbb/lib.a(read.o)
                0x0000e27c                read_close
 .text.open_read_close
                0x0000e29c       0x30 libbb/lib.a(read.o)
                0x0000e29c                open_read_close
 .text.safe_write
                0x0000e2cc       0x44 libbb/lib.a(safe_write.o)
                0x0000e2cc                safe_write
 .text.parse_datestr
                0x0000e310      0x378 libbb/lib.a(time.o)
                0x0000e310                parse_datestr
 .text.validate_tm_time
                0x0000e688       0x2c libbb/lib.a(time.o)
                0x0000e688                validate_tm_time
 .text.monotonic_us
                0x0000e6b4       0x34 libbb/lib.a(time.o)
                0x0000e6b4                monotonic_us
 .text.monotonic_ms
                0x0000e6e8       0x40 libbb/lib.a(time.o)
                0x0000e6e8                monotonic_ms
 .text.monotonic_sec
                0x0000e728        0x8 libbb/lib.a(time.o)
                0x0000e728                monotonic_sec
 .text.bcode    0x0000e730       0x24 loginutils/lib.a(getty.o)
 .text.getty_main
                0x0000e754      0x880 loginutils/lib.a(getty.o)
                0x0000e754                getty_main
 .text.alarm_handler
                0x0000efd4       0x30 loginutils/lib.a(login.o)
 .text.login_main
                0x0000f004      0x5a0 loginutils/lib.a(login.o)
                0x0000f004                login_main
 .text.nuke_str
                0x0000f5a4       0x24 loginutils/lib.a(passwd.o)
 .text.passwd_main
                0x0000f5c8      0x464 loginutils/lib.a(passwd.o)
                0x0000f5c8                passwd_main
 .text.sulogin_main
                0x0000fa2c      0x238 loginutils/lib.a(sulogin.o)
                0x0000fa2c                sulogin_main
 .text.acquire_vt
                0x0000fc64       0x14 loginutils/lib.a(vlock.o)
 .text.release_vt
                0x0000fc78       0x28 loginutils/lib.a(vlock.o)
 .text.vlock_main
                0x0000fca0      0x1d4 loginutils/lib.a(vlock.o)
                0x0000fca0                vlock_main
 .text.show_progress.clone.0
                0x0000fe74       0x50 miscutils/lib.a(flash_eraseall.o)
 .text.flash_eraseall_main
                0x0000fec4      0x358 miscutils/lib.a(flash_eraseall.o)
                0x0000fec4                flash_eraseall_main
 .text.mt_main  0x0001021c      0x13c miscutils/lib.a(mt.o)
                0x0001021c                mt_main
 .text.strings_main
                0x00010358      0x1bc miscutils/lib.a(strings.o)
                0x00010358                strings_main
 .text.ptok     0x00010514       0x30 miscutils/lib.a(time.o)
 .text.run_command
                0x00010544       0xe4 miscutils/lib.a(time.o)
 .text.time_main
                0x00010628      0x638 miscutils/lib.a(time.o)
                0x00010628                time_main
 .text.reset_stringbuf
                0x00010c60       0x18 modutils/lib.a(modprobe-small.o)
 .text.replace  0x00010c78       0x1c modutils/lib.a(modprobe-small.o)
 .text.load_module
                0x00010c94       0x54 modutils/lib.a(modprobe-small.o)
 .text.moderror
                0x00010ce8       0x50 modutils/lib.a(modprobe-small.o)
 .text.load_dep_bb
                0x00010d38      0x140 modutils/lib.a(modprobe-small.o)
 .text.pathname_matches_modname
                0x00010e78       0x5c modutils/lib.a(modprobe-small.o)
 .text.find_keyword
                0x00010ed4       0x8c modutils/lib.a(modprobe-small.o)
 .text.append   0x00010f60       0x70 modutils/lib.a(modprobe-small.o)
 .text.copy_stringbuf
                0x00010fd0       0x2c modutils/lib.a(modprobe-small.o)
 .text.str_2_list
                0x00010ffc       0x48 modutils/lib.a(modprobe-small.o)
 .text.parse_module
                0x00011044      0x16c modutils/lib.a(modprobe-small.o)
 .text.find_alias
                0x000111b0      0x30c modutils/lib.a(modprobe-small.o)
 .text.process_module
                0x000114bc      0x2e0 modutils/lib.a(modprobe-small.o)
 .text.fileAction
                0x0001179c       0xd0 modutils/lib.a(modprobe-small.o)
 .text.modprobe_main
                0x0001186c      0x23c modutils/lib.a(modprobe-small.o)
                0x0001186c                modprobe_main
 .text.do_sethostname
                0x00011aa8       0x88 networking/lib.a(hostname.o)
 .text.hostname_main
                0x00011b30      0x118 networking/lib.a(hostname.o)
                0x00011b30                hostname_main
 .text.ifconfig_main
                0x00011c48      0x430 networking/lib.a(ifconfig.o)
                0x00011c48                ifconfig_main
 .text.remove_fd_from_set
                0x00012078       0x3c networking/lib.a(inetd.o)
 .text.init_ring
                0x000120b4       0x30 networking/lib.a(inetd.o)
 .text.discard_dg
                0x000120e4       0x18 networking/lib.a(inetd.o)
 .text.maybe_close
                0x000120fc        0xc networking/lib.a(inetd.o)
 .text.free_servtab_strings
                0x00012108       0x58 networking/lib.a(inetd.o)
 .text.bump_nofile
                0x00012160       0xdc networking/lib.a(inetd.o)
 .text.add_fd_to_set
                0x0001223c       0x88 networking/lib.a(inetd.o)
 .text.block_CHLD_HUP_ALRM
                0x000122c4       0x44 networking/lib.a(inetd.o)
 .text.restore_sigmask
                0x00012308       0x10 networking/lib.a(inetd.o)
 .text.rearm_alarm
                0x00012318       0x24 networking/lib.a(inetd.o)
 .text.xzalloc_lsa
                0x0001233c       0x28 networking/lib.a(inetd.o)
 .text.new_servtab
                0x00012364       0x18 networking/lib.a(inetd.o)
 .text.unregister_rpc
                0x0001237c       0x4c networking/lib.a(inetd.o)
 .text.clean_up_and_exit
                0x000123c8       0x8c networking/lib.a(inetd.o)
 .text.reap_child
                0x00012454       0xc8 networking/lib.a(inetd.o)
 .text.daytime_dg
                0x0001251c       0xb0 networking/lib.a(inetd.o)
 .text.daytime_stream
                0x000125cc       0x38 networking/lib.a(inetd.o)
 .text.machtime
                0x00012604       0x3c networking/lib.a(inetd.o)
 .text.machtime_dg
                0x00012640       0x84 networking/lib.a(inetd.o)
 .text.machtime_stream
                0x000126c4       0x24 networking/lib.a(inetd.o)
 .text.chargen_dg
                0x000126e8      0x104 networking/lib.a(inetd.o)
 .text.chargen_stream
                0x000127ec       0xa0 networking/lib.a(inetd.o)
 .text.discard_stream
                0x0001288c       0x2c networking/lib.a(inetd.o)
 .text.echo_stream
                0x000128b8       0x3c networking/lib.a(inetd.o)
 .text.echo_dg  0x000128f4       0x8c networking/lib.a(inetd.o)
 .text.register_rpc
                0x00012980       0xd0 networking/lib.a(inetd.o)
 .text.prepare_socket_fd
                0x00012a50      0x15c networking/lib.a(inetd.o)
 .text.reread_config_file
                0x00012bac      0x9a8 networking/lib.a(inetd.o)
 .text.retry_network_setup
                0x00013554       0x7c networking/lib.a(inetd.o)
 .text.inetd_main
                0x000135d0      0x908 networking/lib.a(inetd.o)
                0x000135d0                inetd_main
 .text.in_ib    0x00013ed8       0x28 networking/lib.a(interface.o)
                0x00013ed8                in_ib
 .text.my_SQRT  0x00013f00       0x9c networking/lib.a(ntpd.o)
 .text.filter_datapoints
                0x00013f9c      0x32c networking/lib.a(ntpd.o)
 .text.reset_peer_stats
                0x000142c8      0x114 networking/lib.a(ntpd.o)
 .text.compare_point_edge
                0x000143dc       0x50 networking/lib.a(ntpd.o)
 .text.compare_survivor_metric
                0x0001442c       0x50 networking/lib.a(ntpd.o)
 .text.poll_interval
                0x0001447c       0x44 networking/lib.a(ntpd.o)
 .text.do_sendto
                0x000144c0       0x80 networking/lib.a(ntpd.o)
 .text.run_script
                0x00014540      0x138 networking/lib.a(ntpd.o)
 .text.d_to_lfp
                0x00014678       0x90 networking/lib.a(ntpd.o)
 .text.d_to_sfp
                0x00014708       0x70 networking/lib.a(ntpd.o)
 .text.sfp_to_d
                0x00014778       0x6c networking/lib.a(ntpd.o)
 .text.lfp_to_d
                0x000147e4       0x7c networking/lib.a(ntpd.o)
 .text.gettime1900d
                0x00014860       0x78 networking/lib.a(ntpd.o)
 .text.ntp_init
                0x000148d8      0x1f8 networking/lib.a(ntpd.o)
 .text.recv_and_process_client_pkt
                0x00014ad0      0x200 networking/lib.a(ntpd.o)
 .text.step_time
                0x00014cd0      0x1a4 networking/lib.a(ntpd.o)
 .text.set_next.clone.0
                0x00014e74       0x34 networking/lib.a(ntpd.o)
 .text.select_and_cluster
                0x00014ea8      0x588 networking/lib.a(ntpd.o)
 .text.set_new_values.clone.2
                0x00015430       0x24 networking/lib.a(ntpd.o)
 .text.update_local_clock
                0x00015454      0x3cc networking/lib.a(ntpd.o)
 .text.recv_and_process_peer_pkt
                0x00015820      0x4b8 networking/lib.a(ntpd.o)
 .text.ntpd_main
                0x00015cd8      0x384 networking/lib.a(ntpd.o)
                0x00015cd8                ntpd_main
 .text.print_stats_and_exit
                0x0001605c      0x168 networking/lib.a(ping.o)
 .text.sendping4
                0x000161c4      0x1b0 networking/lib.a(ping.o)
 .text.ping_main
                0x00016374      0x490 networking/lib.a(ping.o)
                0x00016374                ping_main
 .text.kw_lookup
                0x00016804       0x84 networking/lib.a(route.o)
 .text.INET_setroute
                0x00016888      0x3dc networking/lib.a(route.o)
 .text.bb_displayroutes
                0x00016c64      0x21c networking/lib.a(route.o)
                0x00016c64                bb_displayroutes
 .text.route_main
                0x00016e80      0x10c networking/lib.a(route.o)
                0x00016e80                route_main
 .text.sanitize_string
                0x00016f8c       0x20 networking/lib.a(wget.o)
 .text.open_socket
                0x00016fac       0x2c networking/lib.a(wget.o)
 .text.base64enc_512
                0x00016fd8       0x40 networking/lib.a(wget.o)
 .text.parse_url
                0x00017018      0x188 networking/lib.a(wget.o)
 .text.progress_meter
                0x000171a0       0xb0 networking/lib.a(wget.o)
 .text.ftpcmd   0x00017250       0xbc networking/lib.a(wget.o)
 .text.gethdr.clone.0
                0x0001730c      0x110 networking/lib.a(wget.o)
 .text.safe_fgets.clone.1
                0x0001741c       0x64 networking/lib.a(wget.o)
 .text.retrieve_file_data
                0x00017480      0x248 networking/lib.a(wget.o)
 .text.wget_main
                0x000176c8      0x954 networking/lib.a(wget.o)
                0x000176c8                wget_main
 .text.alloc_dhcp_option
                0x0001801c       0x54 networking/udhcp/lib.a(dhcpc.o)
 .text.init_packet
                0x00018070       0x5c networking/udhcp/lib.a(dhcpc.o)
 .text.add_client_options
                0x000180cc      0x120 networking/udhcp/lib.a(dhcpc.o)
 .text.raw_bcast_from_client_config_ifindex
                0x000181ec       0x44 networking/udhcp/lib.a(dhcpc.o)
 .text.send_discover
                0x00018230       0x64 networking/udhcp/lib.a(dhcpc.o)
 .text.send_select
                0x00018294       0x78 networking/udhcp/lib.a(dhcpc.o)
 .text.send_decline
                0x0001830c       0x64 networking/udhcp/lib.a(dhcpc.o)
 .text.send_renew
                0x00018370       0x84 networking/udhcp/lib.a(dhcpc.o)
 .text.send_release
                0x000183f4       0x70 networking/udhcp/lib.a(dhcpc.o)
 .text.udhcp_recv_raw_packet
                0x00018464      0x288 networking/udhcp/lib.a(dhcpc.o)
 .text.client_background
                0x000186ec       0x34 networking/udhcp/lib.a(dhcpc.o)
 .text.sprint_nip
                0x00018720       0x3c networking/udhcp/lib.a(dhcpc.o)
 .text.change_listen_mode
                0x0001875c      0x1c8 networking/udhcp/lib.a(dhcpc.o)
 .text.xmalloc_optname_optval.clone.0
                0x00018924      0x324 networking/udhcp/lib.a(dhcpc.o)
 .text.udhcp_run_script
                0x00018c48      0x2fc networking/udhcp/lib.a(dhcpc.o)
 .text.perform_release
                0x00018f44       0x98 networking/udhcp/lib.a(dhcpc.o)
 .text.udhcpc_main
                0x00018fdc      0xb1c networking/udhcp/lib.a(dhcpc.o)
                0x00018fdc                udhcpc_main
 .text.dname_dec
                0x00019af8      0x15c networking/udhcp/lib.a(domain_codec.o)
                0x00019af8                dname_dec
 .text.dname_enc
                0x00019c54      0x244 networking/udhcp/lib.a(domain_codec.o)
                0x00019c54                dname_enc
 .text.udhcp_init_header
                0x00019e98       0x88 networking/udhcp/lib.a(packet.o)
                0x00019e98                udhcp_init_header
 .text.udhcp_dump_packet
                0x00019f20       0xfc networking/udhcp/lib.a(packet.o)
                0x00019f20                udhcp_dump_packet
 .text.udhcp_recv_kernel_packet
                0x0001a01c      0x13c networking/udhcp/lib.a(packet.o)
                0x0001a01c                udhcp_recv_kernel_packet
 .text.udhcp_checksum
                0x0001a158       0x64 networking/udhcp/lib.a(packet.o)
                0x0001a158                udhcp_checksum
 .text.udhcp_send_raw_packet
                0x0001a1bc      0x234 networking/udhcp/lib.a(packet.o)
                0x0001a1bc                udhcp_send_raw_packet
 .text.udhcp_send_kernel_packet
                0x0001a3f0      0x144 networking/udhcp/lib.a(packet.o)
                0x0001a3f0                udhcp_send_kernel_packet
 .text.signal_handler
                0x0001a534       0x38 networking/udhcp/lib.a(signalpipe.o)
 .text.udhcp_sp_setup
                0x0001a56c       0x40 networking/udhcp/lib.a(signalpipe.o)
                0x0001a56c                udhcp_sp_setup
 .text.udhcp_sp_fd_set
                0x0001a5ac       0x84 networking/udhcp/lib.a(signalpipe.o)
                0x0001a5ac                udhcp_sp_fd_set
 .text.udhcp_sp_read
                0x0001a630       0x48 networking/udhcp/lib.a(signalpipe.o)
                0x0001a630                udhcp_sp_read
 .text.udhcp_read_interface
                0x0001a678      0x1ac networking/udhcp/lib.a(socket.o)
                0x0001a678                udhcp_read_interface
 .text.udhcp_listen_socket
                0x0001a824       0xc4 networking/udhcp/lib.a(socket.o)
                0x0001a824                udhcp_listen_socket
 .text.arpping  0x0001a8e8      0x234 networking/udhcp/lib.a(arpping.o)
                0x0001a8e8                arpping
 .text.log_option
                0x0001ab1c       0x60 networking/udhcp/lib.a(common.o)
 .text.allocate_tempopt_if_needed.clone.0
                0x0001ab7c       0x70 networking/udhcp/lib.a(common.o)
 .text.udhcp_option_idx
                0x0001abec       0x70 networking/udhcp/lib.a(common.o)
                0x0001abec                udhcp_option_idx
 .text.udhcp_get_option
                0x0001ac5c      0x108 networking/udhcp/lib.a(common.o)
                0x0001ac5c                udhcp_get_option
 .text.udhcp_end_option
                0x0001ad64       0x34 networking/udhcp/lib.a(common.o)
                0x0001ad64                udhcp_end_option
 .text.udhcp_add_binary_option
                0x0001ad98       0x78 networking/udhcp/lib.a(common.o)
                0x0001ad98                udhcp_add_binary_option
 .text.udhcp_add_simple_option
                0x0001ae10       0x88 networking/udhcp/lib.a(common.o)
                0x0001ae10                udhcp_add_simple_option
 .text.udhcp_find_option
                0x0001ae98       0x34 networking/udhcp/lib.a(common.o)
                0x0001ae98                udhcp_find_option
 .text.attach_option
                0x0001aecc      0x1f0 networking/udhcp/lib.a(common.o)
 .text.udhcp_str2nip
                0x0001b0bc       0x34 networking/udhcp/lib.a(common.o)
                0x0001b0bc                udhcp_str2nip
 .text.udhcp_str2optset
                0x0001b0f0      0x228 networking/udhcp/lib.a(common.o)
                0x0001b0f0                udhcp_str2optset
 .text.kill_main
                0x0001b318      0x2dc procps/lib.a(kill.o)
                0x0001b318                kill_main
 .text.pidof_main
                0x0001b5f4       0x90 procps/lib.a(pidof.o)
                0x0001b5f4                pidof_main
 .text.ps_main  0x0001b684       0xc4 procps/lib.a(ps.o)
                0x0001b684                ps_main
 .text.isdigit_str9
                0x0001b748       0x30 shell/lib.a(ash.o)
 .text.var_end  0x0001b778       0x28 shell/lib.a(ash.o)
 .text.stunalloc
                0x0001b7a0       0x28 shell/lib.a(ash.o)
 .text.setstackmark
                0x0001b7c8       0x34 shell/lib.a(ash.o)
 .text.prefix   0x0001b7fc       0x28 shell/lib.a(ash.o)
 .text.is_number
                0x0001b824       0x34 shell/lib.a(ash.o)
 .text.varcmp   0x0001b858       0x48 shell/lib.a(ash.o)
 .text.hashvar  0x0001b8a0       0x48 shell/lib.a(ash.o)
 .text.vpcmp    0x0001b8e8        0xc shell/lib.a(ash.o)
 .text.findvar  0x0001b8f4       0x3c shell/lib.a(ash.o)
 .text.lookupvar
                0x0001b930       0x40 shell/lib.a(ash.o)
 .text.bltinlookup
                0x0001b970       0x54 shell/lib.a(ash.o)
 .text.setprompt_if
                0x0001b9c4       0x74 shell/lib.a(ash.o)
 .text.set_curjob
                0x0001ba38       0x70 shell/lib.a(ash.o)
 .text.jobno    0x0001baa8       0x28 shell/lib.a(ash.o)
 .text.getstatus
                0x0001bad0       0x88 shell/lib.a(ash.o)
 .text.need_to_remember
                0x0001bb58       0x40 shell/lib.a(ash.o)
 .text.is_hidden_fd
                0x0001bb98       0x7c shell/lib.a(ash.o)
 .text.esclen   0x0001bc14       0x28 shell/lib.a(ash.o)
 .text.falsecmd
                0x0001bc3c        0x8 shell/lib.a(ash.o)
 .text.truecmd  0x0001bc44        0x8 shell/lib.a(ash.o)
 .text.bltincmd
                0x0001bc4c       0x10 shell/lib.a(ash.o)
 .text.pungetc  0x0001bc5c       0x28 shell/lib.a(ash.o)
 .text.raise_exception
                0x0001bc84       0x2c shell/lib.a(ash.o)
 .text.calcsize
                0x0001bcb0      0x12c shell/lib.a(ash.o)
 .text.sizenodelist
                0x0001bddc       0x38 shell/lib.a(ash.o)
 .text.SIT      0x0001be14       0x9c shell/lib.a(ash.o)
 .text.pushfile
                0x0001beb0       0x2c shell/lib.a(ash.o)
 .text.goodname
                0x0001bedc       0x18 shell/lib.a(ash.o)
 .text.isassignment
                0x0001bef4       0x30 shell/lib.a(ash.o)
 .text.freealias
                0x0001bf24       0x44 shell/lib.a(ash.o)
 .text.freefunc
                0x0001bf68       0x24 shell/lib.a(ash.o)
 .text.freeparam
                0x0001bf8c       0x3c shell/lib.a(ash.o)
 .text.setparam
                0x0001bfc8       0x7c shell/lib.a(ash.o)
 .text.scanright
                0x0001c044       0x9c shell/lib.a(ash.o)
 .text.scanleft
                0x0001c0e0       0x78 shell/lib.a(ash.o)
 .text.__lookupalias
                0x0001c158       0x70 shell/lib.a(ash.o)
 .text.lookupalias
                0x0001c1c8       0x2c shell/lib.a(ash.o)
 .text.msort    0x0001c1f4       0xbc shell/lib.a(ash.o)
 .text.pstrcmp  0x0001c2b0        0xc shell/lib.a(ash.o)
 .text.ignoresig
                0x0001c2bc       0x40 shell/lib.a(ash.o)
 .text.setsignal
                0x0001c2fc      0x18c shell/lib.a(ash.o)
 .text.nodeckstrdup
                0x0001c488       0x3c shell/lib.a(ash.o)
 .text.copynode
                0x0001c4c4      0x15c shell/lib.a(ash.o)
 .text.copynodelist
                0x0001c620       0x50 shell/lib.a(ash.o)
 .text.cmdlookup
                0x0001c670       0xd0 shell/lib.a(ash.o)
 .text.errmsg   0x0001c740       0x18 shell/lib.a(ash.o)
 .text.tokname  0x0001c758       0x3c shell/lib.a(ash.o)
 .text.findkwd  0x0001c794       0x28 shell/lib.a(ash.o)
 .text.find_builtin
                0x0001c7bc       0x28 shell/lib.a(ash.o)
 .text.ulimitcmd
                0x0001c7e4        0x8 shell/lib.a(ash.o)
 .text.tryexec  0x0001c7ec       0xb0 shell/lib.a(ash.o)
 .text.echocmd  0x0001c89c        0x4 shell/lib.a(ash.o)
 .text.testcmd  0x0001c8a0        0x4 shell/lib.a(ash.o)
 .text.raise_interrupt
                0x0001c8a4       0x74 shell/lib.a(ash.o)
 .text.int_on   0x0001c918       0x3c shell/lib.a(ash.o)
 .text.recordregion
                0x0001c954       0x74 shell/lib.a(ash.o)
 .text.fmtstr   0x0001c9c8       0x4c shell/lib.a(ash.o)
 .text.sprint_status
                0x0001ca14       0xd4 shell/lib.a(ash.o)
 .text.removerecordregions
                0x0001cae8      0x110 shell/lib.a(ash.o)
 .text.freejob  0x0001cbf8       0x84 shell/lib.a(ash.o)
 .text.makejob  0x0001cc7c      0x1c0 shell/lib.a(ash.o)
 .text.unalias  0x0001ce3c       0x50 shell/lib.a(ash.o)
 .text.popstring
                0x0001ce8c       0xd0 shell/lib.a(ash.o)
 .text.popfile  0x0001cf5c       0x70 shell/lib.a(ash.o)
 .text.popallfiles
                0x0001cfcc       0x2c shell/lib.a(ash.o)
 .text.outstr   0x0001cff8       0x28 shell/lib.a(ash.o)
 .text.out1str  0x0001d020       0x10 shell/lib.a(ash.o)
 .text.flush_stdout_stderr
                0x0001d030       0x28 shell/lib.a(ash.o)
 .text.out2str  0x0001d058       0x1c shell/lib.a(ash.o)
 .text.stoppedjobs
                0x0001d074       0x64 shell/lib.a(ash.o)
 .text.pgetc    0x0001d0d8      0x240 shell/lib.a(ash.o)
 .text.pgetc_without_PEOA
                0x0001d318       0x1c shell/lib.a(ash.o)
 .text.dowait   0x0001d334      0x1a8 shell/lib.a(ash.o)
 .text.blocking_wait_with_raise_on_sig
                0x0001d4dc       0x3c shell/lib.a(ash.o)
 .text.popstackmark
                0x0001d518       0x7c shell/lib.a(ash.o)
 .text.setinputstring
                0x0001d594       0x58 shell/lib.a(ash.o)
 .text.pushstring
                0x0001d5ec       0xa0 shell/lib.a(ash.o)
 .text.delete_cmd_entry
                0x0001d68c       0x58 shell/lib.a(ash.o)
 .text.out1fmt  0x0001d6e4       0x48 shell/lib.a(ash.o)
 .text.timescmd
                0x0001d72c       0xb4 shell/lib.a(ash.o)
 .text.clearcmdentry
                0x0001d7e0       0x98 shell/lib.a(ash.o)
 .text.changepath
                0x0001d878      0x118 shell/lib.a(ash.o)
 .text.signal_handler
                0x0001d990       0x50 shell/lib.a(ash.o)
 .text.force_int_on
                0x0001d9e0       0x28 shell/lib.a(ash.o)
 .text.evalbltin.clone.1
                0x0001da08       0xec shell/lib.a(ash.o)
 .text.outcslow.clone.3
                0x0001daf4       0x3c shell/lib.a(ash.o)
 .text.showjob  0x0001db30      0x1f4 shell/lib.a(ash.o)
 .text.showjobs
                0x0001dd24       0x68 shell/lib.a(ash.o)
 .text.ash_vmsg
                0x0001dd8c       0xd0 shell/lib.a(ash.o)
 .text.ash_vmsg_and_raise
                0x0001de5c       0x20 shell/lib.a(ash.o)
 .text.ash_msg_and_raise_error
                0x0001de7c       0x1c shell/lib.a(ash.o)
 .text.varunset
                0x0001de98       0x68 shell/lib.a(ash.o)
 .text.setvareq
                0x0001df00      0x108 shell/lib.a(ash.o)
 .text.listsetvar
                0x0001e008       0x48 shell/lib.a(ash.o)
 .text.setvar   0x0001e050       0xe8 shell/lib.a(ash.o)
 .text.setvar2  0x0001e138        0x8 shell/lib.a(ash.o)
 .text.unsetvar
                0x0001e140       0xb4 shell/lib.a(ash.o)
 .text.setpwd   0x0001e1f4       0xf4 shell/lib.a(ash.o)
 .text.localcmd
                0x0001e2e8      0x128 shell/lib.a(ash.o)
 .text.number   0x0001e410       0x30 shell/lib.a(ash.o)
 .text.returncmd
                0x0001e440       0x44 shell/lib.a(ash.o)
 .text.exitcmd  0x0001e484       0x40 shell/lib.a(ash.o)
 .text.shiftcmd
                0x0001e4c4       0xa8 shell/lib.a(ash.o)
 .text.xtcsetpgrp
                0x0001e56c       0x1c shell/lib.a(ash.o)
 .text.waitforjob
                0x0001e588       0xa0 shell/lib.a(ash.o)
 .text.forkchild
                0x0001e628      0x2f0 shell/lib.a(ash.o)
 .text.copyfd   0x0001e918       0x5c shell/lib.a(ash.o)
 .text.popredir
                0x0001e974       0xe8 shell/lib.a(ash.o)
 .text.clearredir
                0x0001ea5c       0x3c shell/lib.a(ash.o)
 .text.ash_arith
                0x0001ea98       0x70 shell/lib.a(ash.o)
 .text.stalloc  0x0001eb08       0xac shell/lib.a(ash.o)
 .text.ststrdup
                0x0001ebb4       0x28 shell/lib.a(ash.o)
 .text.stzalloc
                0x0001ebdc       0x1c shell/lib.a(ash.o)
 .text.addfname
                0x0001ebf8       0x38 shell/lib.a(ash.o)
 .text.expmeta  0x0001ec30      0x278 shell/lib.a(ash.o)
 .text.makename
                0x0001eea8       0x38 shell/lib.a(ash.o)
 .text.growstackblock
                0x0001eee0       0xfc shell/lib.a(ash.o)
 .text.makestrspace
                0x0001efdc       0x40 shell/lib.a(ash.o)
 .text.memtodest
                0x0001f01c       0x80 shell/lib.a(ash.o)
 .text.stack_nputstr
                0x0001f09c       0x2c shell/lib.a(ash.o)
 .text.stack_putstr
                0x0001f0c8       0x24 shell/lib.a(ash.o)
 .text.cvtnum   0x0001f0ec       0x48 shell/lib.a(ash.o)
 .text.cmdputs  0x0001f134      0x204 shell/lib.a(ash.o)
 .text.cmdtxt   0x0001f338      0x324 shell/lib.a(ash.o)
 .text.cmdlist  0x0001f65c       0x58 shell/lib.a(ash.o)
 .text.single_quote
                0x0001f6b4       0xcc shell/lib.a(ash.o)
 .text.printalias
                0x0001f780       0x28 shell/lib.a(ash.o)
 .text.aliascmd
                0x0001f7a8      0x164 shell/lib.a(ash.o)
 .text.rmescapes
                0x0001f90c      0x14c shell/lib.a(ash.o)
 .text.preglob  0x0001fa58       0x14 shell/lib.a(ash.o)
 .text.growstackstr
                0x0001fa6c       0x58 shell/lib.a(ash.o)
 .text._STPUTC  0x0001fac4       0x30 shell/lib.a(ash.o)
 .text.varvalue
                0x0001faf4      0x364 shell/lib.a(ash.o)
 .text.listvars
                0x0001fe58       0xa8 shell/lib.a(ash.o)
 .text.showvars
                0x0001ff00       0xc8 shell/lib.a(ash.o)
 .text.path_advance
                0x0001ffc8      0x108 shell/lib.a(ash.o)
 .text.forkshell
                0x000200d0      0x170 shell/lib.a(ash.o)
 .text.raise_error_syntax
                0x00020240       0x14 shell/lib.a(ash.o)
 .text.fixredir
                0x00020254       0x84 shell/lib.a(ash.o)
 .text.raise_error_unexpected_syntax
                0x000202d8       0x6c shell/lib.a(ash.o)
 .text.nextopt  0x00020344      0x11c shell/lib.a(ash.o)
 .text.cdopt    0x00020460       0x38 shell/lib.a(ash.o)
 .text.pwdcmd   0x00020498       0x58 shell/lib.a(ash.o)
 .text.unsetcmd
                0x000204f0       0x8c shell/lib.a(ash.o)
 .text.unaliascmd
                0x0002057c       0xf8 shell/lib.a(ash.o)
 .text.exportcmd
                0x00020674       0xc0 shell/lib.a(ash.o)
 .text.getjob   0x00020734      0x18c shell/lib.a(ash.o)
 .text.waitcmd  0x000208c0      0x128 shell/lib.a(ash.o)
 .text.killcmd  0x000209e8       0x8c shell/lib.a(ash.o)
 .text.jobscmd  0x00020a74       0x98 shell/lib.a(ash.o)
 .text.fg_bgcmd
                0x00020b0c      0x178 shell/lib.a(ash.o)
 .text.readcmd  0x00020c84       0xe8 shell/lib.a(ash.o)
 .text.letcmd   0x00020d6c       0x44 shell/lib.a(ash.o)
 .text.breakcmd
                0x00020db0       0x8c shell/lib.a(ash.o)
 .text.umaskcmd
                0x00020e3c      0x1c4 shell/lib.a(ash.o)
 .text.setinputfile
                0x00021000       0xf4 shell/lib.a(ash.o)
 .text.cdcmd    0x000210f4      0x3b4 shell/lib.a(ash.o)
 .text.ash_msg_and_raise
                0x000214a8       0x18 shell/lib.a(ash.o)
 .text.shellexec
                0x000214c0      0x11c shell/lib.a(ash.o)
 .text.ash_msg  0x000215dc       0x24 shell/lib.a(ash.o)
 .text.setjobctl
                0x00021600      0x1a8 shell/lib.a(ash.o)
 .text.optschanged
                0x000217a8       0x5c shell/lib.a(ash.o)
 .text.execcmd  0x00021804       0x58 shell/lib.a(ash.o)
 .text.options  0x0002185c      0x2c8 shell/lib.a(ash.o)
 .text.setcmd   0x00021b24       0x80 shell/lib.a(ash.o)
 .text.trapcmd  0x00021ba4      0x144 shell/lib.a(ash.o)
 .text.readtoken1
                0x00021ce8     0x103c shell/lib.a(ash.o)
 .text.parseheredoc
                0x00022d24       0x9c shell/lib.a(ash.o)
 .text.xxreadtoken
                0x00022dc0      0x1b8 shell/lib.a(ash.o)
 .text.readtoken
                0x00022f78       0xe4 shell/lib.a(ash.o)
 .text.parsefname
                0x0002305c      0x14c shell/lib.a(ash.o)
 .text.peektoken
                0x000231a8       0x2c shell/lib.a(ash.o)
 .text.parse_command
                0x000231d4      0x74c shell/lib.a(ash.o)
 .text.pipeline
                0x00023920       0xe8 shell/lib.a(ash.o)
 .text.list     0x00023a08      0x1ac shell/lib.a(ash.o)
 .text.parsecmd
                0x00023bb4       0x64 shell/lib.a(ash.o)
 .text.evalstring
                0x00023c18       0x70 shell/lib.a(ash.o)
 .text.evaltree
                0x00023c88      0x448 shell/lib.a(ash.o)
 .text.argstr   0x000240d0      0x614 shell/lib.a(ash.o)
 .text.expandarg
                0x000246e4      0x46c shell/lib.a(ash.o)
 .text.expredir
                0x00024b50       0xec shell/lib.a(ash.o)
 .text.redirect
                0x00024c3c      0x598 shell/lib.a(ash.o)
 .text.redirectsafe
                0x000251d4       0xbc shell/lib.a(ash.o)
 .text.evalsubshell
                0x00025290       0xd0 shell/lib.a(ash.o)
 .text.subevalvar
                0x00025360      0x5dc shell/lib.a(ash.o)
 .text.evalvar  0x0002593c      0x2e8 shell/lib.a(ash.o)
 .text.evalcase
                0x00025c24      0x160 shell/lib.a(ash.o)
 .text.evalloop
                0x00025d84      0x108 shell/lib.a(ash.o)
 .text.evalfor  0x00025e8c      0x144 shell/lib.a(ash.o)
 .text.evalfun  0x00025fd0      0x20c shell/lib.a(ash.o)
 .text.evalcmd  0x000261dc       0x8c shell/lib.a(ash.o)
 .text.exitshell
                0x00026268       0x90 shell/lib.a(ash.o)
 .text.cmdloop  0x000262f8      0x120 shell/lib.a(ash.o)
 .text.find_command
                0x00026418      0x408 shell/lib.a(ash.o)
 .text.typecmd  0x00026820      0x234 shell/lib.a(ash.o)
 .text.hashcmd  0x00026a54      0x194 shell/lib.a(ash.o)
 .text.evalpipe
                0x00026be8      0x1c4 shell/lib.a(ash.o)
 .text.evalcommand
                0x00026dac      0x500 shell/lib.a(ash.o)
 .text.dotcmd   0x000272ac      0x168 shell/lib.a(ash.o)
 .text.read_profile
                0x00027414       0x34 shell/lib.a(ash.o)
 .text.ash_main
                0x00027448      0x644 shell/lib.a(ash.o)
                0x00027448                ash_main
 .text.endofname
                0x00027a8c       0x60 shell/lib.a(math.o)
                0x00027a8c                endofname
 .text.evaluate_string
                0x00027aec      0x334 shell/lib.a(math.o)
 .text.arith_lookup_val
                0x00027e20       0xa4 shell/lib.a(math.o)
 .text.arith_apply
                0x00027ec4      0x490 shell/lib.a(math.o)
 .text.arith    0x00028354       0x10 shell/lib.a(math.o)
                0x00028354                arith
 .text.printlim.clone.0
                0x00028364       0x60 shell/lib.a(shell_common.o)
 .text.is_well_formed_var_name
                0x000283c4       0x64 shell/lib.a(shell_common.o)
                0x000283c4                is_well_formed_var_name
 .text.shell_builtin_read
                0x00028428      0x4c8 shell/lib.a(shell_common.o)
                0x00028428                shell_builtin_read
 .text.shell_builtin_ulimit
                0x000288f0      0x208 shell/lib.a(shell_common.o)
                0x000288f0                shell_builtin_ulimit
 .text.klogd_setloglevel
                0x00028af8       0x40 sysklogd/lib.a(klogd.o)
 .text.klogd_main
                0x00028b38      0x21c sysklogd/lib.a(klogd.o)
                0x00028b38                klogd_main
 .text.find_by_val
                0x00028d54       0x30 sysklogd/lib.a(syslogd_and_logger.o)
 .text.decode   0x00028d84       0x54 sysklogd/lib.a(syslogd_and_logger.o)
 .text.find_by_name
                0x00028dd8       0x3c sysklogd/lib.a(syslogd_and_logger.o)
 .text.create_socket
                0x00028e14       0xa4 sysklogd/lib.a(syslogd_and_logger.o)
 .text.log_locally
                0x00028eb8      0x204 sysklogd/lib.a(syslogd_and_logger.o)
 .text.timestamp_and_log
                0x000290bc      0x1e0 sysklogd/lib.a(syslogd_and_logger.o)
 .text.timestamp_and_log_internal
                0x0002929c       0x10 sysklogd/lib.a(syslogd_and_logger.o)
 .text.syslogd_main
                0x000292ac      0x5bc sysklogd/lib.a(syslogd_and_logger.o)
                0x000292ac                syslogd_main
 .text.logger_main
                0x00029868      0x1ec sysklogd/lib.a(syslogd_and_logger.o)
                0x00029868                logger_main
 .text.dmesg_main
                0x00029a54      0x138 util-linux/lib.a(dmesg.o)
                0x00029a54                dmesg_main
 .text.fdformat_main
                0x00029b8c      0x270 util-linux/lib.a(fdformat.o)
                0x00029b8c                fdformat_main
 .text.valid_part_table_flag
                0x00029dfc       0x28 util-linux/lib.a(fdisk.o)
 .text.linear2chs
                0x00029e24       0x70 util-linux/lib.a(fdisk.o)
 .text.close_dev_fd
                0x00029e94       0x20 util-linux/lib.a(fdisk.o)
 .text.fdisk_fatal
                0x00029eb4       0x34 util-linux/lib.a(fdisk.o)
 .text.get_start_sect
                0x00029ee8       0x1c util-linux/lib.a(fdisk.o)
 .text.get_partition_start_from_dev_start
                0x00029f04       0x18 util-linux/lib.a(fdisk.o)
 .text.get_nr_sects
                0x00029f1c       0x1c util-linux/lib.a(fdisk.o)
 .text.list_disk_geometry
                0x00029f38      0x128 util-linux/lib.a(fdisk.o)
 .text.open_list_and_close
                0x0002a060      0xd6c util-linux/lib.a(fdisk.o)
 .text.list_devs_in_proc_partititons
                0x0002adcc       0xc8 util-linux/lib.a(fdisk.o)
 .text.fdisk_main
                0x0002ae94      0x140 util-linux/lib.a(fdisk.o)
                0x0002ae94                fdisk_main
 .text.normalize
                0x0002afd4      0x110 util-linux/lib.a(getopt.o)
 .text.generate_output
                0x0002b0e4      0x1c4 util-linux/lib.a(getopt.o)
 .text.getopt_main
                0x0002b2a8      0x330 util-linux/lib.a(getopt.o)
                0x0002b2a8                getopt_main
 .text.print_perms
                0x0002b5d8       0xbc util-linux/lib.a(ipcs.o)
 .text.do_shm   0x0002b694      0x420 util-linux/lib.a(ipcs.o)
 .text.do_sem   0x0002bab4      0x32c util-linux/lib.a(ipcs.o)
 .text.do_msg   0x0002bde0      0x3c4 util-linux/lib.a(ipcs.o)
 .text.ipcs_main
                0x0002c1a4      0x494 util-linux/lib.a(ipcs.o)
                0x0002c1a4                ipcs_main
 .text.losetup_main
                0x0002c638      0x18c util-linux/lib.a(losetup.o)
                0x0002c638                losetup_main
 .text.dirAction
                0x0002c7c4       0x60 util-linux/lib.a(mdev.o)
 .text.make_device
                0x0002c824      0x754 util-linux/lib.a(mdev.o)
 .text.fileAction
                0x0002cf78       0x6c util-linux/lib.a(mdev.o)
 .text.mdev_main
                0x0002cfe4      0x334 util-linux/lib.a(mdev.o)
                0x0002cfe4                mdev_main
 .text.div_roundup
                0x0002d318       0x20 util-linux/lib.a(mkfs_ext2.o)
 .text.has_super
                0x0002d338       0x28 util-linux/lib.a(mkfs_ext2.o)
 .text.allocate
                0x0002d360       0x70 util-linux/lib.a(mkfs_ext2.o)
 .text.PUT      0x0002d3d0       0x44 util-linux/lib.a(mkfs_ext2.o)
 .text.mkfs_ext2_main
                0x0002d414      0xa50 util-linux/lib.a(mkfs_ext2.o)
                0x0002d414                mkfs_ext2_main
 .text.mkfs_reiser_main
                0x0002de64      0x53c util-linux/lib.a(mkfs_reiser.o)
                0x0002de64                mkfs_reiser_main
 .text.mkfs_vfat_main
                0x0002e3a0      0x730 util-linux/lib.a(mkfs_vfat.o)
                0x0002e3a0                mkfs_vfat_main
 .text.verbose_mount
                0x0002ead0       0x80 util-linux/lib.a(mount.o)
 .text.mount_it_now
                0x0002eb50       0xd0 util-linux/lib.a(mount.o)
 .text.error_msg_rpc
                0x0002ec20       0x5c util-linux/lib.a(mount.o)
 .text.parse_mount_options
                0x0002ec7c      0x100 util-linux/lib.a(mount.o)
 .text.append_mount_options
                0x0002ed7c       0xec util-linux/lib.a(mount.o)
 .text.nfs_strerror
                0x0002ee68       0x44 util-linux/lib.a(mount.o)
 .text.daemonize
                0x0002eeac       0x94 util-linux/lib.a(mount.o)
 .text.xdr_fhstatus
                0x0002ef40       0x40 util-linux/lib.a(mount.o)
 .text.xdr_mountres3
                0x0002ef80       0x70 util-linux/lib.a(mount.o)
 .text.xdr_dirpath
                0x0002eff0        0x8 util-linux/lib.a(mount.o)
 .text.nfsmount
                0x0002eff8      0xe9c util-linux/lib.a(mount.o)
 .text.singlemount
                0x0002fe94      0x3d4 util-linux/lib.a(mount.o)
 .text.mount_main
                0x00030268      0x564 util-linux/lib.a(mount.o)
                0x00030268                mount_main
 .text.swap_enable_disable
                0x000307cc       0x68 util-linux/lib.a(swaponoff.o)
 .text.swap_on_off_main
                0x00030834      0x150 util-linux/lib.a(swaponoff.o)
                0x00030834                swap_on_off_main
 .text.umount_main
                0x00030984      0x304 util-linux/lib.a(umount.o)
                0x00030984                umount_main
 .text.gnu_dev_major
                0x00030c88       0x14 archival/lib.a(tar.o)
 .text.gnu_dev_minor
                0x00030c9c       0x18 archival/lib.a(tar.o)
 .text.append_file_list_to_list
                0x00030cb4       0x7c archival/lib.a(tar.o)
 .text.writeTarFile
                0x00030d30       0xc8 archival/lib.a(tar.o)
 .text.putOctal
                0x00030df8       0x5c archival/lib.a(tar.o)
 .text.chksum_and_xwrite
                0x00030e54       0x70 archival/lib.a(tar.o)
 .text.writeLongname
                0x00030ec4       0xf8 archival/lib.a(tar.o)
 .text.writeTarHeader
                0x00030fbc      0x334 archival/lib.a(tar.o)
 .text.writeFileToTarball
                0x000312f0      0x2c8 archival/lib.a(tar.o)
 .text.tar_main
                0x000315b8      0x2a4 archival/lib.a(tar.o)
                0x000315b8                tar_main
 .text.data_extract_all
                0x0003185c      0x3e0 archival/libarchive/lib.a(data_extract_all.o)
                0x0003185c                data_extract_all
 .text.data_extract_to_stdout
                0x00031c3c       0x14 archival/libarchive/lib.a(data_extract_to_stdout.o)
                0x00031c3c                data_extract_to_stdout
 .text.data_skip
                0x00031c50       0x1c archival/libarchive/lib.a(data_skip.o)
                0x00031c50                data_skip
 .text.filter_accept_reject_list
                0x00031c6c       0x54 archival/libarchive/lib.a(filter_accept_reject_list.o)
                0x00031c6c                filter_accept_reject_list
 .text.find_list_entry
                0x00031cc0       0x3c archival/libarchive/lib.a(find_list_entry.o)
                0x00031cc0                find_list_entry
 .text.find_list_entry2
                0x00031cfc       0xac archival/libarchive/lib.a(find_list_entry.o)
                0x00031cfc                find_list_entry2
 .text.getOctal
                0x00031da8       0xa0 archival/libarchive/lib.a(get_header_tar.o)
 .text.get_header_tar
                0x00031e48      0x668 archival/libarchive/lib.a(get_header_tar.o)
                0x00031e48                get_header_tar
 .text.header_list
                0x000324b0        0x8 archival/libarchive/lib.a(header_list.o)
                0x000324b0                header_list
 .text.header_verbose_list
                0x000324b8       0xec archival/libarchive/lib.a(header_verbose_list.o)
                0x000324b8                header_verbose_list
 .text.init_handle
                0x000325a4       0x54 archival/libarchive/lib.a(init_handle.o)
                0x000325a4                init_handle
 .text.seek_by_jump
                0x000325f8       0x78 archival/libarchive/lib.a(seek_by_jump.o)
                0x000325f8                seek_by_jump
 .text.seek_by_read
                0x00032670       0x10 archival/libarchive/lib.a(seek_by_read.o)
                0x00032670                seek_by_read
 .text.data_align
                0x00032680       0x6c archival/libarchive/lib.a(data_align.o)
                0x00032680                data_align
 .text.filter_accept_all
                0x000326ec       0x14 archival/libarchive/lib.a(filter_accept_all.o)
                0x000326ec                filter_accept_all
 .text.header_skip
                0x00032700        0x4 archival/libarchive/lib.a(header_skip.o)
                0x00032700                header_skip
 .text.basename_main
                0x00032704       0x88 coreutils/lib.a(basename.o)
                0x00032704                basename_main
 .text.bb_cat   0x0003278c       0x74 coreutils/lib.a(cat.o)
                0x0003278c                bb_cat
 .text.cat_main
                0x00032800       0x30 coreutils/lib.a(cat.o)
                0x00032800                cat_main
 .text.chgrp_main
                0x00032830       0x54 coreutils/lib.a(chgrp.o)
                0x00032830                chgrp_main
 .text.fileAction
                0x00032884       0x90 coreutils/lib.a(chmod.o)
 .text.chmod_main
                0x00032914       0xe8 coreutils/lib.a(chmod.o)
                0x00032914                chmod_main
 .text.fileAction
                0x000329fc       0x54 coreutils/lib.a(chown.o)
 .text.chown_main
                0x00032a50       0xc8 coreutils/lib.a(chown.o)
                0x00032a50                chown_main
 .text.chroot_main
                0x00032b18       0x70 coreutils/lib.a(chroot.o)
                0x00032b18                chroot_main
 .text.cp_main  0x00032b88      0x144 coreutils/lib.a(cp.o)
                0x00032b88                cp_main
 .text.cmpfunc  0x00032ccc       0x10 coreutils/lib.a(cut.o)
 .text.cut_main
                0x00032cdc      0x4c4 coreutils/lib.a(cut.o)
                0x00032cdc                cut_main
 .text.maybe_set_utc
                0x000331a0       0x14 coreutils/lib.a(date.o)
 .text.date_main
                0x000331b4      0x378 coreutils/lib.a(date.o)
                0x000331b4                date_main
 .text.write_and_stats
                0x0003352c       0xb0 coreutils/lib.a(dd.o)
 .text.dd_output_status
                0x000335dc       0xfc coreutils/lib.a(dd.o)
 .text.dd_main  0x000336d8      0x4d0 coreutils/lib.a(dd.o)
                0x000336d8                dd_main
 .text.echo_main
                0x00033ba8      0x15c coreutils/lib.a(echo.o)
                0x00033ba8                echo_main
 .text.env_main
                0x00033d04      0x124 coreutils/lib.a(env.o)
                0x00033d04                env_main
 .text.null     0x00033e28       0x44 coreutils/lib.a(expr.o)
 .text.tostring
                0x00033e6c       0x34 coreutils/lib.a(expr.o)
 .text.int_value
                0x00033ea0       0x18 coreutils/lib.a(expr.o)
 .text.str_value
                0x00033eb8       0x30 coreutils/lib.a(expr.o)
 .text.docolon  0x00033ee8      0x114 coreutils/lib.a(expr.o)
 .text.toarith  0x00033ffc       0x60 coreutils/lib.a(expr.o)
 .text.arithmetic_common
                0x0003405c       0x94 coreutils/lib.a(expr.o)
 .text.freev    0x000340f0       0x28 coreutils/lib.a(expr.o)
 .text.nextarg  0x00034118       0x44 coreutils/lib.a(expr.o)
 .text.eval     0x0003415c       0x70 coreutils/lib.a(expr.o)
 .text.eval6    0x000341cc      0x264 coreutils/lib.a(expr.o)
 .text.eval5    0x00034430       0x6c coreutils/lib.a(expr.o)
 .text.eval4    0x0003449c       0xa0 coreutils/lib.a(expr.o)
 .text.eval3    0x0003453c       0x8c coreutils/lib.a(expr.o)
 .text.eval2    0x000345c8      0x1b0 coreutils/lib.a(expr.o)
 .text.eval1    0x00034778       0x90 coreutils/lib.a(expr.o)
 .text.expr_main
                0x00034808       0x90 coreutils/lib.a(expr.o)
                0x00034808                expr_main
 .text.false_main
                0x00034898        0x8 coreutils/lib.a(false.o)
                0x00034898                false_main
 .text.fsync_main
                0x000348a0       0xac coreutils/lib.a(fsync.o)
                0x000348a0                fsync_main
 .text.head_main
                0x0003494c      0x15c coreutils/lib.a(head.o)
                0x0003494c                head_main
 .text.hostid_main
                0x00034aa8       0x30 coreutils/lib.a(hostid.o)
                0x00034aa8                hostid_main
 .text.install_main
                0x00034ad8      0x2ac coreutils/lib.a(install.o)
                0x00034ad8                install_main
 .text.ln_main  0x00034d84      0x220 coreutils/lib.a(ln.o)
                0x00034d84                ln_main
 .text.logname_main
                0x00034fa4       0x50 coreutils/lib.a(logname.o)
                0x00034fa4                logname_main
 .text.append_char
                0x00034ff4       0x60 coreutils/lib.a(ls.o)
 .text.count_dirs
                0x00035054       0x84 coreutils/lib.a(ls.o)
 .text.my_stat  0x000350d8       0xb0 coreutils/lib.a(ls.o)
 .text.dnalloc  0x00035188       0x18 coreutils/lib.a(ls.o)
 .text.splitdnarray
                0x000351a0       0xa4 coreutils/lib.a(ls.o)
 .text.print_name
                0x00035244       0xa0 coreutils/lib.a(ls.o)
 .text.list_single
                0x000352e4      0x39c coreutils/lib.a(ls.o)
 .text.showfiles
                0x00035680      0x1d8 coreutils/lib.a(ls.o)
 .text.dnsort   0x00035858       0x10 coreutils/lib.a(ls.o)
 .text.sortcmp  0x00035868       0xe0 coreutils/lib.a(ls.o)
 .text.showdirs
                0x00035948      0x1fc coreutils/lib.a(ls.o)
 .text.ls_main  0x00035b44      0x30c coreutils/lib.a(ls.o)
                0x00035b44                ls_main
 .text.mkdir_main
                0x00035e50       0xbc coreutils/lib.a(mkdir.o)
                0x00035e50                mkdir_main
 .text.mknod_main
                0x00035f0c       0xec coreutils/lib.a(mknod.o)
                0x00035f0c                mknod_main
 .text.mv_main  0x00035ff8      0x24c coreutils/lib.a(mv.o)
                0x00035ff8                mv_main
 .text.printenv_main
                0x00036244       0x6c coreutils/lib.a(printenv.o)
                0x00036244                printenv_main
 .text.get_width_prec
                0x000362b0       0x44 coreutils/lib.a(printf.o)
 .text.multiconvert
                0x000362f4       0x70 coreutils/lib.a(printf.o)
 .text.print_direc
                0x00036364      0x264 coreutils/lib.a(printf.o)
 .text.conv_strtoll
                0x000365c8       0x1c coreutils/lib.a(printf.o)
 .text.conv_strtoull
                0x000365e4       0x4c coreutils/lib.a(printf.o)
 .text.conv_strtod
                0x00036630       0x48 coreutils/lib.a(printf.o)
 .text.printf_main
                0x00036678      0x3b8 coreutils/lib.a(printf.o)
                0x00036678                printf_main
 .text.pwd_main
                0x00036a30       0x30 coreutils/lib.a(pwd.o)
                0x00036a30                pwd_main
 .text.rm_main  0x00036a60       0xe8 coreutils/lib.a(rm.o)
                0x00036a60                rm_main
 .text.sleep_main
                0x00036b48       0x24 coreutils/lib.a(sleep.o)
                0x00036b48                sleep_main
 .text.str2u    0x00036b6c       0x3c coreutils/lib.a(sort.o)
 .text.add_key  0x00036ba8       0x34 coreutils/lib.a(sort.o)
 .text.get_key  0x00036bdc      0x298 coreutils/lib.a(sort.o)
 .text.compare_keys
                0x00036e74      0x3c0 coreutils/lib.a(sort.o)
 .text.sort_main
                0x00037234      0x420 coreutils/lib.a(sort.o)
                0x00037234                sort_main
 .text.mode_type_flag
                0x00037654       0x1c coreutils/lib.a(stty.o)
 .text.set_mode
                0x00037670      0x414 coreutils/lib.a(stty.o)
 .text.find_mode
                0x00037a84       0x2c coreutils/lib.a(stty.o)
 .text.find_control
                0x00037ab0       0x2c coreutils/lib.a(stty.o)
 .text.find_param
                0x00037adc       0x30 coreutils/lib.a(stty.o)
 .text.set_control_char_or_die
                0x00037b0c       0xc8 coreutils/lib.a(stty.o)
 .text.perror_on_device
                0x00037bd4       0x10 coreutils/lib.a(stty.o)
 .text.wrapf    0x00037be4       0xd0 coreutils/lib.a(stty.o)
 .text.display_window_size
                0x00037cb4       0x84 coreutils/lib.a(stty.o)
 .text.newline  0x00037d38       0x20 coreutils/lib.a(stty.o)
 .text.set_window_size
                0x00037d58       0x94 coreutils/lib.a(stty.o)
 .text.display_speed
                0x00037dec       0x74 coreutils/lib.a(stty.o)
 .text.recover_mode
                0x00037e60       0xd0 coreutils/lib.a(stty.o)
 .text.set_speed_or_die
                0x00037f30       0x48 coreutils/lib.a(stty.o)
 .text.perror_on_device_and_die
                0x00037f78       0x14 coreutils/lib.a(stty.o)
 .text.display_recoverable
                0x00037f8c       0x54 coreutils/lib.a(stty.o)
 .text.do_display
                0x00037fe0      0x20c coreutils/lib.a(stty.o)
 .text.stty_main
                0x000381ec      0x534 coreutils/lib.a(stty.o)
                0x000381ec                stty_main
 .text.sync_main
                0x00038720       0x10 coreutils/lib.a(sync.o)
                0x00038720                sync_main
 .text.check_operator
                0x00038730       0x54 coreutils/lib.a(test.o)
 .text.syntax   0x00038784       0x54 coreutils/lib.a(test.o)
 .text.getn     0x000387d8       0x84 coreutils/lib.a(test.o)
 .text.binop    0x0003885c      0x25c coreutils/lib.a(test.o)
 .text.nexpr    0x00038ab8      0x40c coreutils/lib.a(test.o)
 .text.aexpr    0x00038ec4       0x80 coreutils/lib.a(test.o)
 .text.oexpr    0x00038f44       0x80 coreutils/lib.a(test.o)
 .text.test_main
                0x00038fc4      0x140 coreutils/lib.a(test.o)
                0x00038fc4                test_main
 .text.touch_main
                0x00039104       0xbc coreutils/lib.a(touch.o)
                0x00039104                touch_main
 .text.complement
                0x000391c0       0x68 coreutils/lib.a(tr.o)
 .text.expand   0x00039228      0x364 coreutils/lib.a(tr.o)
 .text.tr_main  0x0003958c      0x224 coreutils/lib.a(tr.o)
                0x0003958c                tr_main
 .text.true_main
                0x000397b0        0x8 coreutils/lib.a(true.o)
                0x000397b0                true_main
 .text.tty_main
                0x000397b8       0x40 coreutils/lib.a(tty.o)
                0x000397b8                tty_main
 .text.uniq_main
                0x000397f8      0x200 coreutils/lib.a(uniq.o)
                0x000397f8                uniq_main
 .text.usleep_main
                0x000399f8       0x2c coreutils/lib.a(usleep.o)
                0x000399f8                usleep_main
 .text.read_stduu
                0x00039a24      0x124 coreutils/lib.a(uudecode.o)
 .text.uudecode_main
                0x00039b48      0x18c coreutils/lib.a(uudecode.o)
                0x00039b48                uudecode_main
 .text.uuencode_main
                0x00039cd4      0x194 coreutils/lib.a(uuencode.o)
                0x00039cd4                uuencode_main
 .text.wc_main  0x00039e68      0x2f0 coreutils/lib.a(wc.o)
                0x00039e68                wc_main
 .text.yes_main
                0x0003a158       0x74 coreutils/lib.a(yes.o)
                0x0003a158                yes_main
 .text.cp_mv_stat2
                0x0003a1cc       0x68 coreutils/libcoreutils/lib.a(cp_mv_stat.o)
                0x0003a1cc                cp_mv_stat2
 .text.cp_mv_stat
                0x0003a234        0xc coreutils/libcoreutils/lib.a(cp_mv_stat.o)
                0x0003a234                cp_mv_stat
 .text.getopt_mk_fifo_nod
                0x0003a240       0x58 coreutils/libcoreutils/lib.a(getopt_mk_fifo_nod.o)
                0x0003a240                getopt_mk_fifo_nod
 .text.check    0x0003a298      0x16c debianutils/lib.a(start_stop_daemon.o)
 .text.start_stop_daemon_main
                0x0003a404      0x4c0 debianutils/lib.a(start_stop_daemon.o)
                0x0003a404                start_stop_daemon_main
 .text.line_compar
                0x0003a8c4       0x20 editors/lib.a(diff.o)
 .text.print_status
                0x0003a8e4       0x6c editors/lib.a(diff.o)
 .text.add_to_dirlist
                0x0003a950       0x60 editors/lib.a(diff.o)
 .text.skip_dir
                0x0003a9b0       0xbc editors/lib.a(diff.o)
 .text.seek_ft  0x0003aa6c       0x38 editors/lib.a(diff.o)
 .text.read_token
                0x0003aaa4       0xf0 editors/lib.a(diff.o)
 .text.create_J
                0x0003ab94      0x848 editors/lib.a(diff.o)
 .text.fetch    0x0003b3dc      0x13c editors/lib.a(diff.o)
 .text.diffreg  0x0003b518      0x608 editors/lib.a(diff.o)
 .text.diff_main
                0x0003bb20      0x5e0 editors/lib.a(diff.o)
                0x0003bb20                diff_main
 .text.parse_escapes
                0x0003c100       0x78 editors/lib.a(sed.o)
 .text.index_of_next_unescaped_regexp_delim
                0x0003c178       0xb8 editors/lib.a(sed.o)
 .text.copy_parsing_escapes
                0x0003c230       0x5c editors/lib.a(sed.o)
 .text.parse_regex_delim
                0x0003c28c       0x80 editors/lib.a(sed.o)
 .text.get_address
                0x0003c30c       0xe8 editors/lib.a(sed.o)
 .text.parse_file_cmd
                0x0003c3f4       0xa0 editors/lib.a(sed.o)
 .text.add_cmd  0x0003c494      0x5c8 editors/lib.a(sed.o)
 .text.add_cmd_block
                0x0003ca5c       0x8c editors/lib.a(sed.o)
 .text.add_input_file
                0x0003cae8       0x3c editors/lib.a(sed.o)
 .text.flush_append
                0x0003cb24       0x44 editors/lib.a(sed.o)
 .text.pipe_putc
                0x0003cb68       0x54 editors/lib.a(sed.o)
 .text.append   0x0003cbbc       0x1c editors/lib.a(sed.o)
 .text.get_next_line
                0x0003cbd8       0xc8 editors/lib.a(sed.o)
 .text.puts_maybe_newline
                0x0003cca0       0xac editors/lib.a(sed.o)
 .text.cleanup_outname